
================================================================================
STATISTICS after 10.0s
--------------------------------------------------------------------------------
total frames: 116

by frame type:
  management: 97
  control: 15
  data: 4

by frame subtype:
  beacon: 87
  ack: 15
  probe_response: 7
  probe_request: 3
  null_data: 3
  data: 1

unique SSIDs: 1
unique BSSIDs: 2
================================================================================

================================================================================
STATISTICS after 20.0s
--------------------------------------------------------------------------------
total frames: 238

by frame type:
  management: 181
  control: 40
  data: 17

by frame subtype:
  beacon: 171
  ack: 37
  data: 11
  probe_response: 7
  null_data: 5
  probe_request: 3
  rts: 1
  cts: 1
  qos_data: 1
  block_ack: 1

unique SSIDs: 1
unique BSSIDs: 5
================================================================================

================================================================================
STATISTICS after 30.1s
--------------------------------------------------------------------------------
total frames: 361

by frame type:
  management: 274
  control: 62
  data: 25

by frame subtype:
  beacon: 260
  ack: 53
  data: 17
  probe_response: 9
  probe_request: 5
  null_data: 5
  rts: 3
  cts: 3
  qos_data: 3
  block_ack: 3

unique SSIDs: 1
unique BSSIDs: 6
================================================================================

================================================================================
STATISTICS after 40.1s
--------------------------------------------------------------------------------
total frames: 476

by frame type:
  management: 362
  control: 81
  data: 33

by frame subtype:
  beacon: 346
  ack: 72
  data: 19
  null_data: 11
  probe_response: 9
  probe_request: 5
  rts: 3
  cts: 3
  qos_data: 3
  block_ack: 3
  action: 2

unique SSIDs: 1
unique BSSIDs: 6
================================================================================

================================================================================
STATISTICS after 50.2s
--------------------------------------------------------------------------------
total frames: 588

by frame type:
  management: 448
  control: 96
  data: 44

by frame subtype:
  beacon: 432
  ack: 87
  data: 21
  null_data: 18
  probe_response: 9
  probe_request: 5
  rts: 3
  cts: 3
  qos_data: 3
  block_ack: 3
  action: 2
  qos_null: 2

unique SSIDs: 1
unique BSSIDs: 6
================================================================================

================================================================================
STATISTICS after 60.2s
--------------------------------------------------------------------------------
total frames: 710

by frame type:
  management: 540
  control: 117
  data: 53

by frame subtype:
  beacon: 524
  ack: 105
  data: 24
  null_data: 23
  probe_response: 9
  probe_request: 5
  rts: 4
  cts: 4
  qos_data: 4
  block_ack: 4
  action: 2
  qos_null: 2

unique SSIDs: 1
unique BSSIDs: 6
================================================================================

================================================================================
STATISTICS after 70.3s
--------------------------------------------------------------------------------
total frames: 824

by frame type:
  management: 626
  control: 134
  data: 64

by frame subtype:
  beacon: 607
  ack: 122
  data: 30
  null_data: 28
  probe_response: 12
  probe_request: 5
  rts: 4
  cts: 4
  qos_data: 4
  block_ack: 4
  action: 2
  qos_null: 2

unique SSIDs: 1
unique BSSIDs: 6
================================================================================

================================================================================
STATISTICS after 80.4s
--------------------------------------------------------------------------------
total frames: 980

by frame type:
  management: 723
  control: 173
  data: 84

by frame subtype:
  beacon: 693
  ack: 161
  data: 49
  null_data: 29
  probe_response: 17
  probe_request: 11
  rts: 4
  cts: 4
  qos_data: 4
  block_ack: 4
  action: 2
  qos_null: 2

unique SSIDs: 1
unique BSSIDs: 6
================================================================================

================================================================================
STATISTICS after 90.4s
--------------------------------------------------------------------------------
total frames: 1107

by frame type:
  management: 810
  control: 200
  data: 97

by frame subtype:
  beacon: 780
  ack: 179
  data: 56
  null_data: 32
  probe_response: 17
  probe_request: 11
  rts: 7
  cts: 7
  qos_data: 7
  block_ack: 7
  action: 2
  qos_null: 2

unique SSIDs: 1
unique BSSIDs: 7
================================================================================

================================================================================
STATISTICS after 100.4s
--------------------------------------------------------------------------------
total frames: 1240

by frame type:
  management: 908
  control: 223
  data: 109

by frame subtype:
  beacon: 868
  ack: 199
  data: 57
  null_data: 42
  probe_response: 22
  probe_request: 15
  rts: 8
  cts: 8
  qos_data: 8
  block_ack: 8
  action: 3
  qos_null: 2

unique SSIDs: 1
unique BSSIDs: 7
================================================================================

================================================================================
STATISTICS after 110.5s
--------------------------------------------------------------------------------
total frames: 1380

by frame type:
  management: 998
  control: 247
  data: 135

by frame subtype:
  beacon: 958
  ack: 221
  data: 63
  null_data: 60
  probe_response: 22
  probe_request: 15
  cts: 9
  block_ack: 9
  rts: 8
  qos_data: 8
  qos_null: 4
  action: 3

unique SSIDs: 1
unique BSSIDs: 7
================================================================================

================================================================================
STATISTICS after 120.5s
--------------------------------------------------------------------------------
total frames: 1502

by frame type:
  management: 1078
  control: 267
  data: 157

by frame subtype:
  beacon: 1038
  ack: 241
  null_data: 80
  data: 65
  probe_response: 22
  probe_request: 15
  cts: 9
  block_ack: 9
  rts: 8
  qos_data: 8
  qos_null: 4
  action: 3

unique SSIDs: 1
unique BSSIDs: 7
================================================================================

!!!!!!!!!!!!!!!!!!!!!!!!!!!!!!!!!!!!!!!!!!!!!!!!!!!!!!!!!!!!!!!!!!!!!!!!!!!!!!!!
[ALERT] ALERT-000001 | RTS_CTS_FLOOD_GLOBAL
severity: MEDIUM
time: 2026-05-16T16:10:46.655772
message: Wykryto możliwy RTS/CTS Flood: 100 ramek RTS oraz 46 ramek CTS w oknie 5s.
evidence: {'rts_count': 100, 'cts_count': 46, 'combined_count': 146, 'window_seconds': 5, 'rts_count_threshold': 100, 'cts_count_threshold': 100, 'combined_count_threshold': 150, 'triggered_reasons': ['high_rts_rate'], 'unique_source_count': 50, 'unique_destination_count': 47, 'sample_sources': ['02:31:a0:6b:e0:f7', '02:01:f1:4a:b8:2d', '02:a2:23:47:04:59', '02:37:e6:1f:52:4e', '02:e9:30:8e:31:28', '02:58:df:ee:0b:a5', '02:1b:a2:9e:59:bb', '02:c4:21:91:64:1d', '02:b3:53:e5:b9:bb', '02:7c:2c:cb:84:54'], 'sample_destinations': ['02:31:a0:6b:e0:f7', '02:01:f1:4a:b8:2d', '02:a2:23:47:04:59', '02:37:e6:1f:52:4e', '02:e9:30:8e:31:28', '02:58:df:ee:0b:a5', '02:1b:a2:9e:59:bb', '02:c4:21:91:64:1d', '02:b3:53:e5:b9:bb', '02:7c:2c:cb:84:54']}
!!!!!!!!!!!!!!!!!!!!!!!!!!!!!!!!!!!!!!!!!!!!!!!!!!!!!!!!!!!!!!!!!!!!!!!!!!!!!!!!


!!!!!!!!!!!!!!!!!!!!!!!!!!!!!!!!!!!!!!!!!!!!!!!!!!!!!!!!!!!!!!!!!!!!!!!!!!!!!!!!
[ALERT] ALERT-000002 | RTS_CTS_FLOOD_GLOBAL
severity: CRITICAL
time: 2026-05-16T16:10:51.671076
message: Wykryto możliwy RTS/CTS Flood: 359 ramek RTS oraz 168 ramek CTS w oknie 5s.
evidence: {'rts_count': 359, 'cts_count': 168, 'combined_count': 527, 'window_seconds': 5, 'rts_count_threshold': 100, 'cts_count_threshold': 100, 'combined_count_threshold': 150, 'triggered_reasons': ['high_rts_rate', 'high_cts_rate', 'high_combined_rts_cts_rate'], 'unique_source_count': 180, 'unique_destination_count': 169, 'sample_sources': ['02:99:ca:ee:70:cc', '02:c5:c7:cc:f6:6e', '02:dd:ab:26:b4:ae', '02:24:77:ce:50:05', '02:f3:0d:14:b2:c5', '02:08:47:81:6d:33', '02:06:fb:c0:20:3d', '02:d0:ac:74:e6:25', '02:9c:39:96:87:a2', '02:8c:82:1d:3b:61'], 'sample_destinations': ['02:99:ca:ee:70:cc', '02:c5:c7:cc:f6:6e', '02:dd:ab:26:b4:ae', '02:f3:0d:14:b2:c5', '02:08:47:81:6d:33', '02:06:fb:c0:20:3d', '02:d0:ac:74:e6:25', '02:9c:39:96:87:a2', '02:8c:82:1d:3b:61', '02:b5:3b:22:a5:77']}
!!!!!!!!!!!!!!!!!!!!!!!!!!!!!!!!!!!!!!!!!!!!!!!!!!!!!!!!!!!!!!!!!!!!!!!!!!!!!!!!


================================================================================
STATISTICS after 130.5s
--------------------------------------------------------------------------------
total frames: 2685

by frame type:
  control: 1348
  management: 1155
  data: 182

by frame subtype:
  beacon: 1115
  rts: 728
  cts: 345
  ack: 265
  null_data: 98
  data: 71
  probe_response: 22
  probe_request: 15
  block_ack: 10
  qos_data: 9
  qos_null: 4
  action: 3

unique SSIDs: 1
unique BSSIDs: 7
================================================================================

!!!!!!!!!!!!!!!!!!!!!!!!!!!!!!!!!!!!!!!!!!!!!!!!!!!!!!!!!!!!!!!!!!!!!!!!!!!!!!!!
[ALERT] ALERT-000003 | RTS_CTS_FLOOD_GLOBAL
severity: CRITICAL
time: 2026-05-16T16:10:56.707208
message: Wykryto możliwy RTS/CTS Flood: 354 ramek RTS oraz 167 ramek CTS w oknie 5s.
evidence: {'rts_count': 354, 'cts_count': 167, 'combined_count': 521, 'window_seconds': 5, 'rts_count_threshold': 100, 'cts_count_threshold': 100, 'combined_count_threshold': 150, 'triggered_reasons': ['high_rts_rate', 'high_cts_rate', 'high_combined_rts_cts_rate'], 'unique_source_count': 178, 'unique_destination_count': 168, 'sample_sources': ['02:d1:b6:f8:64:55', '02:3d:07:c4:f0:e0', '02:4f:06:6d:ec:96', '02:f5:7c:2d:f0:73', '02:84:3d:59:18:7e', '02:eb:6a:85:d3:44', '02:34:3b:b4:dd:ec', '02:f8:7d:cb:5f:f1', '02:03:7a:cd:7c:01', '02:47:72:f7:c7:c0'], 'sample_destinations': ['02:d1:b6:f8:64:55', '02:3d:07:c4:f0:e0', '02:4f:06:6d:ec:96', '02:f5:7c:2d:f0:73', '02:84:3d:59:18:7e', '02:eb:6a:85:d3:44', '02:34:3b:b4:dd:ec', '02:f8:7d:cb:5f:f1', '02:03:7a:cd:7c:01', '02:47:72:f7:c7:c0']}
!!!!!!!!!!!!!!!!!!!!!!!!!!!!!!!!!!!!!!!!!!!!!!!!!!!!!!!!!!!!!!!!!!!!!!!!!!!!!!!!


!!!!!!!!!!!!!!!!!!!!!!!!!!!!!!!!!!!!!!!!!!!!!!!!!!!!!!!!!!!!!!!!!!!!!!!!!!!!!!!!
[ALERT] ALERT-000004 | RTS_CTS_FLOOD_GLOBAL
severity: CRITICAL
time: 2026-05-16T16:11:01.723187
message: Wykryto możliwy RTS/CTS Flood: 359 ramek RTS oraz 177 ramek CTS w oknie 5s.
evidence: {'rts_count': 359, 'cts_count': 177, 'combined_count': 536, 'window_seconds': 5, 'rts_count_threshold': 100, 'cts_count_threshold': 100, 'combined_count_threshold': 150, 'triggered_reasons': ['high_rts_rate', 'high_cts_rate', 'high_combined_rts_cts_rate'], 'unique_source_count': 178, 'unique_destination_count': 171, 'sample_sources': ['02:22:52:27:8f:e2', '02:4c:d6:02:f9:bb', '02:4d:e5:c8:70:84', '02:1c:4e:7c:c2:ea', '02:60:2d:b7:f3:d9', '02:9c:0f:5c:de:e3', '02:93:06:35:ae:cb', '02:dd:15:a7:12:07', '02:fa:45:04:fc:ba', '02:b2:cd:45:56:4e'], 'sample_destinations': ['02:22:52:27:8f:e2', '02:4c:d6:02:f9:bb', '02:4d:e5:c8:70:84', '02:1c:4e:7c:c2:ea', '02:60:2d:b7:f3:d9', '02:9c:0f:5c:de:e3', '02:93:06:35:ae:cb', '02:dd:15:a7:12:07', '02:fa:45:04:fc:ba', '02:b2:cd:45:56:4e']}
!!!!!!!!!!!!!!!!!!!!!!!!!!!!!!!!!!!!!!!!!!!!!!!!!!!!!!!!!!!!!!!!!!!!!!!!!!!!!!!!


================================================================================
STATISTICS after 140.5s
--------------------------------------------------------------------------------
total frames: 3997

by frame type:
  control: 2488
  management: 1247
  data: 262

by frame subtype:
  rts: 1444
  beacon: 1202
  cts: 697
  ack: 329
  data: 121
  null_data: 120
  probe_response: 25
  block_ack: 18
  probe_request: 17
  qos_data: 17
  qos_null: 4
  action: 3

unique SSIDs: 1
unique BSSIDs: 9
================================================================================

!!!!!!!!!!!!!!!!!!!!!!!!!!!!!!!!!!!!!!!!!!!!!!!!!!!!!!!!!!!!!!!!!!!!!!!!!!!!!!!!
[ALERT] ALERT-000005 | RTS_CTS_FLOOD_GLOBAL
severity: CRITICAL
time: 2026-05-16T16:11:06.731221
message: Wykryto możliwy RTS/CTS Flood: 353 ramek RTS oraz 172 ramek CTS w oknie 5s.
evidence: {'rts_count': 353, 'cts_count': 172, 'combined_count': 525, 'window_seconds': 5, 'rts_count_threshold': 100, 'cts_count_threshold': 100, 'combined_count_threshold': 150, 'triggered_reasons': ['high_rts_rate', 'high_cts_rate', 'high_combined_rts_cts_rate'], 'unique_source_count': 177, 'unique_destination_count': 173, 'sample_sources': ['02:f9:04:ac:53:29', '02:31:1c:3b:64:58', '02:2c:7c:36:91:99', '02:cc:5c:e3:df:7e', '02:1d:13:da:82:9b', '02:b2:a1:9d:c4:94', '02:05:45:81:f7:0b', '02:6f:77:df:80:29', '02:2e:e1:6d:2c:ad', '02:a4:dc:c6:75:b6'], 'sample_destinations': ['02:f9:04:ac:53:29', '02:31:1c:3b:64:58', '02:2c:7c:36:91:99', '02:cc:5c:e3:df:7e', '02:1d:13:da:82:9b', '02:b2:a1:9d:c4:94', '02:05:45:81:f7:0b', '02:6f:77:df:80:29', '02:2e:e1:6d:2c:ad', '02:a4:dc:c6:75:b6']}
!!!!!!!!!!!!!!!!!!!!!!!!!!!!!!!!!!!!!!!!!!!!!!!!!!!!!!!!!!!!!!!!!!!!!!!!!!!!!!!!


!!!!!!!!!!!!!!!!!!!!!!!!!!!!!!!!!!!!!!!!!!!!!!!!!!!!!!!!!!!!!!!!!!!!!!!!!!!!!!!!
[ALERT] ALERT-000006 | RTS_CTS_FLOOD_GLOBAL
severity: CRITICAL
time: 2026-05-16T16:11:11.739218
message: Wykryto możliwy RTS/CTS Flood: 353 ramek RTS oraz 171 ramek CTS w oknie 5s.
evidence: {'rts_count': 353, 'cts_count': 171, 'combined_count': 524, 'window_seconds': 5, 'rts_count_threshold': 100, 'cts_count_threshold': 100, 'combined_count_threshold': 150, 'triggered_reasons': ['high_rts_rate', 'high_cts_rate', 'high_combined_rts_cts_rate'], 'unique_source_count': 177, 'unique_destination_count': 172, 'sample_sources': ['02:c8:ed:c1:0b:5d', '02:49:d4:6c:3c:a3', '02:b8:32:fa:1f:03', '02:6e:60:6a:31:e1', '02:84:13:7a:4e:5b', '02:27:0c:a8:1a:50', '02:d3:69:c3:01:a1', '02:ff:ea:07:6c:58', '02:9d:f5:53:34:78', '02:d0:b6:5d:6d:cb'], 'sample_destinations': ['02:c8:ed:c1:0b:5d', '02:49:d4:6c:3c:a3', '02:b8:32:fa:1f:03', '02:6e:60:6a:31:e1', '02:84:13:7a:4e:5b', '02:27:0c:a8:1a:50', '02:d3:69:c3:01:a1', '02:ff:ea:07:6c:58', '02:9d:f5:53:34:78', '02:d0:b6:5d:6d:cb']}
!!!!!!!!!!!!!!!!!!!!!!!!!!!!!!!!!!!!!!!!!!!!!!!!!!!!!!!!!!!!!!!!!!!!!!!!!!!!!!!!


================================================================================
STATISTICS after 150.5s
--------------------------------------------------------------------------------
total frames: 5213

by frame type:
  control: 3569
  management: 1352
  data: 292

by frame subtype:
  rts: 2146
  beacon: 1296
  cts: 1037
  ack: 366
  null_data: 136
  data: 131
  probe_response: 33
  qos_data: 21
  probe_request: 20
  block_ack: 20
  qos_null: 4
  action: 3

unique SSIDs: 1
unique BSSIDs: 9
================================================================================

!!!!!!!!!!!!!!!!!!!!!!!!!!!!!!!!!!!!!!!!!!!!!!!!!!!!!!!!!!!!!!!!!!!!!!!!!!!!!!!!
[ALERT] ALERT-000007 | RTS_CTS_FLOOD_GLOBAL
severity: CRITICAL
time: 2026-05-16T16:11:16.739225
message: Wykryto możliwy RTS/CTS Flood: 350 ramek RTS oraz 165 ramek CTS w oknie 5s.
evidence: {'rts_count': 350, 'cts_count': 165, 'combined_count': 515, 'window_seconds': 5, 'rts_count_threshold': 100, 'cts_count_threshold': 100, 'combined_count_threshold': 150, 'triggered_reasons': ['high_rts_rate', 'high_cts_rate', 'high_combined_rts_cts_rate'], 'unique_source_count': 177, 'unique_destination_count': 165, 'sample_sources': ['02:f8:8c:b4:5f:64', '02:db:ee:1a:74:c5', '02:3d:2f:ae:7b:39', '02:e3:b7:f1:4d:b9', '02:e8:e3:c7:9b:7e', '02:82:32:53:b5:8c', '02:91:4a:06:12:76', '02:a2:1c:df:9c:9a', '02:01:45:8b:8e:8f', '02:58:0a:67:3f:f8'], 'sample_destinations': ['02:f8:8c:b4:5f:64', '02:db:ee:1a:74:c5', '02:3d:2f:ae:7b:39', '02:e3:b7:f1:4d:b9', '02:e8:e3:c7:9b:7e', '02:82:32:53:b5:8c', '02:91:4a:06:12:76', '02:a2:1c:df:9c:9a', '02:01:45:8b:8e:8f', '02:58:0a:67:3f:f8']}
!!!!!!!!!!!!!!!!!!!!!!!!!!!!!!!!!!!!!!!!!!!!!!!!!!!!!!!!!!!!!!!!!!!!!!!!!!!!!!!!


!!!!!!!!!!!!!!!!!!!!!!!!!!!!!!!!!!!!!!!!!!!!!!!!!!!!!!!!!!!!!!!!!!!!!!!!!!!!!!!!
[ALERT] ALERT-000008 | RTS_CTS_FLOOD_GLOBAL
severity: CRITICAL
time: 2026-05-16T16:11:21.747091
message: Wykryto możliwy RTS/CTS Flood: 356 ramek RTS oraz 167 ramek CTS w oknie 5s.
evidence: {'rts_count': 356, 'cts_count': 167, 'combined_count': 523, 'window_seconds': 5, 'rts_count_threshold': 100, 'cts_count_threshold': 100, 'combined_count_threshold': 150, 'triggered_reasons': ['high_rts_rate', 'high_cts_rate', 'high_combined_rts_cts_rate'], 'unique_source_count': 179, 'unique_destination_count': 167, 'sample_sources': ['02:8a:7d:33:7a:d2', '02:1d:70:14:89:f3', '02:13:47:35:24:8e', '02:4e:9c:99:5d:28', '02:79:60:69:db:7b', '02:7b:a5:8a:59:71', '02:a0:64:8e:4f:79', '02:2f:6c:a2:14:ea', '02:00:37:f8:4f:96', '02:f5:6d:c1:eb:7c'], 'sample_destinations': ['02:8a:7d:33:7a:d2', '02:1d:70:14:89:f3', '02:13:47:35:24:8e', '02:4e:9c:99:5d:28', '02:79:60:69:db:7b', '02:7b:a5:8a:59:71', '02:a0:64:8e:4f:79', '02:2f:6c:a2:14:ea', '02:00:37:f8:4f:96', '02:f5:6d:c1:eb:7c']}
!!!!!!!!!!!!!!!!!!!!!!!!!!!!!!!!!!!!!!!!!!!!!!!!!!!!!!!!!!!!!!!!!!!!!!!!!!!!!!!!


================================================================================
STATISTICS after 160.5s
--------------------------------------------------------------------------------
total frames: 6420

by frame type:
  control: 4648
  management: 1453
  data: 319

by frame subtype:
  rts: 2864
  beacon: 1380
  cts: 1365
  ack: 399
  null_data: 147
  data: 145
  probe_response: 47
  qos_data: 23
  probe_request: 21
  block_ack: 20
  action: 5
  qos_null: 4

unique SSIDs: 1
unique BSSIDs: 9
================================================================================

!!!!!!!!!!!!!!!!!!!!!!!!!!!!!!!!!!!!!!!!!!!!!!!!!!!!!!!!!!!!!!!!!!!!!!!!!!!!!!!!
[ALERT] ALERT-000009 | RTS_CTS_FLOOD_GLOBAL
severity: CRITICAL
time: 2026-05-16T16:11:26.783146
message: Wykryto możliwy RTS/CTS Flood: 361 ramek RTS oraz 162 ramek CTS w oknie 5s.
evidence: {'rts_count': 361, 'cts_count': 162, 'combined_count': 523, 'window_seconds': 5, 'rts_count_threshold': 100, 'cts_count_threshold': 100, 'combined_count_threshold': 150, 'triggered_reasons': ['high_rts_rate', 'high_cts_rate', 'high_combined_rts_cts_rate'], 'unique_source_count': 181, 'unique_destination_count': 163, 'sample_sources': ['02:a8:6a:eb:a3:71', '02:3d:d4:77:87:ff', '02:a0:3e:05:4e:18', '02:5e:5a:50:69:aa', '02:9b:36:d2:ec:cd', '02:ec:4c:0b:92:fd', '02:01:5d:db:49:2d', '02:96:96:80:4d:47', '02:1b:09:c1:16:18', '02:92:b2:0d:71:02'], 'sample_destinations': ['02:a8:6a:eb:a3:71', '02:3d:d4:77:87:ff', '02:5e:5a:50:69:aa', '02:9b:36:d2:ec:cd', '02:ec:4c:0b:92:fd', '02:01:5d:db:49:2d', '02:96:96:80:4d:47', '02:d3:17:f9:d8:0c', '02:e5:f4:18:f6:5e', '02:fd:88:5c:3e:07']}
!!!!!!!!!!!!!!!!!!!!!!!!!!!!!!!!!!!!!!!!!!!!!!!!!!!!!!!!!!!!!!!!!!!!!!!!!!!!!!!!


!!!!!!!!!!!!!!!!!!!!!!!!!!!!!!!!!!!!!!!!!!!!!!!!!!!!!!!!!!!!!!!!!!!!!!!!!!!!!!!!
[ALERT] ALERT-000010 | RTS_CTS_FLOOD_GLOBAL
severity: CRITICAL
time: 2026-05-16T16:11:31.783733
message: Wykryto możliwy RTS/CTS Flood: 351 ramek RTS oraz 160 ramek CTS w oknie 5s.
evidence: {'rts_count': 351, 'cts_count': 160, 'combined_count': 511, 'window_seconds': 5, 'rts_count_threshold': 100, 'cts_count_threshold': 100, 'combined_count_threshold': 150, 'triggered_reasons': ['high_rts_rate', 'high_cts_rate', 'high_combined_rts_cts_rate'], 'unique_source_count': 176, 'unique_destination_count': 161, 'sample_sources': ['02:fd:d9:06:a1:f5', '02:5d:e9:ce:bd:0f', '02:cf:53:a2:3c:fd', '02:03:c2:41:27:83', '02:be:b3:ca:cd:4f', '02:19:28:c4:1a:a6', '02:3a:63:dc:7b:96', '02:1e:4c:6f:1b:df', '02:c3:91:ce:dc:ca', '02:cc:16:3c:6f:9c'], 'sample_destinations': ['02:fd:d9:06:a1:f5', '02:5d:e9:ce:bd:0f', '02:cf:53:a2:3c:fd', '02:03:c2:41:27:83', '02:be:b3:ca:cd:4f', '02:3a:63:dc:7b:96', '02:1e:4c:6f:1b:df', '02:cc:16:3c:6f:9c', '02:c3:61:05:24:f1', '02:b9:44:b7:a2:46']}
!!!!!!!!!!!!!!!!!!!!!!!!!!!!!!!!!!!!!!!!!!!!!!!!!!!!!!!!!!!!!!!!!!!!!!!!!!!!!!!!


================================================================================
STATISTICS after 170.6s
--------------------------------------------------------------------------------
total frames: 7640

by frame type:
  control: 5725
  management: 1547
  data: 368

by frame subtype:
  rts: 3572
  cts: 1691
  beacon: 1464
  ack: 441
  null_data: 174
  data: 165
  probe_response: 55
  qos_data: 24
  probe_request: 23
  block_ack: 21
  action: 5
  qos_null: 5

unique SSIDs: 1
unique BSSIDs: 9
================================================================================

!!!!!!!!!!!!!!!!!!!!!!!!!!!!!!!!!!!!!!!!!!!!!!!!!!!!!!!!!!!!!!!!!!!!!!!!!!!!!!!!
[ALERT] ALERT-000011 | RTS_CTS_FLOOD_GLOBAL
severity: CRITICAL
time: 2026-05-16T16:11:36.791105
message: Wykryto możliwy RTS/CTS Flood: 361 ramek RTS oraz 168 ramek CTS w oknie 5s.
evidence: {'rts_count': 361, 'cts_count': 168, 'combined_count': 529, 'window_seconds': 5, 'rts_count_threshold': 100, 'cts_count_threshold': 100, 'combined_count_threshold': 150, 'triggered_reasons': ['high_rts_rate', 'high_cts_rate', 'high_combined_rts_cts_rate'], 'unique_source_count': 181, 'unique_destination_count': 169, 'sample_sources': ['02:fd:68:35:8c:44', '02:5a:cf:f4:3c:68', '02:e2:93:f8:6a:55', '02:6b:7e:42:87:81', '02:39:ec:b0:98:f5', '02:d3:d5:9f:6c:8c', '02:ce:2b:72:ad:db', '02:c9:39:1a:e2:d4', '02:fa:fd:fa:f3:c2', '02:92:8a:15:42:ed'], 'sample_destinations': ['02:fd:68:35:8c:44', '02:5a:cf:f4:3c:68', '02:e2:93:f8:6a:55', '02:6b:7e:42:87:81', '02:39:ec:b0:98:f5', '02:d3:d5:9f:6c:8c', '02:ce:2b:72:ad:db', '02:fa:fd:fa:f3:c2', '02:92:8a:15:42:ed', '02:43:ce:fb:d4:ae']}
!!!!!!!!!!!!!!!!!!!!!!!!!!!!!!!!!!!!!!!!!!!!!!!!!!!!!!!!!!!!!!!!!!!!!!!!!!!!!!!!


!!!!!!!!!!!!!!!!!!!!!!!!!!!!!!!!!!!!!!!!!!!!!!!!!!!!!!!!!!!!!!!!!!!!!!!!!!!!!!!!
[ALERT] ALERT-000012 | RTS_CTS_FLOOD_GLOBAL
severity: CRITICAL
time: 2026-05-16T16:11:41.811293
message: Wykryto możliwy RTS/CTS Flood: 358 ramek RTS oraz 164 ramek CTS w oknie 5s.
evidence: {'rts_count': 358, 'cts_count': 164, 'combined_count': 522, 'window_seconds': 5, 'rts_count_threshold': 100, 'cts_count_threshold': 100, 'combined_count_threshold': 150, 'triggered_reasons': ['high_rts_rate', 'high_cts_rate', 'high_combined_rts_cts_rate'], 'unique_source_count': 180, 'unique_destination_count': 165, 'sample_sources': ['02:ff:9c:49:6e:58', '02:da:76:6d:60:36', '02:6c:59:e7:33:f7', '02:97:94:42:bf:89', '02:5c:38:f7:cb:36', '02:8a:de:59:a0:d3', '02:3d:2b:12:75:f5', '02:27:98:c0:56:1d', '02:a7:37:a4:a1:36', '02:52:b3:1f:d7:5b'], 'sample_destinations': ['02:ff:9c:49:6e:58', '02:da:76:6d:60:36', '02:6c:59:e7:33:f7', '02:97:94:42:bf:89', '02:5c:38:f7:cb:36', '02:3d:2b:12:75:f5', '02:27:98:c0:56:1d', '02:a7:37:a4:a1:36', '02:52:b3:1f:d7:5b', '02:50:f0:31:a1:26']}
!!!!!!!!!!!!!!!!!!!!!!!!!!!!!!!!!!!!!!!!!!!!!!!!!!!!!!!!!!!!!!!!!!!!!!!!!!!!!!!!


================================================================================
STATISTICS after 180.7s
--------------------------------------------------------------------------------
total frames: 8471

by frame type:
  control: 6449
  management: 1625
  data: 397

by frame subtype:
  rts: 4050
  cts: 1912
  beacon: 1542
  ack: 465
  null_data: 195
  data: 172
  probe_response: 55
  qos_data: 25
  probe_request: 23
  block_ack: 22
  action: 5
  qos_null: 5

unique SSIDs: 1
unique BSSIDs: 9
================================================================================

================================================================================
STATISTICS after 190.8s
--------------------------------------------------------------------------------
total frames: 8591

by frame type:
  control: 6468
  management: 1717
  data: 406

by frame subtype:
  rts: 4050
  cts: 1912
  beacon: 1634
  ack: 484
  null_data: 202
  data: 174
  probe_response: 55
  qos_data: 25
  probe_request: 23
  block_ack: 22
  action: 5
  qos_null: 5

unique SSIDs: 2
unique BSSIDs: 10
================================================================================

================================================================================
STATISTICS after 200.8s
--------------------------------------------------------------------------------
total frames: 8720

by frame type:
  control: 6492
  management: 1810
  data: 418

by frame subtype:
  rts: 4050
  cts: 1912
  beacon: 1724
  ack: 508
  null_data: 208
  data: 180
  probe_response: 58
  qos_data: 25
  probe_request: 23
  block_ack: 22
  action: 5
  qos_null: 5

unique SSIDs: 2
unique BSSIDs: 10
================================================================================

================================================================================
STATISTICS after 210.8s
--------------------------------------------------------------------------------
total frames: 8894

by frame type:
  control: 6539
  management: 1902
  data: 453

by frame subtype:
  rts: 4053
  cts: 1915
  beacon: 1812
  ack: 546
  null_data: 230
  data: 190
  probe_response: 60
  qos_data: 28
  probe_request: 25
  block_ack: 25
  action: 5
  qos_null: 5

unique SSIDs: 2
unique BSSIDs: 10
================================================================================

================================================================================
STATISTICS after 220.9s
--------------------------------------------------------------------------------
total frames: 9027

by frame type:
  control: 6568
  management: 1991
  data: 468

by frame subtype:
  rts: 4053
  cts: 1915
  beacon: 1898
  ack: 575
  null_data: 234
  data: 200
  probe_response: 61
  qos_data: 28
  probe_request: 26
  block_ack: 25
  action: 6
  qos_null: 6

unique SSIDs: 2
unique BSSIDs: 11
================================================================================