
!!!!!!!!!!!!!!!!!!!!!!!!!!!!!!!!!!!!!!!!!!!!!!!!!!!!!!!!!!!!!!!!!!!!!!!!!!!!!!!!
[ALERT] ALERT-000001 | BEACON_FLOOD
severity: MEDIUM
time: 2026-05-16T14:48:22.068693
message: Wykryto możliwy atak Beacon Flood: 100 ramek beacon, 2 unikalnych BSSID, 2 unikalnych SSID w oknie 10s.
evidence: {'beacon_count': 100, 'unique_bssid_count': 2, 'unique_ssid_count': 2, 'window_seconds': 10, 'beacon_count_threshold': 100, 'unique_bssid_threshold': 30, 'unique_ssid_threshold': 20, 'triggered_reasons': ['high_beacon_rate'], 'sample_ssids': ['FunBox2-8124', 'TP-LINK_7122'], 'sample_bssids': ['ac:84:c6:41:71:22', 'd8:d7:75:45:81:24']}
!!!!!!!!!!!!!!!!!!!!!!!!!!!!!!!!!!!!!!!!!!!!!!!!!!!!!!!!!!!!!!!!!!!!!!!!!!!!!!!!


================================================================================
STATISTICS after 10.1s
--------------------------------------------------------------------------------
total frames: 1508

by frame type:
  management: 917
  data: 296
  control: 295

by frame subtype:
  beacon: 873
  ack: 274
  null_data: 208
  data: 72
  probe_response: 24
  probe_request: 16
  qos_data: 12
  rts: 8
  cts: 7
  block_ack: 6
  action: 4
  qos_null: 4

unique SSIDs: 4
unique BSSIDs: 9
================================================================================

================================================================================
STATISTICS after 20.1s
--------------------------------------------------------------------------------
total frames: 2080

by frame type:
  management: 1279
  control: 401
  data: 400

by frame subtype:
  beacon: 1226
  ack: 371
  null_data: 292
  data: 89
  probe_response: 27
  probe_request: 20
  qos_data: 15
  rts: 11
  cts: 10
  block_ack: 9
  action: 6
  qos_null: 4

unique SSIDs: 4
unique BSSIDs: 9
================================================================================

================================================================================
STATISTICS after 30.2s
--------------------------------------------------------------------------------
total frames: 3253

by frame type:
  management: 2036
  control: 620
  data: 597

by frame subtype:
  beacon: 1918
  ack: 572
  null_data: 442
  data: 128
  probe_response: 66
  probe_request: 43
  qos_data: 21
  rts: 18
  cts: 17
  block_ack: 13
  action: 9
  qos_null: 6

unique SSIDs: 5
unique BSSIDs: 9
================================================================================

!!!!!!!!!!!!!!!!!!!!!!!!!!!!!!!!!!!!!!!!!!!!!!!!!!!!!!!!!!!!!!!!!!!!!!!!!!!!!!!!
[ALERT] ALERT-000002 | BEACON_FLOOD
severity: MEDIUM
time: 2026-05-16T14:50:47.481936
message: Wykryto możliwy atak Beacon Flood: 100 ramek beacon, 2 unikalnych BSSID, 2 unikalnych SSID w oknie 10s.
evidence: {'beacon_count': 100, 'unique_bssid_count': 2, 'unique_ssid_count': 2, 'window_seconds': 10, 'beacon_count_threshold': 100, 'unique_bssid_threshold': 30, 'unique_ssid_threshold': 20, 'triggered_reasons': ['high_beacon_rate'], 'sample_ssids': ['FunBox2-8124', 'TP-LINK_7122'], 'sample_bssids': ['ac:84:c6:41:71:22', 'd8:d7:75:45:81:24']}
!!!!!!!!!!!!!!!!!!!!!!!!!!!!!!!!!!!!!!!!!!!!!!!!!!!!!!!!!!!!!!!!!!!!!!!!!!!!!!!!


================================================================================
STATISTICS after 40.2s
--------------------------------------------------------------------------------
total frames: 4219

by frame type:
  management: 2548
  control: 873
  data: 798

by frame subtype:
  beacon: 2387
  ack: 752
  null_data: 554
  data: 173
  probe_response: 93
  qos_data: 65
  probe_request: 57
  rts: 44
  cts: 42
  block_ack: 35
  action: 11
  qos_null: 6

unique SSIDs: 5
unique BSSIDs: 9
================================================================================

================================================================================
STATISTICS after 42.6s
--------------------------------------------------------------------------------
total frames: 4688

by frame type:
  management: 2853
  control: 963
  data: 872

by frame subtype:
  beacon: 2668
  ack: 838
  null_data: 613
  data: 186
  probe_response: 109
  qos_data: 66
  probe_request: 65
  rts: 45
  cts: 44
  block_ack: 36
  action: 11
  qos_null: 7

unique SSIDs: 5
unique BSSIDs: 9
================================================================================

================================================================================
DETECTION SUMMARY
--------------------------------------------------------------------------------
total alerts: 2

by attack type:
  BEACON_FLOOD: 2

by severity:
  MEDIUM: 2
================================================================================
