
!!!!!!!!!!!!!!!!!!!!!!!!!!!!!!!!!!!!!!!!!!!!!!!!!!!!!!!!!!!!!!!!!!!!!!!!!!!!!!!!
[ALERT] ALERT-000001 | BEACON_FLOOD
severity: MEDIUM
time: 2026-05-16T15:02:58.952448
message: Wykryto możliwy atak Beacon Flood: 100 ramek beacon, 2 unikalnych BSSID, 2 unikalnych SSID w oknie 10s.
evidence: {'beacon_count': 100, 'unique_bssid_count': 2, 'unique_ssid_count': 2, 'window_seconds': 10, 'beacon_count_threshold': 100, 'unique_bssid_threshold': 30, 'unique_ssid_threshold': 20, 'triggered_reasons': ['high_beacon_rate'], 'sample_ssids': ['FunBox2-8124', 'TP-LINK_7122'], 'sample_bssids': ['d8:d7:75:45:81:24', 'ac:84:c6:41:71:22']}
!!!!!!!!!!!!!!!!!!!!!!!!!!!!!!!!!!!!!!!!!!!!!!!!!!!!!!!!!!!!!!!!!!!!!!!!!!!!!!!!


!!!!!!!!!!!!!!!!!!!!!!!!!!!!!!!!!!!!!!!!!!!!!!!!!!!!!!!!!!!!!!!!!!!!!!!!!!!!!!!!
[ALERT] ALERT-000002 | BEACON_FLOOD
severity: MEDIUM
time: 2026-05-16T15:03:08.988008
message: Wykryto możliwy atak Beacon Flood: 112 ramek beacon, 2 unikalnych BSSID, 2 unikalnych SSID w oknie 10s.
evidence: {'beacon_count': 112, 'unique_bssid_count': 2, 'unique_ssid_count': 2, 'window_seconds': 10, 'beacon_count_threshold': 100, 'unique_bssid_threshold': 30, 'unique_ssid_threshold': 20, 'triggered_reasons': ['high_beacon_rate'], 'sample_ssids': ['FunBox2-8124', 'TP-LINK_7122'], 'sample_bssids': ['d8:d7:75:45:81:24', 'ac:84:c6:41:71:22']}
!!!!!!!!!!!!!!!!!!!!!!!!!!!!!!!!!!!!!!!!!!!!!!!!!!!!!!!!!!!!!!!!!!!!!!!!!!!!!!!!


!!!!!!!!!!!!!!!!!!!!!!!!!!!!!!!!!!!!!!!!!!!!!!!!!!!!!!!!!!!!!!!!!!!!!!!!!!!!!!!!
[ALERT] ALERT-000003 | BEACON_FLOOD
severity: MEDIUM
time: 2026-05-16T15:03:19.025343
message: Wykryto możliwy atak Beacon Flood: 112 ramek beacon, 2 unikalnych BSSID, 2 unikalnych SSID w oknie 10s.
evidence: {'beacon_count': 112, 'unique_bssid_count': 2, 'unique_ssid_count': 2, 'window_seconds': 10, 'beacon_count_threshold': 100, 'unique_bssid_threshold': 30, 'unique_ssid_threshold': 20, 'triggered_reasons': ['high_beacon_rate'], 'sample_ssids': ['FunBox2-8124', 'TP-LINK_7122'], 'sample_bssids': ['ac:84:c6:41:71:22', 'd8:d7:75:45:81:24']}
!!!!!!!!!!!!!!!!!!!!!!!!!!!!!!!!!!!!!!!!!!!!!!!!!!!!!!!!!!!!!!!!!!!!!!!!!!!!!!!!


!!!!!!!!!!!!!!!!!!!!!!!!!!!!!!!!!!!!!!!!!!!!!!!!!!!!!!!!!!!!!!!!!!!!!!!!!!!!!!!!
[ALERT] ALERT-000004 | RTS_FLOOD_SOURCE
severity: MEDIUM
time: 2026-05-16T15:03:31.665915
message: Wykryto możliwy RTS Flood z pojedynczego źródła: 50 ramek RTS z adresu 8e:8e:6f:93:93:5f w oknie 5s.
evidence: {'source_mac': '8e:8e:6f:93:93:5f', 'rts_count': 50, 'unique_destination_count': 1, 'rts_per_source_threshold': 50, 'window_seconds': 5, 'sample_destinations': ['70:0b:01:45:f0:90']}
!!!!!!!!!!!!!!!!!!!!!!!!!!!!!!!!!!!!!!!!!!!!!!!!!!!!!!!!!!!!!!!!!!!!!!!!!!!!!!!!


!!!!!!!!!!!!!!!!!!!!!!!!!!!!!!!!!!!!!!!!!!!!!!!!!!!!!!!!!!!!!!!!!!!!!!!!!!!!!!!!
[ALERT] ALERT-000005 | RTS_CTS_FLOOD_GLOBAL
severity: MEDIUM
time: 2026-05-16T15:03:32.680703
message: Wykryto możliwy RTS/CTS Flood: 100 ramek RTS oraz 17 ramek CTS w oknie 5s.
evidence: {'rts_count': 100, 'cts_count': 17, 'combined_count': 117, 'window_seconds': 5, 'rts_count_threshold': 100, 'cts_count_threshold': 100, 'combined_count_threshold': 150, 'triggered_reasons': ['high_rts_rate'], 'unique_source_count': 1, 'unique_destination_count': 1, 'sample_sources': ['8e:8e:6f:93:93:5f'], 'sample_destinations': ['70:0b:01:45:f0:90']}
!!!!!!!!!!!!!!!!!!!!!!!!!!!!!!!!!!!!!!!!!!!!!!!!!!!!!!!!!!!!!!!!!!!!!!!!!!!!!!!!


================================================================================
STATISTICS after 10.0s
--------------------------------------------------------------------------------
total frames: 1970

by frame type:
  control: 1108
  management: 539
  data: 323

by frame subtype:
  rts: 554
  beacon: 512
  ack: 383
  null_data: 173
  qos_data: 129
  block_ack: 83
  block_ack_request: 64
  cts: 24
  data: 19
  probe_response: 14
  probe_request: 11
  action: 2
  qos_null: 2

unique SSIDs: 4
unique BSSIDs: 11
================================================================================

!!!!!!!!!!!!!!!!!!!!!!!!!!!!!!!!!!!!!!!!!!!!!!!!!!!!!!!!!!!!!!!!!!!!!!!!!!!!!!!!
[ALERT] ALERT-000006 | RTS_CTS_FLOOD_GLOBAL
severity: CRITICAL
time: 2026-05-16T15:03:38.425595
message: Wykryto możliwy RTS/CTS Flood: 454 ramek RTS oraz 1 ramek CTS w oknie 5s.
evidence: {'rts_count': 454, 'cts_count': 1, 'combined_count': 455, 'window_seconds': 5, 'rts_count_threshold': 100, 'cts_count_threshold': 100, 'combined_count_threshold': 150, 'triggered_reasons': ['high_rts_rate', 'high_combined_rts_cts_rate'], 'unique_source_count': 2, 'unique_destination_count': 3, 'sample_sources': ['54:35:30:cf:ee:1e', '8e:8e:6f:93:93:5f'], 'sample_destinations': ['d8:d7:75:45:81:24', '70:0b:01:45:f0:90', '54:35:30:cf:ee:1e']}
!!!!!!!!!!!!!!!!!!!!!!!!!!!!!!!!!!!!!!!!!!!!!!!!!!!!!!!!!!!!!!!!!!!!!!!!!!!!!!!!


!!!!!!!!!!!!!!!!!!!!!!!!!!!!!!!!!!!!!!!!!!!!!!!!!!!!!!!!!!!!!!!!!!!!!!!!!!!!!!!!
[ALERT] ALERT-000007 | RTS_FLOOD_SOURCE
severity: CRITICAL
time: 2026-05-16T15:03:38.425595
message: Wykryto możliwy RTS Flood z pojedynczego źródła: 453 ramek RTS z adresu 8e:8e:6f:93:93:5f w oknie 5s.
evidence: {'source_mac': '8e:8e:6f:93:93:5f', 'rts_count': 453, 'unique_destination_count': 1, 'rts_per_source_threshold': 50, 'window_seconds': 5, 'sample_destinations': ['70:0b:01:45:f0:90']}
!!!!!!!!!!!!!!!!!!!!!!!!!!!!!!!!!!!!!!!!!!!!!!!!!!!!!!!!!!!!!!!!!!!!!!!!!!!!!!!!


!!!!!!!!!!!!!!!!!!!!!!!!!!!!!!!!!!!!!!!!!!!!!!!!!!!!!!!!!!!!!!!!!!!!!!!!!!!!!!!!
[ALERT] ALERT-000008 | BEACON_FLOOD
severity: MEDIUM
time: 2026-05-16T15:03:41.611953
message: Wykryto możliwy atak Beacon Flood: 100 ramek beacon, 2 unikalnych BSSID, 2 unikalnych SSID w oknie 10s.
evidence: {'beacon_count': 100, 'unique_bssid_count': 2, 'unique_ssid_count': 2, 'window_seconds': 10, 'beacon_count_threshold': 100, 'unique_bssid_threshold': 30, 'unique_ssid_threshold': 20, 'triggered_reasons': ['high_beacon_rate'], 'sample_ssids': ['FunBox2-8124', 'TP-LINK_7122'], 'sample_bssids': ['d8:d7:75:45:81:24', 'ac:84:c6:41:71:22']}
!!!!!!!!!!!!!!!!!!!!!!!!!!!!!!!!!!!!!!!!!!!!!!!!!!!!!!!!!!!!!!!!!!!!!!!!!!!!!!!!


================================================================================
STATISTICS after 20.0s
--------------------------------------------------------------------------------
total frames: 2427

by frame type:
  control: 1358
  management: 682
  data: 387

by frame subtype:
  rts: 653
  beacon: 642
  ack: 508
  null_data: 222
  qos_data: 137
  block_ack: 91
  block_ack_request: 75
  cts: 31
  data: 26
  probe_response: 25
  probe_request: 13
  action: 2
  qos_null: 2

unique SSIDs: 4
unique BSSIDs: 11
================================================================================

!!!!!!!!!!!!!!!!!!!!!!!!!!!!!!!!!!!!!!!!!!!!!!!!!!!!!!!!!!!!!!!!!!!!!!!!!!!!!!!!
[ALERT] ALERT-000009 | BEACON_FLOOD
severity: MEDIUM
time: 2026-05-16T15:03:51.690448
message: Wykryto możliwy atak Beacon Flood: 106 ramek beacon, 2 unikalnych BSSID, 2 unikalnych SSID w oknie 10s.
evidence: {'beacon_count': 106, 'unique_bssid_count': 2, 'unique_ssid_count': 2, 'window_seconds': 10, 'beacon_count_threshold': 100, 'unique_bssid_threshold': 30, 'unique_ssid_threshold': 20, 'triggered_reasons': ['high_beacon_rate'], 'sample_ssids': ['FunBox2-8124', 'TP-LINK_7122'], 'sample_bssids': ['d8:d7:75:45:81:24', 'ac:84:c6:41:71:22']}
!!!!!!!!!!!!!!!!!!!!!!!!!!!!!!!!!!!!!!!!!!!!!!!!!!!!!!!!!!!!!!!!!!!!!!!!!!!!!!!!


!!!!!!!!!!!!!!!!!!!!!!!!!!!!!!!!!!!!!!!!!!!!!!!!!!!!!!!!!!!!!!!!!!!!!!!!!!!!!!!!
[ALERT] ALERT-000010 | BEACON_FLOOD
severity: MEDIUM
time: 2026-05-16T15:04:01.725984
message: Wykryto możliwy atak Beacon Flood: 106 ramek beacon, 2 unikalnych BSSID, 2 unikalnych SSID w oknie 10s.
evidence: {'beacon_count': 106, 'unique_bssid_count': 2, 'unique_ssid_count': 2, 'window_seconds': 10, 'beacon_count_threshold': 100, 'unique_bssid_threshold': 30, 'unique_ssid_threshold': 20, 'triggered_reasons': ['high_beacon_rate'], 'sample_ssids': ['FunBox2-8124', 'TP-LINK_7122'], 'sample_bssids': ['ac:84:c6:41:71:22', 'd8:d7:75:45:81:24']}
!!!!!!!!!!!!!!!!!!!!!!!!!!!!!!!!!!!!!!!!!!!!!!!!!!!!!!!!!!!!!!!!!!!!!!!!!!!!!!!!


================================================================================
STATISTICS after 30.0s
--------------------------------------------------------------------------------
total frames: 2750

by frame type:
  control: 1417
  management: 889
  data: 444

by frame subtype:
  beacon: 837
  rts: 655
  ack: 560
  null_data: 270
  qos_data: 139
  block_ack: 93
  block_ack_request: 75
  cts: 34
  data: 33
  probe_response: 32
  probe_request: 18
  action: 2
  qos_null: 2

unique SSIDs: 4
unique BSSIDs: 12
================================================================================

!!!!!!!!!!!!!!!!!!!!!!!!!!!!!!!!!!!!!!!!!!!!!!!!!!!!!!!!!!!!!!!!!!!!!!!!!!!!!!!!
[ALERT] ALERT-000011 | BEACON_FLOOD
severity: MEDIUM
time: 2026-05-16T15:04:11.761683
message: Wykryto możliwy atak Beacon Flood: 105 ramek beacon, 2 unikalnych BSSID, 2 unikalnych SSID w oknie 10s.
evidence: {'beacon_count': 105, 'unique_bssid_count': 2, 'unique_ssid_count': 2, 'window_seconds': 10, 'beacon_count_threshold': 100, 'unique_bssid_threshold': 30, 'unique_ssid_threshold': 20, 'triggered_reasons': ['high_beacon_rate'], 'sample_ssids': ['FunBox2-8124', 'TP-LINK_7122'], 'sample_bssids': ['ac:84:c6:41:71:22', 'd8:d7:75:45:81:24']}
!!!!!!!!!!!!!!!!!!!!!!!!!!!!!!!!!!!!!!!!!!!!!!!!!!!!!!!!!!!!!!!!!!!!!!!!!!!!!!!!


!!!!!!!!!!!!!!!!!!!!!!!!!!!!!!!!!!!!!!!!!!!!!!!!!!!!!!!!!!!!!!!!!!!!!!!!!!!!!!!!
[ALERT] ALERT-000012 | RTS_FLOOD_SOURCE
severity: MEDIUM
time: 2026-05-16T15:04:21.184506
message: Wykryto możliwy RTS Flood z pojedynczego źródła: 50 ramek RTS z adresu 8e:8e:6f:93:93:5f w oknie 5s.
evidence: {'source_mac': '8e:8e:6f:93:93:5f', 'rts_count': 50, 'unique_destination_count': 1, 'rts_per_source_threshold': 50, 'window_seconds': 5, 'sample_destinations': ['70:0b:01:45:f0:90']}
!!!!!!!!!!!!!!!!!!!!!!!!!!!!!!!!!!!!!!!!!!!!!!!!!!!!!!!!!!!!!!!!!!!!!!!!!!!!!!!!


!!!!!!!!!!!!!!!!!!!!!!!!!!!!!!!!!!!!!!!!!!!!!!!!!!!!!!!!!!!!!!!!!!!!!!!!!!!!!!!!
[ALERT] ALERT-000013 | RTS_CTS_FLOOD_GLOBAL
severity: MEDIUM
time: 2026-05-16T15:04:22.587698
message: Wykryto możliwy RTS/CTS Flood: 98 ramek RTS oraz 52 ramek CTS w oknie 5s.
evidence: {'rts_count': 98, 'cts_count': 52, 'combined_count': 150, 'window_seconds': 5, 'rts_count_threshold': 100, 'cts_count_threshold': 100, 'combined_count_threshold': 150, 'triggered_reasons': ['high_combined_rts_cts_rate'], 'unique_source_count': 2, 'unique_destination_count': 3, 'sample_sources': ['54:35:30:cf:ee:1e', '8e:8e:6f:93:93:5f'], 'sample_destinations': ['d8:d7:75:45:81:24', '70:0b:01:45:f0:90', '54:35:30:cf:ee:1e']}
!!!!!!!!!!!!!!!!!!!!!!!!!!!!!!!!!!!!!!!!!!!!!!!!!!!!!!!!!!!!!!!!!!!!!!!!!!!!!!!!


!!!!!!!!!!!!!!!!!!!!!!!!!!!!!!!!!!!!!!!!!!!!!!!!!!!!!!!!!!!!!!!!!!!!!!!!!!!!!!!!
[ALERT] ALERT-000014 | RTS_FLOOD_SOURCE
severity: MEDIUM
time: 2026-05-16T15:04:25.772492
message: Wykryto możliwy RTS Flood z pojedynczego źródła: 50 ramek RTS z adresu d8:d7:75:45:81:24 w oknie 5s.
evidence: {'source_mac': 'd8:d7:75:45:81:24', 'rts_count': 50, 'unique_destination_count': 1, 'rts_per_source_threshold': 50, 'window_seconds': 5, 'sample_destinations': ['ae:c8:79:79:72:40']}
!!!!!!!!!!!!!!!!!!!!!!!!!!!!!!!!!!!!!!!!!!!!!!!!!!!!!!!!!!!!!!!!!!!!!!!!!!!!!!!!


================================================================================
STATISTICS after 40.0s
--------------------------------------------------------------------------------
total frames: 4321

by frame type:
  control: 2577
  management: 1104
  data: 640

by frame subtype:
  rts: 1033
  beacon: 1006
  ack: 830
  null_data: 390
  block_ack: 359
  cts: 188
  qos_data: 176
  block_ack_request: 167
  data: 68
  probe_response: 51
  probe_request: 34
  action: 10
  qos_null: 6
  authentication: 1
  association_request: 1
  association_response: 1

unique SSIDs: 6
unique BSSIDs: 13
================================================================================

!!!!!!!!!!!!!!!!!!!!!!!!!!!!!!!!!!!!!!!!!!!!!!!!!!!!!!!!!!!!!!!!!!!!!!!!!!!!!!!!
[ALERT] ALERT-000015 | RTS_FLOOD_SOURCE
severity: MEDIUM
time: 2026-05-16T15:04:26.966247
message: Wykryto możliwy RTS Flood z pojedynczego źródła: 50 ramek RTS z adresu ae:c8:79:79:72:40 w oknie 5s.
evidence: {'source_mac': 'ae:c8:79:79:72:40', 'rts_count': 50, 'unique_destination_count': 1, 'rts_per_source_threshold': 50, 'window_seconds': 5, 'sample_destinations': ['d8:d7:75:45:81:24']}
!!!!!!!!!!!!!!!!!!!!!!!!!!!!!!!!!!!!!!!!!!!!!!!!!!!!!!!!!!!!!!!!!!!!!!!!!!!!!!!!


================================================================================
STATISTICS after 50.1s
--------------------------------------------------------------------------------
total frames: 4984

by frame type:
  control: 3221
  management: 1118
  data: 645

by frame subtype:
  rts: 1273
  beacon: 1015
  ack: 834
  block_ack: 666
  null_data: 393
  cts: 281
  qos_data: 176
  block_ack_request: 167
  data: 70
  probe_response: 56
  probe_request: 34
  action: 10
  qos_null: 6
  authentication: 1
  association_request: 1
  association_response: 1

unique SSIDs: 6
unique BSSIDs: 13
================================================================================

!!!!!!!!!!!!!!!!!!!!!!!!!!!!!!!!!!!!!!!!!!!!!!!!!!!!!!!!!!!!!!!!!!!!!!!!!!!!!!!!
[ALERT] ALERT-000016 | RTS_CTS_FLOOD_GLOBAL
severity: CRITICAL
time: 2026-05-16T15:04:27.592001
message: Wykryto możliwy RTS/CTS Flood: 562 ramek RTS oraz 204 ramek CTS w oknie 5s.
evidence: {'rts_count': 562, 'cts_count': 204, 'combined_count': 766, 'window_seconds': 5, 'rts_count_threshold': 100, 'cts_count_threshold': 100, 'combined_count_threshold': 150, 'triggered_reasons': ['high_rts_rate', 'high_cts_rate', 'high_combined_rts_cts_rate'], 'unique_source_count': 3, 'unique_destination_count': 3, 'sample_sources': ['d8:d7:75:45:81:24', '8e:8e:6f:93:93:5f', 'ae:c8:79:79:72:40'], 'sample_destinations': ['d8:d7:75:45:81:24', '70:0b:01:45:f0:90', 'ae:c8:79:79:72:40']}
!!!!!!!!!!!!!!!!!!!!!!!!!!!!!!!!!!!!!!!!!!!!!!!!!!!!!!!!!!!!!!!!!!!!!!!!!!!!!!!!


!!!!!!!!!!!!!!!!!!!!!!!!!!!!!!!!!!!!!!!!!!!!!!!!!!!!!!!!!!!!!!!!!!!!!!!!!!!!!!!!
[ALERT] ALERT-000017 | RTS_FLOOD_SOURCE
severity: CRITICAL
time: 2026-05-16T15:04:30.774542
message: Wykryto możliwy RTS Flood z pojedynczego źródła: 668 ramek RTS z adresu d8:d7:75:45:81:24 w oknie 5s.
evidence: {'source_mac': 'd8:d7:75:45:81:24', 'rts_count': 668, 'unique_destination_count': 1, 'rts_per_source_threshold': 50, 'window_seconds': 5, 'sample_destinations': ['ae:c8:79:79:72:40']}
!!!!!!!!!!!!!!!!!!!!!!!!!!!!!!!!!!!!!!!!!!!!!!!!!!!!!!!!!!!!!!!!!!!!!!!!!!!!!!!!


!!!!!!!!!!!!!!!!!!!!!!!!!!!!!!!!!!!!!!!!!!!!!!!!!!!!!!!!!!!!!!!!!!!!!!!!!!!!!!!!
[ALERT] ALERT-000018 | RTS_CTS_FLOOD_GLOBAL
severity: CRITICAL
time: 2026-05-16T15:04:32.660758
message: Wykryto możliwy RTS/CTS Flood: 543 ramek RTS oraz 105 ramek CTS w oknie 5s.
evidence: {'rts_count': 543, 'cts_count': 105, 'combined_count': 648, 'window_seconds': 5, 'rts_count_threshold': 100, 'cts_count_threshold': 100, 'combined_count_threshold': 150, 'triggered_reasons': ['high_rts_rate', 'high_cts_rate', 'high_combined_rts_cts_rate'], 'unique_source_count': 2, 'unique_destination_count': 2, 'sample_sources': ['d8:d7:75:45:81:24', 'ae:c8:79:79:72:40'], 'sample_destinations': ['d8:d7:75:45:81:24', 'ae:c8:79:79:72:40']}
!!!!!!!!!!!!!!!!!!!!!!!!!!!!!!!!!!!!!!!!!!!!!!!!!!!!!!!!!!!!!!!!!!!!!!!!!!!!!!!!


!!!!!!!!!!!!!!!!!!!!!!!!!!!!!!!!!!!!!!!!!!!!!!!!!!!!!!!!!!!!!!!!!!!!!!!!!!!!!!!!
[ALERT] ALERT-000019 | RTS_FLOOD_SOURCE
severity: MEDIUM
time: 2026-05-16T15:04:33.504605
message: Wykryto możliwy RTS Flood z pojedynczego źródła: 65 ramek RTS z adresu ae:c8:79:79:72:40 w oknie 5s.
evidence: {'source_mac': 'ae:c8:79:79:72:40', 'rts_count': 65, 'unique_destination_count': 1, 'rts_per_source_threshold': 50, 'window_seconds': 5, 'sample_destinations': ['d8:d7:75:45:81:24']}
!!!!!!!!!!!!!!!!!!!!!!!!!!!!!!!!!!!!!!!!!!!!!!!!!!!!!!!!!!!!!!!!!!!!!!!!!!!!!!!!


================================================================================
STATISTICS after 60.1s
--------------------------------------------------------------------------------
total frames: 8175

by frame type:
  control: 6309
  management: 1183
  data: 683

by frame subtype:
  block_ack: 2618
  rts: 2087
  beacon: 1078
  ack: 870
  cts: 567
  null_data: 404
  qos_data: 176
  block_ack_request: 167
  data: 84
  probe_response: 58
  probe_request: 34
  qos_null: 19
  action: 10
  authentication: 1
  association_request: 1
  association_response: 1

unique SSIDs: 6
unique BSSIDs: 13
================================================================================

!!!!!!!!!!!!!!!!!!!!!!!!!!!!!!!!!!!!!!!!!!!!!!!!!!!!!!!!!!!!!!!!!!!!!!!!!!!!!!!!
[ALERT] ALERT-000020 | RTS_FLOOD_SOURCE
severity: CRITICAL
time: 2026-05-16T15:04:35.898090
message: Wykryto możliwy RTS Flood z pojedynczego źródła: 348 ramek RTS z adresu d8:d7:75:45:81:24 w oknie 5s.
evidence: {'source_mac': 'd8:d7:75:45:81:24', 'rts_count': 348, 'unique_destination_count': 1, 'rts_per_source_threshold': 50, 'window_seconds': 5, 'sample_destinations': ['ae:c8:79:79:72:40']}
!!!!!!!!!!!!!!!!!!!!!!!!!!!!!!!!!!!!!!!!!!!!!!!!!!!!!!!!!!!!!!!!!!!!!!!!!!!!!!!!


!!!!!!!!!!!!!!!!!!!!!!!!!!!!!!!!!!!!!!!!!!!!!!!!!!!!!!!!!!!!!!!!!!!!!!!!!!!!!!!!
[ALERT] ALERT-000021 | RTS_CTS_FLOOD_GLOBAL
severity: CRITICAL
time: 2026-05-16T15:04:37.876751
message: Wykryto możliwy RTS/CTS Flood: 343 ramek RTS oraz 288 ramek CTS w oknie 5s.
evidence: {'rts_count': 343, 'cts_count': 288, 'combined_count': 631, 'window_seconds': 5, 'rts_count_threshold': 100, 'cts_count_threshold': 100, 'combined_count_threshold': 150, 'triggered_reasons': ['high_rts_rate', 'high_cts_rate', 'high_combined_rts_cts_rate'], 'unique_source_count': 3, 'unique_destination_count': 3, 'sample_sources': ['d8:d7:75:45:81:24', '8e:8e:6f:93:93:5f', 'ae:c8:79:79:72:40'], 'sample_destinations': ['d8:d7:75:45:81:24', '70:0b:01:45:f0:90', 'ae:c8:79:79:72:40']}
!!!!!!!!!!!!!!!!!!!!!!!!!!!!!!!!!!!!!!!!!!!!!!!!!!!!!!!!!!!!!!!!!!!!!!!!!!!!!!!!


!!!!!!!!!!!!!!!!!!!!!!!!!!!!!!!!!!!!!!!!!!!!!!!!!!!!!!!!!!!!!!!!!!!!!!!!!!!!!!!!
[ALERT] ALERT-000022 | RTS_FLOOD_SOURCE
severity: HIGH
time: 2026-05-16T15:04:40.948760
message: Wykryto możliwy RTS Flood z pojedynczego źródła: 118 ramek RTS z adresu d8:d7:75:45:81:24 w oknie 5s.
evidence: {'source_mac': 'd8:d7:75:45:81:24', 'rts_count': 118, 'unique_destination_count': 1, 'rts_per_source_threshold': 50, 'window_seconds': 5, 'sample_destinations': ['ae:c8:79:79:72:40']}
!!!!!!!!!!!!!!!!!!!!!!!!!!!!!!!!!!!!!!!!!!!!!!!!!!!!!!!!!!!!!!!!!!!!!!!!!!!!!!!!


!!!!!!!!!!!!!!!!!!!!!!!!!!!!!!!!!!!!!!!!!!!!!!!!!!!!!!!!!!!!!!!!!!!!!!!!!!!!!!!!
[ALERT] ALERT-000023 | BEACON_FLOOD
severity: MEDIUM
time: 2026-05-16T15:04:41.765889
message: Wykryto możliwy atak Beacon Flood: 100 ramek beacon, 2 unikalnych BSSID, 2 unikalnych SSID w oknie 10s.
evidence: {'beacon_count': 100, 'unique_bssid_count': 2, 'unique_ssid_count': 2, 'window_seconds': 10, 'beacon_count_threshold': 100, 'unique_bssid_threshold': 30, 'unique_ssid_threshold': 20, 'triggered_reasons': ['high_beacon_rate'], 'sample_ssids': ['FunBox2-8124', 'TP-LINK_7122'], 'sample_bssids': ['d8:d7:75:45:81:24', 'ac:84:c6:41:71:22']}
!!!!!!!!!!!!!!!!!!!!!!!!!!!!!!!!!!!!!!!!!!!!!!!!!!!!!!!!!!!!!!!!!!!!!!!!!!!!!!!!


!!!!!!!!!!!!!!!!!!!!!!!!!!!!!!!!!!!!!!!!!!!!!!!!!!!!!!!!!!!!!!!!!!!!!!!!!!!!!!!!
[ALERT] ALERT-000024 | RTS_CTS_FLOOD_GLOBAL
severity: CRITICAL
time: 2026-05-16T15:04:42.880010
message: Wykryto możliwy RTS/CTS Flood: 157 ramek RTS oraz 175 ramek CTS w oknie 5s.
evidence: {'rts_count': 157, 'cts_count': 175, 'combined_count': 332, 'window_seconds': 5, 'rts_count_threshold': 100, 'cts_count_threshold': 100, 'combined_count_threshold': 150, 'triggered_reasons': ['high_rts_rate', 'high_cts_rate', 'high_combined_rts_cts_rate'], 'unique_source_count': 3, 'unique_destination_count': 3, 'sample_sources': ['d8:d7:75:45:81:24', '8e:8e:6f:93:93:5f', 'ae:c8:79:79:72:40'], 'sample_destinations': ['d8:d7:75:45:81:24', '70:0b:01:45:f0:90', 'ae:c8:79:79:72:40']}
!!!!!!!!!!!!!!!!!!!!!!!!!!!!!!!!!!!!!!!!!!!!!!!!!!!!!!!!!!!!!!!!!!!!!!!!!!!!!!!!


!!!!!!!!!!!!!!!!!!!!!!!!!!!!!!!!!!!!!!!!!!!!!!!!!!!!!!!!!!!!!!!!!!!!!!!!!!!!!!!!
[ALERT] ALERT-000025 | RTS_FLOOD_SOURCE
severity: MEDIUM
time: 2026-05-16T15:04:43.930675
message: Wykryto możliwy RTS Flood z pojedynczego źródła: 50 ramek RTS z adresu 8e:8e:6f:93:93:5f w oknie 5s.
evidence: {'source_mac': '8e:8e:6f:93:93:5f', 'rts_count': 50, 'unique_destination_count': 1, 'rts_per_source_threshold': 50, 'window_seconds': 5, 'sample_destinations': ['70:0b:01:45:f0:90']}
!!!!!!!!!!!!!!!!!!!!!!!!!!!!!!!!!!!!!!!!!!!!!!!!!!!!!!!!!!!!!!!!!!!!!!!!!!!!!!!!


!!!!!!!!!!!!!!!!!!!!!!!!!!!!!!!!!!!!!!!!!!!!!!!!!!!!!!!!!!!!!!!!!!!!!!!!!!!!!!!!
[ALERT] ALERT-000026 | DEAUTH_FLOOD
severity: MEDIUM
time: 2026-05-16T15:04:45.864261
message: Wykryto możliwy atak Deauthentication Flood: 25 ramek deauthentication z adresu d8:d7:75:45:81:24 w oknie 5s.
evidence: {'source_mac': 'd8:d7:75:45:81:24', 'destination_mac': 'ff:ff:ff:ff:ff:ff', 'bssid': 'd8:d7:75:45:81:24', 'count': 25, 'threshold': 25, 'window_seconds': 5}
!!!!!!!!!!!!!!!!!!!!!!!!!!!!!!!!!!!!!!!!!!!!!!!!!!!!!!!!!!!!!!!!!!!!!!!!!!!!!!!!


!!!!!!!!!!!!!!!!!!!!!!!!!!!!!!!!!!!!!!!!!!!!!!!!!!!!!!!!!!!!!!!!!!!!!!!!!!!!!!!!
[ALERT] ALERT-000027 | DEAUTH_FLOOD
severity: MEDIUM
time: 2026-05-16T15:04:45.949560
message: Wykryto możliwy atak Deauthentication Flood: 25 ramek deauthentication z adresu ff:ff:ff:ff:ff:ff w oknie 5s.
evidence: {'source_mac': 'ff:ff:ff:ff:ff:ff', 'destination_mac': 'd8:d7:75:45:81:24', 'bssid': 'd8:d7:75:45:81:24', 'count': 25, 'threshold': 25, 'window_seconds': 5}
!!!!!!!!!!!!!!!!!!!!!!!!!!!!!!!!!!!!!!!!!!!!!!!!!!!!!!!!!!!!!!!!!!!!!!!!!!!!!!!!


!!!!!!!!!!!!!!!!!!!!!!!!!!!!!!!!!!!!!!!!!!!!!!!!!!!!!!!!!!!!!!!!!!!!!!!!!!!!!!!!
[ALERT] ALERT-000028 | RTS_FLOOD_SOURCE
severity: MEDIUM
time: 2026-05-16T15:04:45.951592
message: Wykryto możliwy RTS Flood z pojedynczego źródła: 55 ramek RTS z adresu d8:d7:75:45:81:24 w oknie 5s.
evidence: {'source_mac': 'd8:d7:75:45:81:24', 'rts_count': 55, 'unique_destination_count': 1, 'rts_per_source_threshold': 50, 'window_seconds': 5, 'sample_destinations': ['ae:c8:79:79:72:40']}
!!!!!!!!!!!!!!!!!!!!!!!!!!!!!!!!!!!!!!!!!!!!!!!!!!!!!!!!!!!!!!!!!!!!!!!!!!!!!!!!


!!!!!!!!!!!!!!!!!!!!!!!!!!!!!!!!!!!!!!!!!!!!!!!!!!!!!!!!!!!!!!!!!!!!!!!!!!!!!!!!
[ALERT] ALERT-000029 | RTS_CTS_FLOOD_GLOBAL
severity: CRITICAL
time: 2026-05-16T15:04:48.000362
message: Wykryto możliwy RTS/CTS Flood: 392 ramek RTS oraz 11 ramek CTS w oknie 5s.
evidence: {'rts_count': 392, 'cts_count': 11, 'combined_count': 403, 'window_seconds': 5, 'rts_count_threshold': 100, 'cts_count_threshold': 100, 'combined_count_threshold': 150, 'triggered_reasons': ['high_rts_rate', 'high_combined_rts_cts_rate'], 'unique_source_count': 3, 'unique_destination_count': 3, 'sample_sources': ['d8:d7:75:45:81:24', '8e:8e:6f:93:93:5f', 'ae:c8:79:79:72:40'], 'sample_destinations': ['d8:d7:75:45:81:24', '70:0b:01:45:f0:90', 'ae:c8:79:79:72:40']}
!!!!!!!!!!!!!!!!!!!!!!!!!!!!!!!!!!!!!!!!!!!!!!!!!!!!!!!!!!!!!!!!!!!!!!!!!!!!!!!!


!!!!!!!!!!!!!!!!!!!!!!!!!!!!!!!!!!!!!!!!!!!!!!!!!!!!!!!!!!!!!!!!!!!!!!!!!!!!!!!!
[ALERT] ALERT-000030 | RTS_FLOOD_SOURCE
severity: CRITICAL
time: 2026-05-16T15:04:49.754657
message: Wykryto możliwy RTS Flood z pojedynczego źródła: 245 ramek RTS z adresu 8e:8e:6f:93:93:5f w oknie 5s.
evidence: {'source_mac': '8e:8e:6f:93:93:5f', 'rts_count': 245, 'unique_destination_count': 1, 'rts_per_source_threshold': 50, 'window_seconds': 5, 'sample_destinations': ['70:0b:01:45:f0:90']}
!!!!!!!!!!!!!!!!!!!!!!!!!!!!!!!!!!!!!!!!!!!!!!!!!!!!!!!!!!!!!!!!!!!!!!!!!!!!!!!!


!!!!!!!!!!!!!!!!!!!!!!!!!!!!!!!!!!!!!!!!!!!!!!!!!!!!!!!!!!!!!!!!!!!!!!!!!!!!!!!!
[ALERT] ALERT-000031 | DEAUTH_FLOOD
severity: CRITICAL
time: 2026-05-16T15:04:50.945620
message: Wykryto możliwy atak Deauthentication Flood: 749 ramek deauthentication z adresu d8:d7:75:45:81:24 w oknie 5s.
evidence: {'source_mac': 'd8:d7:75:45:81:24', 'destination_mac': 'ff:ff:ff:ff:ff:ff', 'bssid': 'd8:d7:75:45:81:24', 'count': 749, 'threshold': 25, 'window_seconds': 5}
!!!!!!!!!!!!!!!!!!!!!!!!!!!!!!!!!!!!!!!!!!!!!!!!!!!!!!!!!!!!!!!!!!!!!!!!!!!!!!!!


!!!!!!!!!!!!!!!!!!!!!!!!!!!!!!!!!!!!!!!!!!!!!!!!!!!!!!!!!!!!!!!!!!!!!!!!!!!!!!!!
[ALERT] ALERT-000032 | DEAUTH_FLOOD
severity: CRITICAL
time: 2026-05-16T15:04:50.953148
message: Wykryto możliwy atak Deauthentication Flood: 732 ramek deauthentication z adresu ff:ff:ff:ff:ff:ff w oknie 5s.
evidence: {'source_mac': 'ff:ff:ff:ff:ff:ff', 'destination_mac': 'd8:d7:75:45:81:24', 'bssid': 'd8:d7:75:45:81:24', 'count': 732, 'threshold': 25, 'window_seconds': 5}
!!!!!!!!!!!!!!!!!!!!!!!!!!!!!!!!!!!!!!!!!!!!!!!!!!!!!!!!!!!!!!!!!!!!!!!!!!!!!!!!


================================================================================
STATISTICS after 70.1s
--------------------------------------------------------------------------------
total frames: 15591

by frame type:
  control: 9710
  management: 4917
  data: 964

by frame subtype:
  deauthentication: 3394
  block_ack: 3378
  rts: 2814
  ack: 1953
  beacon: 1257
  cts: 881
  block_ack_request: 684
  null_data: 557
  qos_data: 222
  data: 107
  probe_response: 106
  action: 82
  qos_null: 78
  probe_request: 70
  authentication: 4
  association_request: 2
  association_response: 2

unique SSIDs: 6
unique BSSIDs: 13
================================================================================

!!!!!!!!!!!!!!!!!!!!!!!!!!!!!!!!!!!!!!!!!!!!!!!!!!!!!!!!!!!!!!!!!!!!!!!!!!!!!!!!
[ALERT] ALERT-000033 | DEAUTH_FLOOD
severity: CRITICAL
time: 2026-05-16T15:04:55.945781
message: Wykryto możliwy atak Deauthentication Flood: 1121 ramek deauthentication z adresu d8:d7:75:45:81:24 w oknie 5s.
evidence: {'source_mac': 'd8:d7:75:45:81:24', 'destination_mac': 'ff:ff:ff:ff:ff:ff', 'bssid': 'd8:d7:75:45:81:24', 'count': 1121, 'threshold': 25, 'window_seconds': 5}
!!!!!!!!!!!!!!!!!!!!!!!!!!!!!!!!!!!!!!!!!!!!!!!!!!!!!!!!!!!!!!!!!!!!!!!!!!!!!!!!


!!!!!!!!!!!!!!!!!!!!!!!!!!!!!!!!!!!!!!!!!!!!!!!!!!!!!!!!!!!!!!!!!!!!!!!!!!!!!!!!
[ALERT] ALERT-000034 | DEAUTH_FLOOD
severity: CRITICAL
time: 2026-05-16T15:04:55.953358
message: Wykryto możliwy atak Deauthentication Flood: 1109 ramek deauthentication z adresu ff:ff:ff:ff:ff:ff w oknie 5s.
evidence: {'source_mac': 'ff:ff:ff:ff:ff:ff', 'destination_mac': 'd8:d7:75:45:81:24', 'bssid': 'd8:d7:75:45:81:24', 'count': 1109, 'threshold': 25, 'window_seconds': 5}
!!!!!!!!!!!!!!!!!!!!!!!!!!!!!!!!!!!!!!!!!!!!!!!!!!!!!!!!!!!!!!!!!!!!!!!!!!!!!!!!


!!!!!!!!!!!!!!!!!!!!!!!!!!!!!!!!!!!!!!!!!!!!!!!!!!!!!!!!!!!!!!!!!!!!!!!!!!!!!!!!
[ALERT] ALERT-000035 | DEAUTH_FLOOD
severity: CRITICAL
time: 2026-05-16T15:05:00.948916
message: Wykryto możliwy atak Deauthentication Flood: 1087 ramek deauthentication z adresu d8:d7:75:45:81:24 w oknie 5s.
evidence: {'source_mac': 'd8:d7:75:45:81:24', 'destination_mac': 'ff:ff:ff:ff:ff:ff', 'bssid': 'd8:d7:75:45:81:24', 'count': 1087, 'threshold': 25, 'window_seconds': 5}
!!!!!!!!!!!!!!!!!!!!!!!!!!!!!!!!!!!!!!!!!!!!!!!!!!!!!!!!!!!!!!!!!!!!!!!!!!!!!!!!


!!!!!!!!!!!!!!!!!!!!!!!!!!!!!!!!!!!!!!!!!!!!!!!!!!!!!!!!!!!!!!!!!!!!!!!!!!!!!!!!
[ALERT] ALERT-000036 | DEAUTH_FLOOD
severity: CRITICAL
time: 2026-05-16T15:05:00.956534
message: Wykryto możliwy atak Deauthentication Flood: 1085 ramek deauthentication z adresu ff:ff:ff:ff:ff:ff w oknie 5s.
evidence: {'source_mac': 'ff:ff:ff:ff:ff:ff', 'destination_mac': 'd8:d7:75:45:81:24', 'bssid': 'd8:d7:75:45:81:24', 'count': 1085, 'threshold': 25, 'window_seconds': 5}
!!!!!!!!!!!!!!!!!!!!!!!!!!!!!!!!!!!!!!!!!!!!!!!!!!!!!!!!!!!!!!!!!!!!!!!!!!!!!!!!


================================================================================
STATISTICS after 80.1s
--------------------------------------------------------------------------------
total frames: 19081

by frame type:
  control: 10503
  management: 7591
  data: 987

by frame subtype:
  deauthentication: 5970
  block_ack: 3390
  rts: 2823
  ack: 2725
  beacon: 1311
  cts: 881
  block_ack_request: 684
  null_data: 577
  qos_data: 222
  probe_response: 134
  data: 110
  probe_request: 82
  action: 82
  qos_null: 78
  authentication: 6
  association_request: 3
  association_response: 3

unique SSIDs: 6
unique BSSIDs: 13
================================================================================

================================================================================
STATISTICS after 90.1s
--------------------------------------------------------------------------------
total frames: 21182

by frame type:
  control: 10989
  management: 9143
  data: 1050

by frame subtype:
  deauthentication: 7462
  block_ack: 3397
  ack: 3190
  rts: 2835
  beacon: 1343
  cts: 883
  block_ack_request: 684
  null_data: 630
  qos_data: 229
  probe_response: 148
  data: 113
  probe_request: 92
  action: 82
  qos_null: 78
  authentication: 8
  association_request: 4
  association_response: 4

unique SSIDs: 6
unique BSSIDs: 13
================================================================================

!!!!!!!!!!!!!!!!!!!!!!!!!!!!!!!!!!!!!!!!!!!!!!!!!!!!!!!!!!!!!!!!!!!!!!!!!!!!!!!!
[ALERT] ALERT-000037 | DEAUTH_FLOOD
severity: CRITICAL
time: 2026-05-16T15:05:05.949469
message: Wykryto możliwy atak Deauthentication Flood: 1059 ramek deauthentication z adresu d8:d7:75:45:81:24 w oknie 5s.
evidence: {'source_mac': 'd8:d7:75:45:81:24', 'destination_mac': 'ff:ff:ff:ff:ff:ff', 'bssid': 'd8:d7:75:45:81:24', 'count': 1059, 'threshold': 25, 'window_seconds': 5}
!!!!!!!!!!!!!!!!!!!!!!!!!!!!!!!!!!!!!!!!!!!!!!!!!!!!!!!!!!!!!!!!!!!!!!!!!!!!!!!!


!!!!!!!!!!!!!!!!!!!!!!!!!!!!!!!!!!!!!!!!!!!!!!!!!!!!!!!!!!!!!!!!!!!!!!!!!!!!!!!!
[ALERT] ALERT-000038 | DEAUTH_FLOOD
severity: CRITICAL
time: 2026-05-16T15:05:05.957344
message: Wykryto możliwy atak Deauthentication Flood: 1048 ramek deauthentication z adresu ff:ff:ff:ff:ff:ff w oknie 5s.
evidence: {'source_mac': 'ff:ff:ff:ff:ff:ff', 'destination_mac': 'd8:d7:75:45:81:24', 'bssid': 'd8:d7:75:45:81:24', 'count': 1048, 'threshold': 25, 'window_seconds': 5}
!!!!!!!!!!!!!!!!!!!!!!!!!!!!!!!!!!!!!!!!!!!!!!!!!!!!!!!!!!!!!!!!!!!!!!!!!!!!!!!!


!!!!!!!!!!!!!!!!!!!!!!!!!!!!!!!!!!!!!!!!!!!!!!!!!!!!!!!!!!!!!!!!!!!!!!!!!!!!!!!!
[ALERT] ALERT-000039 | DEAUTH_FLOOD
severity: CRITICAL
time: 2026-05-16T15:05:10.955379
message: Wykryto możliwy atak Deauthentication Flood: 1050 ramek deauthentication z adresu d8:d7:75:45:81:24 w oknie 5s.
evidence: {'source_mac': 'd8:d7:75:45:81:24', 'destination_mac': 'ff:ff:ff:ff:ff:ff', 'bssid': 'd8:d7:75:45:81:24', 'count': 1050, 'threshold': 25, 'window_seconds': 5}
!!!!!!!!!!!!!!!!!!!!!!!!!!!!!!!!!!!!!!!!!!!!!!!!!!!!!!!!!!!!!!!!!!!!!!!!!!!!!!!!


!!!!!!!!!!!!!!!!!!!!!!!!!!!!!!!!!!!!!!!!!!!!!!!!!!!!!!!!!!!!!!!!!!!!!!!!!!!!!!!!
[ALERT] ALERT-000040 | DEAUTH_FLOOD
severity: CRITICAL
time: 2026-05-16T15:05:10.959105
message: Wykryto możliwy atak Deauthentication Flood: 1053 ramek deauthentication z adresu ff:ff:ff:ff:ff:ff w oknie 5s.
evidence: {'source_mac': 'ff:ff:ff:ff:ff:ff', 'destination_mac': 'd8:d7:75:45:81:24', 'bssid': 'd8:d7:75:45:81:24', 'count': 1053, 'threshold': 25, 'window_seconds': 5}
!!!!!!!!!!!!!!!!!!!!!!!!!!!!!!!!!!!!!!!!!!!!!!!!!!!!!!!!!!!!!!!!!!!!!!!!!!!!!!!!


================================================================================
STATISTICS after 100.1s
--------------------------------------------------------------------------------
total frames: 26157

by frame type:
  management: 12937
  control: 12125
  data: 1095

by frame subtype:
  deauthentication: 11129
  ack: 4306
  block_ack: 3399
  rts: 2843
  beacon: 1412
  cts: 883
  block_ack_request: 694
  null_data: 658
  qos_data: 237
  probe_response: 168
  data: 122
  probe_request: 116
  action: 88
  qos_null: 78
  authentication: 12
  association_request: 6
  association_response: 6

unique SSIDs: 6
unique BSSIDs: 13
================================================================================

!!!!!!!!!!!!!!!!!!!!!!!!!!!!!!!!!!!!!!!!!!!!!!!!!!!!!!!!!!!!!!!!!!!!!!!!!!!!!!!!
[ALERT] ALERT-000041 | DEAUTH_FLOOD
severity: CRITICAL
time: 2026-05-16T15:05:16.138388
message: Wykryto możliwy atak Deauthentication Flood: 1086 ramek deauthentication z adresu d8:d7:75:45:81:24 w oknie 5s.
evidence: {'source_mac': 'd8:d7:75:45:81:24', 'destination_mac': 'ff:ff:ff:ff:ff:ff', 'bssid': 'd8:d7:75:45:81:24', 'count': 1086, 'threshold': 25, 'window_seconds': 5}
!!!!!!!!!!!!!!!!!!!!!!!!!!!!!!!!!!!!!!!!!!!!!!!!!!!!!!!!!!!!!!!!!!!!!!!!!!!!!!!!


!!!!!!!!!!!!!!!!!!!!!!!!!!!!!!!!!!!!!!!!!!!!!!!!!!!!!!!!!!!!!!!!!!!!!!!!!!!!!!!!
[ALERT] ALERT-000042 | DEAUTH_FLOOD
severity: CRITICAL
time: 2026-05-16T15:05:16.140533
message: Wykryto możliwy atak Deauthentication Flood: 1081 ramek deauthentication z adresu ff:ff:ff:ff:ff:ff w oknie 5s.
evidence: {'source_mac': 'ff:ff:ff:ff:ff:ff', 'destination_mac': 'd8:d7:75:45:81:24', 'bssid': 'd8:d7:75:45:81:24', 'count': 1081, 'threshold': 25, 'window_seconds': 5}
!!!!!!!!!!!!!!!!!!!!!!!!!!!!!!!!!!!!!!!!!!!!!!!!!!!!!!!!!!!!!!!!!!!!!!!!!!!!!!!!


================================================================================
STATISTICS after 110.1s
--------------------------------------------------------------------------------
total frames: 30165

by frame type:
  management: 16055
  control: 12990
  data: 1120

by frame subtype:
  deauthentication: 14142
  ack: 5152
  block_ack: 3400
  rts: 2849
  beacon: 1464
  cts: 883
  block_ack_request: 706
  null_data: 680
  qos_data: 238
  probe_response: 188
  probe_request: 134
  data: 124
  action: 95
  qos_null: 78
  authentication: 16
  association_request: 8
  association_response: 8

unique SSIDs: 6
unique BSSIDs: 13
================================================================================

!!!!!!!!!!!!!!!!!!!!!!!!!!!!!!!!!!!!!!!!!!!!!!!!!!!!!!!!!!!!!!!!!!!!!!!!!!!!!!!!
[ALERT] ALERT-000043 | DEAUTH_FLOOD
severity: CRITICAL
time: 2026-05-16T15:05:21.139812
message: Wykryto możliwy atak Deauthentication Flood: 1091 ramek deauthentication z adresu d8:d7:75:45:81:24 w oknie 5s.
evidence: {'source_mac': 'd8:d7:75:45:81:24', 'destination_mac': 'ff:ff:ff:ff:ff:ff', 'bssid': 'd8:d7:75:45:81:24', 'count': 1091, 'threshold': 25, 'window_seconds': 5}
!!!!!!!!!!!!!!!!!!!!!!!!!!!!!!!!!!!!!!!!!!!!!!!!!!!!!!!!!!!!!!!!!!!!!!!!!!!!!!!!


!!!!!!!!!!!!!!!!!!!!!!!!!!!!!!!!!!!!!!!!!!!!!!!!!!!!!!!!!!!!!!!!!!!!!!!!!!!!!!!!
[ALERT] ALERT-000044 | DEAUTH_FLOOD
severity: CRITICAL
time: 2026-05-16T15:05:21.141934
message: Wykryto możliwy atak Deauthentication Flood: 1070 ramek deauthentication z adresu ff:ff:ff:ff:ff:ff w oknie 5s.
evidence: {'source_mac': 'ff:ff:ff:ff:ff:ff', 'destination_mac': 'd8:d7:75:45:81:24', 'bssid': 'd8:d7:75:45:81:24', 'count': 1070, 'threshold': 25, 'window_seconds': 5}
!!!!!!!!!!!!!!!!!!!!!!!!!!!!!!!!!!!!!!!!!!!!!!!!!!!!!!!!!!!!!!!!!!!!!!!!!!!!!!!!


================================================================================
STATISTICS after 120.1s
--------------------------------------------------------------------------------
total frames: 33471

by frame type:
  management: 18627
  control: 13677
  data: 1167

by frame subtype:
  deauthentication: 16598
  ack: 5791
  block_ack: 3401
  rts: 2849
  beacon: 1516
  cts: 883
  block_ack_request: 753
  null_data: 717
  qos_data: 245
  probe_response: 222
  probe_request: 151
  data: 127
  action: 100
  qos_null: 78
  authentication: 20
  association_request: 10
  association_response: 10

unique SSIDs: 6
unique BSSIDs: 13
================================================================================

!!!!!!!!!!!!!!!!!!!!!!!!!!!!!!!!!!!!!!!!!!!!!!!!!!!!!!!!!!!!!!!!!!!!!!!!!!!!!!!!
[ALERT] ALERT-000045 | DEAUTH_FLOOD
severity: CRITICAL
time: 2026-05-16T15:05:26.142020
message: Wykryto możliwy atak Deauthentication Flood: 1035 ramek deauthentication z adresu ff:ff:ff:ff:ff:ff w oknie 5s.
evidence: {'source_mac': 'ff:ff:ff:ff:ff:ff', 'destination_mac': 'd8:d7:75:45:81:24', 'bssid': 'd8:d7:75:45:81:24', 'count': 1035, 'threshold': 25, 'window_seconds': 5}
!!!!!!!!!!!!!!!!!!!!!!!!!!!!!!!!!!!!!!!!!!!!!!!!!!!!!!!!!!!!!!!!!!!!!!!!!!!!!!!!


!!!!!!!!!!!!!!!!!!!!!!!!!!!!!!!!!!!!!!!!!!!!!!!!!!!!!!!!!!!!!!!!!!!!!!!!!!!!!!!!
[ALERT] ALERT-000046 | DEAUTH_FLOOD
severity: CRITICAL
time: 2026-05-16T15:05:26.144379
message: Wykryto możliwy atak Deauthentication Flood: 1057 ramek deauthentication z adresu d8:d7:75:45:81:24 w oknie 5s.
evidence: {'source_mac': 'd8:d7:75:45:81:24', 'destination_mac': 'ff:ff:ff:ff:ff:ff', 'bssid': 'd8:d7:75:45:81:24', 'count': 1057, 'threshold': 25, 'window_seconds': 5}
!!!!!!!!!!!!!!!!!!!!!!!!!!!!!!!!!!!!!!!!!!!!!!!!!!!!!!!!!!!!!!!!!!!!!!!!!!!!!!!!


!!!!!!!!!!!!!!!!!!!!!!!!!!!!!!!!!!!!!!!!!!!!!!!!!!!!!!!!!!!!!!!!!!!!!!!!!!!!!!!!
[ALERT] ALERT-000047 | DEAUTH_FLOOD
severity: CRITICAL
time: 2026-05-16T15:05:31.147382
message: Wykryto możliwy atak Deauthentication Flood: 984 ramek deauthentication z adresu d8:d7:75:45:81:24 w oknie 5s.
evidence: {'source_mac': 'd8:d7:75:45:81:24', 'destination_mac': 'ff:ff:ff:ff:ff:ff', 'bssid': 'd8:d7:75:45:81:24', 'count': 984, 'threshold': 25, 'window_seconds': 5}
!!!!!!!!!!!!!!!!!!!!!!!!!!!!!!!!!!!!!!!!!!!!!!!!!!!!!!!!!!!!!!!!!!!!!!!!!!!!!!!!


!!!!!!!!!!!!!!!!!!!!!!!!!!!!!!!!!!!!!!!!!!!!!!!!!!!!!!!!!!!!!!!!!!!!!!!!!!!!!!!!
[ALERT] ALERT-000048 | DEAUTH_FLOOD
severity: CRITICAL
time: 2026-05-16T15:05:31.149496
message: Wykryto możliwy atak Deauthentication Flood: 969 ramek deauthentication z adresu ff:ff:ff:ff:ff:ff w oknie 5s.
evidence: {'source_mac': 'ff:ff:ff:ff:ff:ff', 'destination_mac': 'd8:d7:75:45:81:24', 'bssid': 'd8:d7:75:45:81:24', 'count': 969, 'threshold': 25, 'window_seconds': 5}
!!!!!!!!!!!!!!!!!!!!!!!!!!!!!!!!!!!!!!!!!!!!!!!!!!!!!!!!!!!!!!!!!!!!!!!!!!!!!!!!


!!!!!!!!!!!!!!!!!!!!!!!!!!!!!!!!!!!!!!!!!!!!!!!!!!!!!!!!!!!!!!!!!!!!!!!!!!!!!!!!
[ALERT] ALERT-000049 | DEAUTH_FLOOD
severity: CRITICAL
time: 2026-05-16T15:05:36.149626
message: Wykryto możliwy atak Deauthentication Flood: 1023 ramek deauthentication z adresu d8:d7:75:45:81:24 w oknie 5s.
evidence: {'source_mac': 'd8:d7:75:45:81:24', 'destination_mac': 'ff:ff:ff:ff:ff:ff', 'bssid': 'd8:d7:75:45:81:24', 'count': 1023, 'threshold': 25, 'window_seconds': 5}
!!!!!!!!!!!!!!!!!!!!!!!!!!!!!!!!!!!!!!!!!!!!!!!!!!!!!!!!!!!!!!!!!!!!!!!!!!!!!!!!


!!!!!!!!!!!!!!!!!!!!!!!!!!!!!!!!!!!!!!!!!!!!!!!!!!!!!!!!!!!!!!!!!!!!!!!!!!!!!!!!
[ALERT] ALERT-000050 | DEAUTH_FLOOD
severity: CRITICAL
time: 2026-05-16T15:05:36.151735
message: Wykryto możliwy atak Deauthentication Flood: 1038 ramek deauthentication z adresu ff:ff:ff:ff:ff:ff w oknie 5s.
evidence: {'source_mac': 'ff:ff:ff:ff:ff:ff', 'destination_mac': 'd8:d7:75:45:81:24', 'bssid': 'd8:d7:75:45:81:24', 'count': 1038, 'threshold': 25, 'window_seconds': 5}
!!!!!!!!!!!!!!!!!!!!!!!!!!!!!!!!!!!!!!!!!!!!!!!!!!!!!!!!!!!!!!!!!!!!!!!!!!!!!!!!


================================================================================
STATISTICS after 130.1s
--------------------------------------------------------------------------------
total frames: 39416

by frame type:
  management: 23011
  control: 15042
  data: 1363

by frame subtype:
  deauthentication: 20852
  ack: 7025
  block_ack: 3414
  rts: 2849
  beacon: 1611
  cts: 883
  block_ack_request: 871
  null_data: 779
  qos_data: 295
  probe_response: 236
  data: 177
  probe_request: 162
  qos_null: 112
  action: 106
  authentication: 22
  association_request: 11
  association_response: 11

unique SSIDs: 6
unique BSSIDs: 14
================================================================================

!!!!!!!!!!!!!!!!!!!!!!!!!!!!!!!!!!!!!!!!!!!!!!!!!!!!!!!!!!!!!!!!!!!!!!!!!!!!!!!!
[ALERT] ALERT-000051 | DEAUTH_FLOOD
severity: CRITICAL
time: 2026-05-16T15:05:41.150410
message: Wykryto możliwy atak Deauthentication Flood: 967 ramek deauthentication z adresu d8:d7:75:45:81:24 w oknie 5s.
evidence: {'source_mac': 'd8:d7:75:45:81:24', 'destination_mac': 'ff:ff:ff:ff:ff:ff', 'bssid': 'd8:d7:75:45:81:24', 'count': 967, 'threshold': 25, 'window_seconds': 5}
!!!!!!!!!!!!!!!!!!!!!!!!!!!!!!!!!!!!!!!!!!!!!!!!!!!!!!!!!!!!!!!!!!!!!!!!!!!!!!!!


!!!!!!!!!!!!!!!!!!!!!!!!!!!!!!!!!!!!!!!!!!!!!!!!!!!!!!!!!!!!!!!!!!!!!!!!!!!!!!!!
[ALERT] ALERT-000052 | DEAUTH_FLOOD
severity: CRITICAL
time: 2026-05-16T15:05:41.152541
message: Wykryto możliwy atak Deauthentication Flood: 955 ramek deauthentication z adresu ff:ff:ff:ff:ff:ff w oknie 5s.
evidence: {'source_mac': 'ff:ff:ff:ff:ff:ff', 'destination_mac': 'd8:d7:75:45:81:24', 'bssid': 'd8:d7:75:45:81:24', 'count': 955, 'threshold': 25, 'window_seconds': 5}
!!!!!!!!!!!!!!!!!!!!!!!!!!!!!!!!!!!!!!!!!!!!!!!!!!!!!!!!!!!!!!!!!!!!!!!!!!!!!!!!


================================================================================
STATISTICS after 140.1s
--------------------------------------------------------------------------------
total frames: 44576

by frame type:
  management: 26840
  control: 16207
  data: 1529

by frame subtype:
  deauthentication: 24309
  ack: 8061
  block_ack: 3449
  rts: 2885
  beacon: 1865
  cts: 916
  block_ack_request: 896
  null_data: 872
  qos_data: 331
  probe_response: 288
  data: 214
  probe_request: 202
  action: 115
  qos_null: 112
  authentication: 30
  association_request: 16
  association_response: 15

unique SSIDs: 7
unique BSSIDs: 16
================================================================================

!!!!!!!!!!!!!!!!!!!!!!!!!!!!!!!!!!!!!!!!!!!!!!!!!!!!!!!!!!!!!!!!!!!!!!!!!!!!!!!!
[ALERT] ALERT-000053 | BEACON_FLOOD
severity: MEDIUM
time: 2026-05-16T15:06:14.913697
message: Wykryto możliwy atak Beacon Flood: 100 ramek beacon, 2 unikalnych BSSID, 2 unikalnych SSID w oknie 10s.
evidence: {'beacon_count': 100, 'unique_bssid_count': 2, 'unique_ssid_count': 2, 'window_seconds': 10, 'beacon_count_threshold': 100, 'unique_bssid_threshold': 30, 'unique_ssid_threshold': 20, 'triggered_reasons': ['high_beacon_rate'], 'sample_ssids': ['FunBox2-8124', 'TP-LINK_7122'], 'sample_bssids': ['d8:d7:75:45:81:24', 'ac:84:c6:41:71:22']}
!!!!!!!!!!!!!!!!!!!!!!!!!!!!!!!!!!!!!!!!!!!!!!!!!!!!!!!!!!!!!!!!!!!!!!!!!!!!!!!!


!!!!!!!!!!!!!!!!!!!!!!!!!!!!!!!!!!!!!!!!!!!!!!!!!!!!!!!!!!!!!!!!!!!!!!!!!!!!!!!!
[ALERT] ALERT-000054 | BEACON_FLOOD
severity: MEDIUM
time: 2026-05-16T15:06:33.641469
message: Wykryto możliwy atak Beacon Flood: 100 ramek beacon, 2 unikalnych BSSID, 2 unikalnych SSID w oknie 10s.
evidence: {'beacon_count': 100, 'unique_bssid_count': 2, 'unique_ssid_count': 2, 'window_seconds': 10, 'beacon_count_threshold': 100, 'unique_bssid_threshold': 30, 'unique_ssid_threshold': 20, 'triggered_reasons': ['high_beacon_rate'], 'sample_ssids': ['FunBox2-8124', 'TP-LINK_7122'], 'sample_bssids': ['d8:d7:75:45:81:24', 'ac:84:c6:41:71:22']}
!!!!!!!!!!!!!!!!!!!!!!!!!!!!!!!!!!!!!!!!!!!!!!!!!!!!!!!!!!!!!!!!!!!!!!!!!!!!!!!!


================================================================================
STATISTICS after 150.1s
--------------------------------------------------------------------------------
total frames: 45118

by frame type:
  management: 27151
  control: 16332
  data: 1635

by frame subtype:
  deauthentication: 24309
  ack: 8158
  block_ack: 3458
  rts: 2895
  beacon: 2152
  null_data: 949
  cts: 925
  block_ack_request: 896
  qos_data: 336
  probe_response: 304
  data: 236
  probe_request: 208
  action: 117
  qos_null: 114
  authentication: 30
  association_request: 16
  association_response: 15

unique SSIDs: 7
unique BSSIDs: 16
================================================================================

!!!!!!!!!!!!!!!!!!!!!!!!!!!!!!!!!!!!!!!!!!!!!!!!!!!!!!!!!!!!!!!!!!!!!!!!!!!!!!!!
[ALERT] ALERT-000055 | BEACON_FLOOD
severity: MEDIUM
time: 2026-05-16T15:07:24.298970
message: Wykryto możliwy atak Beacon Flood: 100 ramek beacon, 2 unikalnych BSSID, 2 unikalnych SSID w oknie 10s.
evidence: {'beacon_count': 100, 'unique_bssid_count': 2, 'unique_ssid_count': 2, 'window_seconds': 10, 'beacon_count_threshold': 100, 'unique_bssid_threshold': 30, 'unique_ssid_threshold': 20, 'triggered_reasons': ['high_beacon_rate'], 'sample_ssids': ['FunBox2-8124', 'TP-LINK_7122'], 'sample_bssids': ['d8:d7:75:45:81:24', 'ac:84:c6:41:71:22']}
!!!!!!!!!!!!!!!!!!!!!!!!!!!!!!!!!!!!!!!!!!!!!!!!!!!!!!!!!!!!!!!!!!!!!!!!!!!!!!!!


!!!!!!!!!!!!!!!!!!!!!!!!!!!!!!!!!!!!!!!!!!!!!!!!!!!!!!!!!!!!!!!!!!!!!!!!!!!!!!!!
[ALERT] ALERT-000056 | RTS_FLOOD_SOURCE
severity: MEDIUM
time: 2026-05-16T15:07:34.591520
message: Wykryto możliwy RTS Flood z pojedynczego źródła: 50 ramek RTS z adresu ac:bd:70:26:6e:74 w oknie 5s.
evidence: {'source_mac': 'ac:bd:70:26:6e:74', 'rts_count': 50, 'unique_destination_count': 1, 'rts_per_source_threshold': 50, 'window_seconds': 5, 'sample_destinations': ['70:0b:01:45:f0:90']}
!!!!!!!!!!!!!!!!!!!!!!!!!!!!!!!!!!!!!!!!!!!!!!!!!!!!!!!!!!!!!!!!!!!!!!!!!!!!!!!!


================================================================================
STATISTICS after 160.2s
--------------------------------------------------------------------------------
total frames: 46158

by frame type:
  management: 27712
  control: 16612
  data: 1834

by frame subtype:
  deauthentication: 24309
  ack: 8332
  block_ack: 3466
  rts: 2987
  beacon: 2688
  null_data: 1108
  cts: 931
  block_ack_request: 896
  qos_data: 343
  probe_response: 317
  data: 266
  probe_request: 217
  action: 120
  qos_null: 117
  authentication: 30
  association_request: 16
  association_response: 15

unique SSIDs: 7
unique BSSIDs: 16
================================================================================

!!!!!!!!!!!!!!!!!!!!!!!!!!!!!!!!!!!!!!!!!!!!!!!!!!!!!!!!!!!!!!!!!!!!!!!!!!!!!!!!
[ALERT] ALERT-000057 | RTS_CTS_FLOOD_GLOBAL
severity: MEDIUM
time: 2026-05-16T15:07:37.893669
message: Wykryto możliwy RTS/CTS Flood: 100 ramek RTS oraz 1 ramek CTS w oknie 5s.
evidence: {'rts_count': 100, 'cts_count': 1, 'combined_count': 101, 'window_seconds': 5, 'rts_count_threshold': 100, 'cts_count_threshold': 100, 'combined_count_threshold': 150, 'triggered_reasons': ['high_rts_rate'], 'unique_source_count': 2, 'unique_destination_count': 3, 'sample_sources': ['ac:bd:70:26:6e:74', '54:35:30:cf:ee:1e'], 'sample_destinations': ['d8:d7:75:45:81:24', '70:0b:01:45:f0:90', '54:35:30:cf:ee:1e']}
!!!!!!!!!!!!!!!!!!!!!!!!!!!!!!!!!!!!!!!!!!!!!!!!!!!!!!!!!!!!!!!!!!!!!!!!!!!!!!!!


================================================================================
STATISTICS after 170.4s
--------------------------------------------------------------------------------
total frames: 46370

by frame type:
  management: 27792
  control: 16688
  data: 1890

by frame subtype:
  deauthentication: 24309
  ack: 8382
  block_ack: 3468
  rts: 3011
  beacon: 2764
  null_data: 1140
  cts: 931
  block_ack_request: 896
  qos_data: 352
  probe_response: 318
  data: 281
  probe_request: 220
  action: 120
  qos_null: 117
  authentication: 30
  association_request: 16
  association_response: 15

unique SSIDs: 7
unique BSSIDs: 16
================================================================================

================================================================================
STATISTICS after 174.9s
--------------------------------------------------------------------------------
total frames: 46522

by frame type:
  management: 27839
  control: 16761
  data: 1922

by frame subtype:
  deauthentication: 24309
  ack: 8405
  block_ack: 3469
  rts: 3060
  beacon: 2811
  null_data: 1159
  cts: 931
  block_ack_request: 896
  qos_data: 362
  probe_response: 318
  data: 284
  probe_request: 220
  action: 120
  qos_null: 117
  authentication: 30
  association_request: 16
  association_response: 15

unique SSIDs: 7
unique BSSIDs: 16
================================================================================

================================================================================
DETECTION SUMMARY
--------------------------------------------------------------------------------
total alerts: 57

by attack type:
  DEAUTH_FLOOD: 24
  RTS_FLOOD_SOURCE: 13
  BEACON_FLOOD: 11
  RTS_CTS_FLOOD_GLOBAL: 9

by severity:
  CRITICAL: 32
  MEDIUM: 24
  HIGH: 1
================================================================================
