
!!!!!!!!!!!!!!!!!!!!!!!!!!!!!!!!!!!!!!!!!!!!!!!!!!!!!!!!!!!!!!!!!!!!!!!!!!!!!!!!
[ALERT] ALERT-000001 | BEACON_FLOOD
severity: MEDIUM
time: 2026-05-16T15:08:17.223459
message: Wykryto możliwy atak Beacon Flood: 100 ramek beacon, 2 unikalnych BSSID, 2 unikalnych SSID w oknie 10s.
evidence: {'beacon_count': 100, 'unique_bssid_count': 2, 'unique_ssid_count': 2, 'window_seconds': 10, 'beacon_count_threshold': 100, 'unique_bssid_threshold': 30, 'unique_ssid_threshold': 20, 'triggered_reasons': ['high_beacon_rate'], 'sample_ssids': ['TP-LINK_7122', 'FunBox2-8124'], 'sample_bssids': ['ac:84:c6:41:71:22', 'd8:d7:75:45:81:24']}
!!!!!!!!!!!!!!!!!!!!!!!!!!!!!!!!!!!!!!!!!!!!!!!!!!!!!!!!!!!!!!!!!!!!!!!!!!!!!!!!


!!!!!!!!!!!!!!!!!!!!!!!!!!!!!!!!!!!!!!!!!!!!!!!!!!!!!!!!!!!!!!!!!!!!!!!!!!!!!!!!
[ALERT] ALERT-000002 | BEACON_FLOOD
severity: MEDIUM
time: 2026-05-16T15:08:32.686439
message: Wykryto możliwy atak Beacon Flood: 100 ramek beacon, 2 unikalnych BSSID, 2 unikalnych SSID w oknie 10s.
evidence: {'beacon_count': 100, 'unique_bssid_count': 2, 'unique_ssid_count': 2, 'window_seconds': 10, 'beacon_count_threshold': 100, 'unique_bssid_threshold': 30, 'unique_ssid_threshold': 20, 'triggered_reasons': ['high_beacon_rate'], 'sample_ssids': ['TP-LINK_7122', 'FunBox2-8124'], 'sample_bssids': ['ac:84:c6:41:71:22', 'd8:d7:75:45:81:24']}
!!!!!!!!!!!!!!!!!!!!!!!!!!!!!!!!!!!!!!!!!!!!!!!!!!!!!!!!!!!!!!!!!!!!!!!!!!!!!!!!


!!!!!!!!!!!!!!!!!!!!!!!!!!!!!!!!!!!!!!!!!!!!!!!!!!!!!!!!!!!!!!!!!!!!!!!!!!!!!!!!
[ALERT] ALERT-000003 | BEACON_FLOOD
severity: MEDIUM
time: 2026-05-16T15:09:22.761916
message: Wykryto możliwy atak Beacon Flood: 100 ramek beacon, 2 unikalnych BSSID, 2 unikalnych SSID w oknie 10s.
evidence: {'beacon_count': 100, 'unique_bssid_count': 2, 'unique_ssid_count': 2, 'window_seconds': 10, 'beacon_count_threshold': 100, 'unique_bssid_threshold': 30, 'unique_ssid_threshold': 20, 'triggered_reasons': ['high_beacon_rate'], 'sample_ssids': ['TP-LINK_7122', 'FunBox2-8124'], 'sample_bssids': ['ac:84:c6:41:71:22', 'd8:d7:75:45:81:24']}
!!!!!!!!!!!!!!!!!!!!!!!!!!!!!!!!!!!!!!!!!!!!!!!!!!!!!!!!!!!!!!!!!!!!!!!!!!!!!!!!


!!!!!!!!!!!!!!!!!!!!!!!!!!!!!!!!!!!!!!!!!!!!!!!!!!!!!!!!!!!!!!!!!!!!!!!!!!!!!!!!
[ALERT] ALERT-000004 | BEACON_FLOOD
severity: MEDIUM
time: 2026-05-16T15:10:01.982577
message: Wykryto możliwy atak Beacon Flood: 100 ramek beacon, 2 unikalnych BSSID, 2 unikalnych SSID w oknie 10s.
evidence: {'beacon_count': 100, 'unique_bssid_count': 2, 'unique_ssid_count': 2, 'window_seconds': 10, 'beacon_count_threshold': 100, 'unique_bssid_threshold': 30, 'unique_ssid_threshold': 20, 'triggered_reasons': ['high_beacon_rate'], 'sample_ssids': ['TP-LINK_7122', 'FunBox2-8124'], 'sample_bssids': ['ac:84:c6:41:71:22', 'd8:d7:75:45:81:24']}
!!!!!!!!!!!!!!!!!!!!!!!!!!!!!!!!!!!!!!!!!!!!!!!!!!!!!!!!!!!!!!!!!!!!!!!!!!!!!!!!


================================================================================
STATISTICS after 10.0s
--------------------------------------------------------------------------------
total frames: 2047

by frame type:
  management: 1143
  data: 537
  control: 367

by frame subtype:
  beacon: 1091
  null_data: 422
  ack: 339
  data: 101
  probe_response: 30
  qos_data: 12
  deauthentication: 12
  cts: 10
  rts: 9
  block_ack: 9
  probe_request: 6
  action: 4
  qos_null: 2

unique SSIDs: 2
unique BSSIDs: 10
================================================================================

!!!!!!!!!!!!!!!!!!!!!!!!!!!!!!!!!!!!!!!!!!!!!!!!!!!!!!!!!!!!!!!!!!!!!!!!!!!!!!!!
[ALERT] ALERT-000005 | DEAUTH_FLOOD
severity: MEDIUM
time: 2026-05-16T15:10:03.153241
message: Wykryto możliwy atak Deauthentication Flood: 25 ramek deauthentication z adresu d8:d7:75:45:81:24 w oknie 5s.
evidence: {'source_mac': 'd8:d7:75:45:81:24', 'destination_mac': 'ff:ff:ff:ff:ff:ff', 'bssid': 'd8:d7:75:45:81:24', 'count': 25, 'threshold': 25, 'window_seconds': 5}
!!!!!!!!!!!!!!!!!!!!!!!!!!!!!!!!!!!!!!!!!!!!!!!!!!!!!!!!!!!!!!!!!!!!!!!!!!!!!!!!


!!!!!!!!!!!!!!!!!!!!!!!!!!!!!!!!!!!!!!!!!!!!!!!!!!!!!!!!!!!!!!!!!!!!!!!!!!!!!!!!
[ALERT] ALERT-000006 | DEAUTH_FLOOD
severity: MEDIUM
time: 2026-05-16T15:10:03.155249
message: Wykryto możliwy atak Deauthentication Flood: 25 ramek deauthentication z adresu ff:ff:ff:ff:ff:ff w oknie 5s.
evidence: {'source_mac': 'ff:ff:ff:ff:ff:ff', 'destination_mac': 'd8:d7:75:45:81:24', 'bssid': 'd8:d7:75:45:81:24', 'count': 25, 'threshold': 25, 'window_seconds': 5}
!!!!!!!!!!!!!!!!!!!!!!!!!!!!!!!!!!!!!!!!!!!!!!!!!!!!!!!!!!!!!!!!!!!!!!!!!!!!!!!!


================================================================================
STATISTICS after 20.0s
--------------------------------------------------------------------------------
total frames: 3022

by frame type:
  management: 1894
  control: 586
  data: 542

by frame subtype:
  beacon: 1101
  deauthentication: 743
  ack: 558
  null_data: 427
  data: 101
  probe_response: 35
  qos_data: 12
  probe_request: 11
  cts: 10
  rts: 9
  block_ack: 9
  action: 4
  qos_null: 2

unique SSIDs: 2
unique BSSIDs: 10
================================================================================

!!!!!!!!!!!!!!!!!!!!!!!!!!!!!!!!!!!!!!!!!!!!!!!!!!!!!!!!!!!!!!!!!!!!!!!!!!!!!!!!
[ALERT] ALERT-000007 | DEAUTH_FLOOD
severity: CRITICAL
time: 2026-05-16T15:10:08.156798
message: Wykryto możliwy atak Deauthentication Flood: 1161 ramek deauthentication z adresu d8:d7:75:45:81:24 w oknie 5s.
evidence: {'source_mac': 'd8:d7:75:45:81:24', 'destination_mac': 'ff:ff:ff:ff:ff:ff', 'bssid': 'd8:d7:75:45:81:24', 'count': 1161, 'threshold': 25, 'window_seconds': 5}
!!!!!!!!!!!!!!!!!!!!!!!!!!!!!!!!!!!!!!!!!!!!!!!!!!!!!!!!!!!!!!!!!!!!!!!!!!!!!!!!


!!!!!!!!!!!!!!!!!!!!!!!!!!!!!!!!!!!!!!!!!!!!!!!!!!!!!!!!!!!!!!!!!!!!!!!!!!!!!!!!
[ALERT] ALERT-000008 | DEAUTH_FLOOD
severity: CRITICAL
time: 2026-05-16T15:10:08.158924
message: Wykryto możliwy atak Deauthentication Flood: 1160 ramek deauthentication z adresu ff:ff:ff:ff:ff:ff w oknie 5s.
evidence: {'source_mac': 'ff:ff:ff:ff:ff:ff', 'destination_mac': 'd8:d7:75:45:81:24', 'bssid': 'd8:d7:75:45:81:24', 'count': 1160, 'threshold': 25, 'window_seconds': 5}
!!!!!!!!!!!!!!!!!!!!!!!!!!!!!!!!!!!!!!!!!!!!!!!!!!!!!!!!!!!!!!!!!!!!!!!!!!!!!!!!


================================================================================
STATISTICS after 30.0s
--------------------------------------------------------------------------------
total frames: 8139

by frame type:
  management: 5770
  control: 1796
  data: 573

by frame subtype:
  deauthentication: 4494
  ack: 1768
  beacon: 1178
  null_data: 452
  data: 106
  probe_response: 53
  probe_request: 32
  qos_data: 13
  cts: 10
  rts: 9
  block_ack: 9
  action: 6
  authentication: 4
  qos_null: 2
  association_response: 2
  association_request: 1

unique SSIDs: 2
unique BSSIDs: 10
================================================================================

!!!!!!!!!!!!!!!!!!!!!!!!!!!!!!!!!!!!!!!!!!!!!!!!!!!!!!!!!!!!!!!!!!!!!!!!!!!!!!!!
[ALERT] ALERT-000009 | DEAUTH_FLOOD
severity: CRITICAL
time: 2026-05-16T15:10:13.159302
message: Wykryto możliwy atak Deauthentication Flood: 1157 ramek deauthentication z adresu d8:d7:75:45:81:24 w oknie 5s.
evidence: {'source_mac': 'd8:d7:75:45:81:24', 'destination_mac': 'ff:ff:ff:ff:ff:ff', 'bssid': 'd8:d7:75:45:81:24', 'count': 1157, 'threshold': 25, 'window_seconds': 5}
!!!!!!!!!!!!!!!!!!!!!!!!!!!!!!!!!!!!!!!!!!!!!!!!!!!!!!!!!!!!!!!!!!!!!!!!!!!!!!!!


!!!!!!!!!!!!!!!!!!!!!!!!!!!!!!!!!!!!!!!!!!!!!!!!!!!!!!!!!!!!!!!!!!!!!!!!!!!!!!!!
[ALERT] ALERT-000010 | DEAUTH_FLOOD
severity: CRITICAL
time: 2026-05-16T15:10:13.161458
message: Wykryto możliwy atak Deauthentication Flood: 1135 ramek deauthentication z adresu ff:ff:ff:ff:ff:ff w oknie 5s.
evidence: {'source_mac': 'ff:ff:ff:ff:ff:ff', 'destination_mac': 'd8:d7:75:45:81:24', 'bssid': 'd8:d7:75:45:81:24', 'count': 1135, 'threshold': 25, 'window_seconds': 5}
!!!!!!!!!!!!!!!!!!!!!!!!!!!!!!!!!!!!!!!!!!!!!!!!!!!!!!!!!!!!!!!!!!!!!!!!!!!!!!!!


!!!!!!!!!!!!!!!!!!!!!!!!!!!!!!!!!!!!!!!!!!!!!!!!!!!!!!!!!!!!!!!!!!!!!!!!!!!!!!!!
[ALERT] ALERT-000011 | DEAUTH_FLOOD
severity: CRITICAL
time: 2026-05-16T15:10:18.326605
message: Wykryto możliwy atak Deauthentication Flood: 1134 ramek deauthentication z adresu d8:d7:75:45:81:24 w oknie 5s.
evidence: {'source_mac': 'd8:d7:75:45:81:24', 'destination_mac': 'ff:ff:ff:ff:ff:ff', 'bssid': 'd8:d7:75:45:81:24', 'count': 1134, 'threshold': 25, 'window_seconds': 5}
!!!!!!!!!!!!!!!!!!!!!!!!!!!!!!!!!!!!!!!!!!!!!!!!!!!!!!!!!!!!!!!!!!!!!!!!!!!!!!!!


!!!!!!!!!!!!!!!!!!!!!!!!!!!!!!!!!!!!!!!!!!!!!!!!!!!!!!!!!!!!!!!!!!!!!!!!!!!!!!!!
[ALERT] ALERT-000012 | DEAUTH_FLOOD
severity: CRITICAL
time: 2026-05-16T15:10:18.328762
message: Wykryto możliwy atak Deauthentication Flood: 1135 ramek deauthentication z adresu ff:ff:ff:ff:ff:ff w oknie 5s.
evidence: {'source_mac': 'ff:ff:ff:ff:ff:ff', 'destination_mac': 'd8:d7:75:45:81:24', 'bssid': 'd8:d7:75:45:81:24', 'count': 1135, 'threshold': 25, 'window_seconds': 5}
!!!!!!!!!!!!!!!!!!!!!!!!!!!!!!!!!!!!!!!!!!!!!!!!!!!!!!!!!!!!!!!!!!!!!!!!!!!!!!!!


================================================================================
STATISTICS after 40.0s
--------------------------------------------------------------------------------
total frames: 13349

by frame type:
  management: 9755
  control: 2977
  data: 617

by frame subtype:
  deauthentication: 8344
  ack: 2945
  beacon: 1250
  null_data: 477
  data: 108
  probe_response: 79
  probe_request: 57
  qos_data: 30
  block_ack: 11
  action: 11
  cts: 10
  rts: 9
  authentication: 7
  association_response: 4
  association_request: 3
  qos_null: 2
  block_ack_request: 2

unique SSIDs: 2
unique BSSIDs: 10
================================================================================

!!!!!!!!!!!!!!!!!!!!!!!!!!!!!!!!!!!!!!!!!!!!!!!!!!!!!!!!!!!!!!!!!!!!!!!!!!!!!!!!
[ALERT] ALERT-000013 | DEAUTH_FLOOD
severity: CRITICAL
time: 2026-05-16T15:10:23.328236
message: Wykryto możliwy atak Deauthentication Flood: 1130 ramek deauthentication z adresu d8:d7:75:45:81:24 w oknie 5s.
evidence: {'source_mac': 'd8:d7:75:45:81:24', 'destination_mac': 'ff:ff:ff:ff:ff:ff', 'bssid': 'd8:d7:75:45:81:24', 'count': 1130, 'threshold': 25, 'window_seconds': 5}
!!!!!!!!!!!!!!!!!!!!!!!!!!!!!!!!!!!!!!!!!!!!!!!!!!!!!!!!!!!!!!!!!!!!!!!!!!!!!!!!


!!!!!!!!!!!!!!!!!!!!!!!!!!!!!!!!!!!!!!!!!!!!!!!!!!!!!!!!!!!!!!!!!!!!!!!!!!!!!!!!
[ALERT] ALERT-000014 | DEAUTH_FLOOD
severity: CRITICAL
time: 2026-05-16T15:10:23.330362
message: Wykryto możliwy atak Deauthentication Flood: 1115 ramek deauthentication z adresu ff:ff:ff:ff:ff:ff w oknie 5s.
evidence: {'source_mac': 'ff:ff:ff:ff:ff:ff', 'destination_mac': 'd8:d7:75:45:81:24', 'bssid': 'd8:d7:75:45:81:24', 'count': 1115, 'threshold': 25, 'window_seconds': 5}
!!!!!!!!!!!!!!!!!!!!!!!!!!!!!!!!!!!!!!!!!!!!!!!!!!!!!!!!!!!!!!!!!!!!!!!!!!!!!!!!


================================================================================
STATISTICS after 50.0s
--------------------------------------------------------------------------------
total frames: 17132

by frame type:
  management: 12616
  control: 3861
  data: 655

by frame subtype:
  deauthentication: 11098
  ack: 3829
  beacon: 1301
  null_data: 496
  data: 110
  probe_response: 105
  probe_request: 77
  qos_data: 47
  action: 15
  block_ack: 11
  cts: 10
  authentication: 10
  rts: 9
  association_request: 5
  association_response: 5
  qos_null: 2
  block_ack_request: 2

unique SSIDs: 2
unique BSSIDs: 10
================================================================================

!!!!!!!!!!!!!!!!!!!!!!!!!!!!!!!!!!!!!!!!!!!!!!!!!!!!!!!!!!!!!!!!!!!!!!!!!!!!!!!!
[ALERT] ALERT-000015 | DEAUTH_FLOOD
severity: CRITICAL
time: 2026-05-16T15:10:28.329129
message: Wykryto możliwy atak Deauthentication Flood: 1103 ramek deauthentication z adresu d8:d7:75:45:81:24 w oknie 5s.
evidence: {'source_mac': 'd8:d7:75:45:81:24', 'destination_mac': 'ff:ff:ff:ff:ff:ff', 'bssid': 'd8:d7:75:45:81:24', 'count': 1103, 'threshold': 25, 'window_seconds': 5}
!!!!!!!!!!!!!!!!!!!!!!!!!!!!!!!!!!!!!!!!!!!!!!!!!!!!!!!!!!!!!!!!!!!!!!!!!!!!!!!!


!!!!!!!!!!!!!!!!!!!!!!!!!!!!!!!!!!!!!!!!!!!!!!!!!!!!!!!!!!!!!!!!!!!!!!!!!!!!!!!!
[ALERT] ALERT-000016 | DEAUTH_FLOOD
severity: CRITICAL
time: 2026-05-16T15:10:28.331244
message: Wykryto możliwy atak Deauthentication Flood: 1111 ramek deauthentication z adresu ff:ff:ff:ff:ff:ff w oknie 5s.
evidence: {'source_mac': 'ff:ff:ff:ff:ff:ff', 'destination_mac': 'd8:d7:75:45:81:24', 'bssid': 'd8:d7:75:45:81:24', 'count': 1111, 'threshold': 25, 'window_seconds': 5}
!!!!!!!!!!!!!!!!!!!!!!!!!!!!!!!!!!!!!!!!!!!!!!!!!!!!!!!!!!!!!!!!!!!!!!!!!!!!!!!!


================================================================================
STATISTICS after 60.0s
--------------------------------------------------------------------------------
total frames: 18886

by frame type:
  management: 13987
  control: 4237
  data: 662

by frame subtype:
  deauthentication: 12440
  ack: 4205
  beacon: 1324
  null_data: 502
  data: 111
  probe_response: 109
  probe_request: 79
  qos_data: 47
  action: 15
  block_ack: 11
  cts: 10
  authentication: 10
  rts: 9
  association_request: 5
  association_response: 5
  qos_null: 2
  block_ack_request: 2

unique SSIDs: 2
unique BSSIDs: 10
================================================================================

!!!!!!!!!!!!!!!!!!!!!!!!!!!!!!!!!!!!!!!!!!!!!!!!!!!!!!!!!!!!!!!!!!!!!!!!!!!!!!!!
[ALERT] ALERT-000017 | DEAUTH_FLOOD
severity: CRITICAL
time: 2026-05-16T15:10:33.332885
message: Wykryto możliwy atak Deauthentication Flood: 1148 ramek deauthentication z adresu d8:d7:75:45:81:24 w oknie 5s.
evidence: {'source_mac': 'd8:d7:75:45:81:24', 'destination_mac': 'ff:ff:ff:ff:ff:ff', 'bssid': 'd8:d7:75:45:81:24', 'count': 1148, 'threshold': 25, 'window_seconds': 5}
!!!!!!!!!!!!!!!!!!!!!!!!!!!!!!!!!!!!!!!!!!!!!!!!!!!!!!!!!!!!!!!!!!!!!!!!!!!!!!!!


!!!!!!!!!!!!!!!!!!!!!!!!!!!!!!!!!!!!!!!!!!!!!!!!!!!!!!!!!!!!!!!!!!!!!!!!!!!!!!!!
[ALERT] ALERT-000018 | DEAUTH_FLOOD
severity: CRITICAL
time: 2026-05-16T15:10:33.334997
message: Wykryto możliwy atak Deauthentication Flood: 1144 ramek deauthentication z adresu ff:ff:ff:ff:ff:ff w oknie 5s.
evidence: {'source_mac': 'ff:ff:ff:ff:ff:ff', 'destination_mac': 'd8:d7:75:45:81:24', 'bssid': 'd8:d7:75:45:81:24', 'count': 1144, 'threshold': 25, 'window_seconds': 5}
!!!!!!!!!!!!!!!!!!!!!!!!!!!!!!!!!!!!!!!!!!!!!!!!!!!!!!!!!!!!!!!!!!!!!!!!!!!!!!!!


!!!!!!!!!!!!!!!!!!!!!!!!!!!!!!!!!!!!!!!!!!!!!!!!!!!!!!!!!!!!!!!!!!!!!!!!!!!!!!!!
[ALERT] ALERT-000019 | DEAUTH_FLOOD
severity: CRITICAL
time: 2026-05-16T15:10:38.489008
message: Wykryto możliwy atak Deauthentication Flood: 1090 ramek deauthentication z adresu d8:d7:75:45:81:24 w oknie 5s.
evidence: {'source_mac': 'd8:d7:75:45:81:24', 'destination_mac': 'ff:ff:ff:ff:ff:ff', 'bssid': 'd8:d7:75:45:81:24', 'count': 1090, 'threshold': 25, 'window_seconds': 5}
!!!!!!!!!!!!!!!!!!!!!!!!!!!!!!!!!!!!!!!!!!!!!!!!!!!!!!!!!!!!!!!!!!!!!!!!!!!!!!!!


!!!!!!!!!!!!!!!!!!!!!!!!!!!!!!!!!!!!!!!!!!!!!!!!!!!!!!!!!!!!!!!!!!!!!!!!!!!!!!!!
[ALERT] ALERT-000020 | DEAUTH_FLOOD
severity: CRITICAL
time: 2026-05-16T15:10:38.491133
message: Wykryto możliwy atak Deauthentication Flood: 1080 ramek deauthentication z adresu ff:ff:ff:ff:ff:ff w oknie 5s.
evidence: {'source_mac': 'ff:ff:ff:ff:ff:ff', 'destination_mac': 'd8:d7:75:45:81:24', 'bssid': 'd8:d7:75:45:81:24', 'count': 1080, 'threshold': 25, 'window_seconds': 5}
!!!!!!!!!!!!!!!!!!!!!!!!!!!!!!!!!!!!!!!!!!!!!!!!!!!!!!!!!!!!!!!!!!!!!!!!!!!!!!!!


================================================================================
STATISTICS after 70.0s
--------------------------------------------------------------------------------
total frames: 24412

by frame type:
  management: 18321
  control: 5402
  data: 689

by frame subtype:
  deauthentication: 16635
  ack: 5366
  beacon: 1408
  null_data: 520
  probe_response: 130
  data: 113
  probe_request: 98
  qos_data: 53
  action: 20
  authentication: 15
  block_ack: 13
  cts: 10
  rts: 9
  association_request: 8
  association_response: 7
  block_ack_request: 4
  qos_null: 3

unique SSIDs: 2
unique BSSIDs: 10
================================================================================

!!!!!!!!!!!!!!!!!!!!!!!!!!!!!!!!!!!!!!!!!!!!!!!!!!!!!!!!!!!!!!!!!!!!!!!!!!!!!!!!
[ALERT] ALERT-000021 | DEAUTH_FLOOD
severity: CRITICAL
time: 2026-05-16T15:10:43.492524
message: Wykryto możliwy atak Deauthentication Flood: 1009 ramek deauthentication z adresu d8:d7:75:45:81:24 w oknie 5s.
evidence: {'source_mac': 'd8:d7:75:45:81:24', 'destination_mac': 'ff:ff:ff:ff:ff:ff', 'bssid': 'd8:d7:75:45:81:24', 'count': 1009, 'threshold': 25, 'window_seconds': 5}
!!!!!!!!!!!!!!!!!!!!!!!!!!!!!!!!!!!!!!!!!!!!!!!!!!!!!!!!!!!!!!!!!!!!!!!!!!!!!!!!


!!!!!!!!!!!!!!!!!!!!!!!!!!!!!!!!!!!!!!!!!!!!!!!!!!!!!!!!!!!!!!!!!!!!!!!!!!!!!!!!
[ALERT] ALERT-000022 | DEAUTH_FLOOD
severity: CRITICAL
time: 2026-05-16T15:10:43.494658
message: Wykryto możliwy atak Deauthentication Flood: 1010 ramek deauthentication z adresu ff:ff:ff:ff:ff:ff w oknie 5s.
evidence: {'source_mac': 'ff:ff:ff:ff:ff:ff', 'destination_mac': 'd8:d7:75:45:81:24', 'bssid': 'd8:d7:75:45:81:24', 'count': 1010, 'threshold': 25, 'window_seconds': 5}
!!!!!!!!!!!!!!!!!!!!!!!!!!!!!!!!!!!!!!!!!!!!!!!!!!!!!!!!!!!!!!!!!!!!!!!!!!!!!!!!


!!!!!!!!!!!!!!!!!!!!!!!!!!!!!!!!!!!!!!!!!!!!!!!!!!!!!!!!!!!!!!!!!!!!!!!!!!!!!!!!
[ALERT] ALERT-000023 | DEAUTH_FLOOD
severity: CRITICAL
time: 2026-05-16T15:10:48.494956
message: Wykryto możliwy atak Deauthentication Flood: 1152 ramek deauthentication z adresu d8:d7:75:45:81:24 w oknie 5s.
evidence: {'source_mac': 'd8:d7:75:45:81:24', 'destination_mac': 'ff:ff:ff:ff:ff:ff', 'bssid': 'd8:d7:75:45:81:24', 'count': 1152, 'threshold': 25, 'window_seconds': 5}
!!!!!!!!!!!!!!!!!!!!!!!!!!!!!!!!!!!!!!!!!!!!!!!!!!!!!!!!!!!!!!!!!!!!!!!!!!!!!!!!


!!!!!!!!!!!!!!!!!!!!!!!!!!!!!!!!!!!!!!!!!!!!!!!!!!!!!!!!!!!!!!!!!!!!!!!!!!!!!!!!
[ALERT] ALERT-000024 | DEAUTH_FLOOD
severity: CRITICAL
time: 2026-05-16T15:10:48.497140
message: Wykryto możliwy atak Deauthentication Flood: 1150 ramek deauthentication z adresu ff:ff:ff:ff:ff:ff w oknie 5s.
evidence: {'source_mac': 'ff:ff:ff:ff:ff:ff', 'destination_mac': 'd8:d7:75:45:81:24', 'bssid': 'd8:d7:75:45:81:24', 'count': 1150, 'threshold': 25, 'window_seconds': 5}
!!!!!!!!!!!!!!!!!!!!!!!!!!!!!!!!!!!!!!!!!!!!!!!!!!!!!!!!!!!!!!!!!!!!!!!!!!!!!!!!


================================================================================
STATISTICS after 80.0s
--------------------------------------------------------------------------------
total frames: 29980

by frame type:
  management: 22713
  control: 6560
  data: 707

by frame subtype:
  deauthentication: 20899
  ack: 6519
  beacon: 1488
  null_data: 534
  probe_response: 145
  probe_request: 118
  data: 113
  qos_data: 57
  action: 25
  authentication: 19
  block_ack: 16
  cts: 10
  association_request: 10
  rts: 9
  association_response: 9
  block_ack_request: 6
  qos_null: 3

unique SSIDs: 2
unique BSSIDs: 10
================================================================================

!!!!!!!!!!!!!!!!!!!!!!!!!!!!!!!!!!!!!!!!!!!!!!!!!!!!!!!!!!!!!!!!!!!!!!!!!!!!!!!!
[ALERT] ALERT-000025 | DEAUTH_FLOOD
severity: CRITICAL
time: 2026-05-16T15:10:53.495475
message: Wykryto możliwy atak Deauthentication Flood: 1118 ramek deauthentication z adresu d8:d7:75:45:81:24 w oknie 5s.
evidence: {'source_mac': 'd8:d7:75:45:81:24', 'destination_mac': 'ff:ff:ff:ff:ff:ff', 'bssid': 'd8:d7:75:45:81:24', 'count': 1118, 'threshold': 25, 'window_seconds': 5}
!!!!!!!!!!!!!!!!!!!!!!!!!!!!!!!!!!!!!!!!!!!!!!!!!!!!!!!!!!!!!!!!!!!!!!!!!!!!!!!!


!!!!!!!!!!!!!!!!!!!!!!!!!!!!!!!!!!!!!!!!!!!!!!!!!!!!!!!!!!!!!!!!!!!!!!!!!!!!!!!!
[ALERT] ALERT-000026 | DEAUTH_FLOOD
severity: CRITICAL
time: 2026-05-16T15:10:53.497850
message: Wykryto możliwy atak Deauthentication Flood: 1106 ramek deauthentication z adresu ff:ff:ff:ff:ff:ff w oknie 5s.
evidence: {'source_mac': 'ff:ff:ff:ff:ff:ff', 'destination_mac': 'd8:d7:75:45:81:24', 'bssid': 'd8:d7:75:45:81:24', 'count': 1106, 'threshold': 25, 'window_seconds': 5}
!!!!!!!!!!!!!!!!!!!!!!!!!!!!!!!!!!!!!!!!!!!!!!!!!!!!!!!!!!!!!!!!!!!!!!!!!!!!!!!!


!!!!!!!!!!!!!!!!!!!!!!!!!!!!!!!!!!!!!!!!!!!!!!!!!!!!!!!!!!!!!!!!!!!!!!!!!!!!!!!!
[ALERT] ALERT-000027 | DEAUTH_FLOOD
severity: CRITICAL
time: 2026-05-16T15:10:58.622883
message: Wykryto możliwy atak Deauthentication Flood: 1067 ramek deauthentication z adresu d8:d7:75:45:81:24 w oknie 5s.
evidence: {'source_mac': 'd8:d7:75:45:81:24', 'destination_mac': 'ff:ff:ff:ff:ff:ff', 'bssid': 'd8:d7:75:45:81:24', 'count': 1067, 'threshold': 25, 'window_seconds': 5}
!!!!!!!!!!!!!!!!!!!!!!!!!!!!!!!!!!!!!!!!!!!!!!!!!!!!!!!!!!!!!!!!!!!!!!!!!!!!!!!!


!!!!!!!!!!!!!!!!!!!!!!!!!!!!!!!!!!!!!!!!!!!!!!!!!!!!!!!!!!!!!!!!!!!!!!!!!!!!!!!!
[ALERT] ALERT-000028 | DEAUTH_FLOOD
severity: CRITICAL
time: 2026-05-16T15:10:58.625010
message: Wykryto możliwy atak Deauthentication Flood: 1075 ramek deauthentication z adresu ff:ff:ff:ff:ff:ff w oknie 5s.
evidence: {'source_mac': 'ff:ff:ff:ff:ff:ff', 'destination_mac': 'd8:d7:75:45:81:24', 'bssid': 'd8:d7:75:45:81:24', 'count': 1075, 'threshold': 25, 'window_seconds': 5}
!!!!!!!!!!!!!!!!!!!!!!!!!!!!!!!!!!!!!!!!!!!!!!!!!!!!!!!!!!!!!!!!!!!!!!!!!!!!!!!!


================================================================================
STATISTICS after 90.1s
--------------------------------------------------------------------------------
total frames: 35027

by frame type:
  management: 26685
  control: 7616
  data: 726

by frame subtype:
  deauthentication: 24738
  ack: 7571
  beacon: 1562
  null_data: 547
  probe_response: 166
  probe_request: 146
  data: 115
  qos_data: 61
  action: 28
  authentication: 22
  block_ack: 18
  association_request: 12
  association_response: 11
  cts: 10
  rts: 9
  block_ack_request: 8
  qos_null: 3

unique SSIDs: 2
unique BSSIDs: 10
================================================================================

================================================================================
STATISTICS after 100.1s
--------------------------------------------------------------------------------
total frames: 35674

by frame type:
  management: 27191
  control: 7755
  data: 728

by frame subtype:
  deauthentication: 25224
  ack: 7710
  beacon: 1572
  null_data: 549
  probe_response: 172
  probe_request: 150
  data: 115
  qos_data: 61
  action: 28
  authentication: 22
  block_ack: 18
  association_request: 12
  association_response: 11
  cts: 10
  rts: 9
  block_ack_request: 8
  qos_null: 3

unique SSIDs: 2
unique BSSIDs: 10
================================================================================

================================================================================
STATISTICS after 110.1s
--------------------------------------------------------------------------------
total frames: 37412

by frame type:
  management: 28526
  control: 8140
  data: 746

by frame subtype:
  deauthentication: 26501
  ack: 8093
  beacon: 1602
  null_data: 559
  probe_response: 189
  probe_request: 158
  data: 119
  qos_data: 65
  action: 28
  authentication: 24
  block_ack: 18
  association_request: 13
  cts: 11
  association_response: 11
  rts: 10
  block_ack_request: 8
  qos_null: 3

unique SSIDs: 2
unique BSSIDs: 10
================================================================================

!!!!!!!!!!!!!!!!!!!!!!!!!!!!!!!!!!!!!!!!!!!!!!!!!!!!!!!!!!!!!!!!!!!!!!!!!!!!!!!!
[ALERT] ALERT-000029 | BEACON_FLOOD
severity: MEDIUM
time: 2026-05-16T15:11:59.644515
message: Wykryto możliwy atak Beacon Flood: 100 ramek beacon, 2 unikalnych BSSID, 2 unikalnych SSID w oknie 10s.
evidence: {'beacon_count': 100, 'unique_bssid_count': 2, 'unique_ssid_count': 2, 'window_seconds': 10, 'beacon_count_threshold': 100, 'unique_bssid_threshold': 30, 'unique_ssid_threshold': 20, 'triggered_reasons': ['high_beacon_rate'], 'sample_ssids': ['TP-LINK_7122', 'FunBox2-8124'], 'sample_bssids': ['ac:84:c6:41:71:22', 'd8:d7:75:45:81:24']}
!!!!!!!!!!!!!!!!!!!!!!!!!!!!!!!!!!!!!!!!!!!!!!!!!!!!!!!!!!!!!!!!!!!!!!!!!!!!!!!!


!!!!!!!!!!!!!!!!!!!!!!!!!!!!!!!!!!!!!!!!!!!!!!!!!!!!!!!!!!!!!!!!!!!!!!!!!!!!!!!!
[ALERT] ALERT-000030 | BEACON_FLOOD
severity: MEDIUM
time: 2026-05-16T15:12:53.816163
message: Wykryto możliwy atak Beacon Flood: 100 ramek beacon, 2 unikalnych BSSID, 2 unikalnych SSID w oknie 10s.
evidence: {'beacon_count': 100, 'unique_bssid_count': 2, 'unique_ssid_count': 2, 'window_seconds': 10, 'beacon_count_threshold': 100, 'unique_bssid_threshold': 30, 'unique_ssid_threshold': 20, 'triggered_reasons': ['high_beacon_rate'], 'sample_ssids': ['TP-LINK_7122', 'FunBox2-8124'], 'sample_bssids': ['ac:84:c6:41:71:22', 'd8:d7:75:45:81:24']}
!!!!!!!!!!!!!!!!!!!!!!!!!!!!!!!!!!!!!!!!!!!!!!!!!!!!!!!!!!!!!!!!!!!!!!!!!!!!!!!!


================================================================================
STATISTICS after 120.1s
--------------------------------------------------------------------------------
total frames: 39630

by frame type:
  management: 29683
  control: 8694
  data: 1253

by frame subtype:
  deauthentication: 26501
  ack: 8513
  beacon: 2675
  null_data: 846
  data: 291
  probe_response: 236
  probe_request: 183
  qos_data: 111
  block_ack: 62
  cts: 55
  rts: 54
  action: 37
  authentication: 26
  association_request: 13
  association_response: 12
  block_ack_request: 10
  qos_null: 5

unique SSIDs: 2
unique BSSIDs: 11
================================================================================

================================================================================
STATISTICS after 120.6s
--------------------------------------------------------------------------------
total frames: 39726

by frame type:
  management: 29737
  control: 8711
  data: 1278

by frame subtype:
  deauthentication: 26501
  ack: 8530
  beacon: 2729
  null_data: 867
  data: 295
  probe_response: 236
  probe_request: 183
  qos_data: 111
  block_ack: 62
  cts: 55
  rts: 54
  action: 37
  authentication: 26
  association_request: 13
  association_response: 12
  block_ack_request: 10
  qos_null: 5

unique SSIDs: 2
unique BSSIDs: 11
================================================================================

================================================================================
DETECTION SUMMARY
--------------------------------------------------------------------------------
total alerts: 30

by attack type:
  DEAUTH_FLOOD: 24
  BEACON_FLOOD: 6

by severity:
  CRITICAL: 22
  MEDIUM: 8
================================================================================
