
!!!!!!!!!!!!!!!!!!!!!!!!!!!!!!!!!!!!!!!!!!!!!!!!!!!!!!!!!!!!!!!!!!!!!!!!!!!!!!!!
[ALERT] ALERT-000001 | DEAUTH_FLOOD
severity: MEDIUM
time: 2026-05-16T15:15:20.730571
message: Wykryto możliwy atak Deauthentication Flood: 100 ramek deauthentication z adresu d8:d7:75:45:81:24 w oknie 5s.
evidence: {'source_mac': 'd8:d7:75:45:81:24', 'destination_mac': 'ff:ff:ff:ff:ff:ff', 'bssid': 'd8:d7:75:45:81:24', 'count': 100, 'threshold': 100, 'window_seconds': 5}
!!!!!!!!!!!!!!!!!!!!!!!!!!!!!!!!!!!!!!!!!!!!!!!!!!!!!!!!!!!!!!!!!!!!!!!!!!!!!!!!


!!!!!!!!!!!!!!!!!!!!!!!!!!!!!!!!!!!!!!!!!!!!!!!!!!!!!!!!!!!!!!!!!!!!!!!!!!!!!!!!
[ALERT] ALERT-000002 | DEAUTH_FLOOD
severity: MEDIUM
time: 2026-05-16T15:15:20.732944
message: Wykryto możliwy atak Deauthentication Flood: 100 ramek deauthentication z adresu ff:ff:ff:ff:ff:ff w oknie 5s.
evidence: {'source_mac': 'ff:ff:ff:ff:ff:ff', 'destination_mac': 'd8:d7:75:45:81:24', 'bssid': 'd8:d7:75:45:81:24', 'count': 100, 'threshold': 100, 'window_seconds': 5}
!!!!!!!!!!!!!!!!!!!!!!!!!!!!!!!!!!!!!!!!!!!!!!!!!!!!!!!!!!!!!!!!!!!!!!!!!!!!!!!!


!!!!!!!!!!!!!!!!!!!!!!!!!!!!!!!!!!!!!!!!!!!!!!!!!!!!!!!!!!!!!!!!!!!!!!!!!!!!!!!!
[ALERT] ALERT-000003 | DEAUTH_FLOOD
severity: CRITICAL
time: 2026-05-16T15:15:25.900084
message: Wykryto możliwy atak Deauthentication Flood: 1076 ramek deauthentication z adresu d8:d7:75:45:81:24 w oknie 5s.
evidence: {'source_mac': 'd8:d7:75:45:81:24', 'destination_mac': 'ff:ff:ff:ff:ff:ff', 'bssid': 'd8:d7:75:45:81:24', 'count': 1076, 'threshold': 100, 'window_seconds': 5}
!!!!!!!!!!!!!!!!!!!!!!!!!!!!!!!!!!!!!!!!!!!!!!!!!!!!!!!!!!!!!!!!!!!!!!!!!!!!!!!!


!!!!!!!!!!!!!!!!!!!!!!!!!!!!!!!!!!!!!!!!!!!!!!!!!!!!!!!!!!!!!!!!!!!!!!!!!!!!!!!!
[ALERT] ALERT-000004 | DEAUTH_FLOOD
severity: CRITICAL
time: 2026-05-16T15:15:25.902545
message: Wykryto możliwy atak Deauthentication Flood: 1074 ramek deauthentication z adresu ff:ff:ff:ff:ff:ff w oknie 5s.
evidence: {'source_mac': 'ff:ff:ff:ff:ff:ff', 'destination_mac': 'd8:d7:75:45:81:24', 'bssid': 'd8:d7:75:45:81:24', 'count': 1074, 'threshold': 100, 'window_seconds': 5}
!!!!!!!!!!!!!!!!!!!!!!!!!!!!!!!!!!!!!!!!!!!!!!!!!!!!!!!!!!!!!!!!!!!!!!!!!!!!!!!!


!!!!!!!!!!!!!!!!!!!!!!!!!!!!!!!!!!!!!!!!!!!!!!!!!!!!!!!!!!!!!!!!!!!!!!!!!!!!!!!!
[ALERT] ALERT-000005 | DEAUTH_FLOOD
severity: CRITICAL
time: 2026-05-16T15:15:30.900099
message: Wykryto możliwy atak Deauthentication Flood: 1116 ramek deauthentication z adresu d8:d7:75:45:81:24 w oknie 5s.
evidence: {'source_mac': 'd8:d7:75:45:81:24', 'destination_mac': 'ff:ff:ff:ff:ff:ff', 'bssid': 'd8:d7:75:45:81:24', 'count': 1116, 'threshold': 100, 'window_seconds': 5}
!!!!!!!!!!!!!!!!!!!!!!!!!!!!!!!!!!!!!!!!!!!!!!!!!!!!!!!!!!!!!!!!!!!!!!!!!!!!!!!!


!!!!!!!!!!!!!!!!!!!!!!!!!!!!!!!!!!!!!!!!!!!!!!!!!!!!!!!!!!!!!!!!!!!!!!!!!!!!!!!!
[ALERT] ALERT-000006 | DEAUTH_FLOOD
severity: CRITICAL
time: 2026-05-16T15:15:30.904348
message: Wykryto możliwy atak Deauthentication Flood: 1123 ramek deauthentication z adresu ff:ff:ff:ff:ff:ff w oknie 5s.
evidence: {'source_mac': 'ff:ff:ff:ff:ff:ff', 'destination_mac': 'd8:d7:75:45:81:24', 'bssid': 'd8:d7:75:45:81:24', 'count': 1123, 'threshold': 100, 'window_seconds': 5}
!!!!!!!!!!!!!!!!!!!!!!!!!!!!!!!!!!!!!!!!!!!!!!!!!!!!!!!!!!!!!!!!!!!!!!!!!!!!!!!!


!!!!!!!!!!!!!!!!!!!!!!!!!!!!!!!!!!!!!!!!!!!!!!!!!!!!!!!!!!!!!!!!!!!!!!!!!!!!!!!!
[ALERT] ALERT-000007 | DEAUTH_FLOOD
severity: CRITICAL
time: 2026-05-16T15:15:35.900485
message: Wykryto możliwy atak Deauthentication Flood: 1115 ramek deauthentication z adresu d8:d7:75:45:81:24 w oknie 5s.
evidence: {'source_mac': 'd8:d7:75:45:81:24', 'destination_mac': 'ff:ff:ff:ff:ff:ff', 'bssid': 'd8:d7:75:45:81:24', 'count': 1115, 'threshold': 100, 'window_seconds': 5}
!!!!!!!!!!!!!!!!!!!!!!!!!!!!!!!!!!!!!!!!!!!!!!!!!!!!!!!!!!!!!!!!!!!!!!!!!!!!!!!!


!!!!!!!!!!!!!!!!!!!!!!!!!!!!!!!!!!!!!!!!!!!!!!!!!!!!!!!!!!!!!!!!!!!!!!!!!!!!!!!!
[ALERT] ALERT-000008 | DEAUTH_FLOOD
severity: CRITICAL
time: 2026-05-16T15:15:35.907993
message: Wykryto możliwy atak Deauthentication Flood: 1120 ramek deauthentication z adresu ff:ff:ff:ff:ff:ff w oknie 5s.
evidence: {'source_mac': 'ff:ff:ff:ff:ff:ff', 'destination_mac': 'd8:d7:75:45:81:24', 'bssid': 'd8:d7:75:45:81:24', 'count': 1120, 'threshold': 100, 'window_seconds': 5}
!!!!!!!!!!!!!!!!!!!!!!!!!!!!!!!!!!!!!!!!!!!!!!!!!!!!!!!!!!!!!!!!!!!!!!!!!!!!!!!!


================================================================================
STATISTICS after 10.0s
--------------------------------------------------------------------------------
total frames: 11455

by frame type:
  management: 8520
  control: 2441
  data: 494

by frame subtype:
  deauthentication: 7135
  ack: 2407
  beacon: 1199
  null_data: 303
  data: 160
  probe_response: 91
  probe_request: 70
  qos_data: 27
  cts: 12
  block_ack: 11
  action: 10
  rts: 9
  authentication: 8
  qos_null: 4
  association_request: 4
  association_response: 3
  block_ack_request: 2

unique SSIDs: 2
unique BSSIDs: 10
================================================================================

!!!!!!!!!!!!!!!!!!!!!!!!!!!!!!!!!!!!!!!!!!!!!!!!!!!!!!!!!!!!!!!!!!!!!!!!!!!!!!!!
[ALERT] ALERT-000009 | DEAUTH_FLOOD
severity: CRITICAL
time: 2026-05-16T15:15:40.904987
message: Wykryto możliwy atak Deauthentication Flood: 1044 ramek deauthentication z adresu d8:d7:75:45:81:24 w oknie 5s.
evidence: {'source_mac': 'd8:d7:75:45:81:24', 'destination_mac': 'ff:ff:ff:ff:ff:ff', 'bssid': 'd8:d7:75:45:81:24', 'count': 1044, 'threshold': 100, 'window_seconds': 5}
!!!!!!!!!!!!!!!!!!!!!!!!!!!!!!!!!!!!!!!!!!!!!!!!!!!!!!!!!!!!!!!!!!!!!!!!!!!!!!!!


!!!!!!!!!!!!!!!!!!!!!!!!!!!!!!!!!!!!!!!!!!!!!!!!!!!!!!!!!!!!!!!!!!!!!!!!!!!!!!!!
[ALERT] ALERT-000010 | DEAUTH_FLOOD
severity: CRITICAL
time: 2026-05-16T15:15:40.912425
message: Wykryto możliwy atak Deauthentication Flood: 1035 ramek deauthentication z adresu ff:ff:ff:ff:ff:ff w oknie 5s.
evidence: {'source_mac': 'ff:ff:ff:ff:ff:ff', 'destination_mac': 'd8:d7:75:45:81:24', 'bssid': 'd8:d7:75:45:81:24', 'count': 1035, 'threshold': 100, 'window_seconds': 5}
!!!!!!!!!!!!!!!!!!!!!!!!!!!!!!!!!!!!!!!!!!!!!!!!!!!!!!!!!!!!!!!!!!!!!!!!!!!!!!!!


!!!!!!!!!!!!!!!!!!!!!!!!!!!!!!!!!!!!!!!!!!!!!!!!!!!!!!!!!!!!!!!!!!!!!!!!!!!!!!!!
[ALERT] ALERT-000011 | DEAUTH_FLOOD
severity: CRITICAL
time: 2026-05-16T15:15:46.081259
message: Wykryto możliwy atak Deauthentication Flood: 1098 ramek deauthentication z adresu d8:d7:75:45:81:24 w oknie 5s.
evidence: {'source_mac': 'd8:d7:75:45:81:24', 'destination_mac': 'ff:ff:ff:ff:ff:ff', 'bssid': 'd8:d7:75:45:81:24', 'count': 1098, 'threshold': 100, 'window_seconds': 5}
!!!!!!!!!!!!!!!!!!!!!!!!!!!!!!!!!!!!!!!!!!!!!!!!!!!!!!!!!!!!!!!!!!!!!!!!!!!!!!!!


!!!!!!!!!!!!!!!!!!!!!!!!!!!!!!!!!!!!!!!!!!!!!!!!!!!!!!!!!!!!!!!!!!!!!!!!!!!!!!!!
[ALERT] ALERT-000012 | DEAUTH_FLOOD
severity: CRITICAL
time: 2026-05-16T15:15:46.083385
message: Wykryto możliwy atak Deauthentication Flood: 1111 ramek deauthentication z adresu ff:ff:ff:ff:ff:ff w oknie 5s.
evidence: {'source_mac': 'ff:ff:ff:ff:ff:ff', 'destination_mac': 'd8:d7:75:45:81:24', 'bssid': 'd8:d7:75:45:81:24', 'count': 1111, 'threshold': 100, 'window_seconds': 5}
!!!!!!!!!!!!!!!!!!!!!!!!!!!!!!!!!!!!!!!!!!!!!!!!!!!!!!!!!!!!!!!!!!!!!!!!!!!!!!!!


================================================================================
STATISTICS after 20.0s
--------------------------------------------------------------------------------
total frames: 17611

by frame type:
  management: 13346
  control: 3739
  data: 526

by frame subtype:
  deauthentication: 11832
  ack: 3701
  beacon: 1288
  null_data: 326
  data: 165
  probe_response: 107
  probe_request: 86
  qos_data: 31
  action: 14
  block_ack: 13
  cts: 12
  authentication: 10
  rts: 9
  association_request: 5
  qos_null: 4
  association_response: 4
  block_ack_request: 4

unique SSIDs: 2
unique BSSIDs: 10
================================================================================

!!!!!!!!!!!!!!!!!!!!!!!!!!!!!!!!!!!!!!!!!!!!!!!!!!!!!!!!!!!!!!!!!!!!!!!!!!!!!!!!
[ALERT] ALERT-000013 | DEAUTH_FLOOD
severity: CRITICAL
time: 2026-05-16T15:15:51.082267
message: Wykryto możliwy atak Deauthentication Flood: 1112 ramek deauthentication z adresu d8:d7:75:45:81:24 w oknie 5s.
evidence: {'source_mac': 'd8:d7:75:45:81:24', 'destination_mac': 'ff:ff:ff:ff:ff:ff', 'bssid': 'd8:d7:75:45:81:24', 'count': 1112, 'threshold': 100, 'window_seconds': 5}
!!!!!!!!!!!!!!!!!!!!!!!!!!!!!!!!!!!!!!!!!!!!!!!!!!!!!!!!!!!!!!!!!!!!!!!!!!!!!!!!


!!!!!!!!!!!!!!!!!!!!!!!!!!!!!!!!!!!!!!!!!!!!!!!!!!!!!!!!!!!!!!!!!!!!!!!!!!!!!!!!
[ALERT] ALERT-000014 | DEAUTH_FLOOD
severity: CRITICAL
time: 2026-05-16T15:15:51.084723
message: Wykryto możliwy atak Deauthentication Flood: 1120 ramek deauthentication z adresu ff:ff:ff:ff:ff:ff w oknie 5s.
evidence: {'source_mac': 'ff:ff:ff:ff:ff:ff', 'destination_mac': 'd8:d7:75:45:81:24', 'bssid': 'd8:d7:75:45:81:24', 'count': 1120, 'threshold': 100, 'window_seconds': 5}
!!!!!!!!!!!!!!!!!!!!!!!!!!!!!!!!!!!!!!!!!!!!!!!!!!!!!!!!!!!!!!!!!!!!!!!!!!!!!!!!


!!!!!!!!!!!!!!!!!!!!!!!!!!!!!!!!!!!!!!!!!!!!!!!!!!!!!!!!!!!!!!!!!!!!!!!!!!!!!!!!
[ALERT] ALERT-000015 | DEAUTH_FLOOD
severity: CRITICAL
time: 2026-05-16T15:15:56.085572
message: Wykryto możliwy atak Deauthentication Flood: 1108 ramek deauthentication z adresu d8:d7:75:45:81:24 w oknie 5s.
evidence: {'source_mac': 'd8:d7:75:45:81:24', 'destination_mac': 'ff:ff:ff:ff:ff:ff', 'bssid': 'd8:d7:75:45:81:24', 'count': 1108, 'threshold': 100, 'window_seconds': 5}
!!!!!!!!!!!!!!!!!!!!!!!!!!!!!!!!!!!!!!!!!!!!!!!!!!!!!!!!!!!!!!!!!!!!!!!!!!!!!!!!


!!!!!!!!!!!!!!!!!!!!!!!!!!!!!!!!!!!!!!!!!!!!!!!!!!!!!!!!!!!!!!!!!!!!!!!!!!!!!!!!
[ALERT] ALERT-000016 | DEAUTH_FLOOD
severity: CRITICAL
time: 2026-05-16T15:15:56.087687
message: Wykryto możliwy atak Deauthentication Flood: 1111 ramek deauthentication z adresu ff:ff:ff:ff:ff:ff w oknie 5s.
evidence: {'source_mac': 'ff:ff:ff:ff:ff:ff', 'destination_mac': 'd8:d7:75:45:81:24', 'bssid': 'd8:d7:75:45:81:24', 'count': 1111, 'threshold': 100, 'window_seconds': 5}
!!!!!!!!!!!!!!!!!!!!!!!!!!!!!!!!!!!!!!!!!!!!!!!!!!!!!!!!!!!!!!!!!!!!!!!!!!!!!!!!


!!!!!!!!!!!!!!!!!!!!!!!!!!!!!!!!!!!!!!!!!!!!!!!!!!!!!!!!!!!!!!!!!!!!!!!!!!!!!!!!
[ALERT] ALERT-000017 | DEAUTH_FLOOD
severity: CRITICAL
time: 2026-05-16T15:16:01.085665
message: Wykryto możliwy atak Deauthentication Flood: 1095 ramek deauthentication z adresu d8:d7:75:45:81:24 w oknie 5s.
evidence: {'source_mac': 'd8:d7:75:45:81:24', 'destination_mac': 'ff:ff:ff:ff:ff:ff', 'bssid': 'd8:d7:75:45:81:24', 'count': 1095, 'threshold': 100, 'window_seconds': 5}
!!!!!!!!!!!!!!!!!!!!!!!!!!!!!!!!!!!!!!!!!!!!!!!!!!!!!!!!!!!!!!!!!!!!!!!!!!!!!!!!


!!!!!!!!!!!!!!!!!!!!!!!!!!!!!!!!!!!!!!!!!!!!!!!!!!!!!!!!!!!!!!!!!!!!!!!!!!!!!!!!
[ALERT] ALERT-000018 | DEAUTH_FLOOD
severity: CRITICAL
time: 2026-05-16T15:16:01.088041
message: Wykryto możliwy atak Deauthentication Flood: 1093 ramek deauthentication z adresu ff:ff:ff:ff:ff:ff w oknie 5s.
evidence: {'source_mac': 'ff:ff:ff:ff:ff:ff', 'destination_mac': 'd8:d7:75:45:81:24', 'bssid': 'd8:d7:75:45:81:24', 'count': 1093, 'threshold': 100, 'window_seconds': 5}
!!!!!!!!!!!!!!!!!!!!!!!!!!!!!!!!!!!!!!!!!!!!!!!!!!!!!!!!!!!!!!!!!!!!!!!!!!!!!!!!


!!!!!!!!!!!!!!!!!!!!!!!!!!!!!!!!!!!!!!!!!!!!!!!!!!!!!!!!!!!!!!!!!!!!!!!!!!!!!!!!
[ALERT] ALERT-000019 | DEAUTH_FLOOD
severity: CRITICAL
time: 2026-05-16T15:16:06.256507
message: Wykryto możliwy atak Deauthentication Flood: 1079 ramek deauthentication z adresu d8:d7:75:45:81:24 w oknie 5s.
evidence: {'source_mac': 'd8:d7:75:45:81:24', 'destination_mac': 'ff:ff:ff:ff:ff:ff', 'bssid': 'd8:d7:75:45:81:24', 'count': 1079, 'threshold': 100, 'window_seconds': 5}
!!!!!!!!!!!!!!!!!!!!!!!!!!!!!!!!!!!!!!!!!!!!!!!!!!!!!!!!!!!!!!!!!!!!!!!!!!!!!!!!


!!!!!!!!!!!!!!!!!!!!!!!!!!!!!!!!!!!!!!!!!!!!!!!!!!!!!!!!!!!!!!!!!!!!!!!!!!!!!!!!
[ALERT] ALERT-000020 | DEAUTH_FLOOD
severity: CRITICAL
time: 2026-05-16T15:16:06.258646
message: Wykryto możliwy atak Deauthentication Flood: 1055 ramek deauthentication z adresu ff:ff:ff:ff:ff:ff w oknie 5s.
evidence: {'source_mac': 'ff:ff:ff:ff:ff:ff', 'destination_mac': 'd8:d7:75:45:81:24', 'bssid': 'd8:d7:75:45:81:24', 'count': 1055, 'threshold': 100, 'window_seconds': 5}
!!!!!!!!!!!!!!!!!!!!!!!!!!!!!!!!!!!!!!!!!!!!!!!!!!!!!!!!!!!!!!!!!!!!!!!!!!!!!!!!


!!!!!!!!!!!!!!!!!!!!!!!!!!!!!!!!!!!!!!!!!!!!!!!!!!!!!!!!!!!!!!!!!!!!!!!!!!!!!!!!
[ALERT] ALERT-000021 | DEAUTH_FLOOD
severity: CRITICAL
time: 2026-05-16T15:16:11.257334
message: Wykryto możliwy atak Deauthentication Flood: 1091 ramek deauthentication z adresu d8:d7:75:45:81:24 w oknie 5s.
evidence: {'source_mac': 'd8:d7:75:45:81:24', 'destination_mac': 'ff:ff:ff:ff:ff:ff', 'bssid': 'd8:d7:75:45:81:24', 'count': 1091, 'threshold': 100, 'window_seconds': 5}
!!!!!!!!!!!!!!!!!!!!!!!!!!!!!!!!!!!!!!!!!!!!!!!!!!!!!!!!!!!!!!!!!!!!!!!!!!!!!!!!


!!!!!!!!!!!!!!!!!!!!!!!!!!!!!!!!!!!!!!!!!!!!!!!!!!!!!!!!!!!!!!!!!!!!!!!!!!!!!!!!
[ALERT] ALERT-000022 | DEAUTH_FLOOD
severity: CRITICAL
time: 2026-05-16T15:16:11.259502
message: Wykryto możliwy atak Deauthentication Flood: 1078 ramek deauthentication z adresu ff:ff:ff:ff:ff:ff w oknie 5s.
evidence: {'source_mac': 'ff:ff:ff:ff:ff:ff', 'destination_mac': 'd8:d7:75:45:81:24', 'bssid': 'd8:d7:75:45:81:24', 'count': 1078, 'threshold': 100, 'window_seconds': 5}
!!!!!!!!!!!!!!!!!!!!!!!!!!!!!!!!!!!!!!!!!!!!!!!!!!!!!!!!!!!!!!!!!!!!!!!!!!!!!!!!


================================================================================
STATISTICS after 30.0s
--------------------------------------------------------------------------------
total frames: 31522

by frame type:
  management: 24332
  control: 6603
  data: 587

by frame subtype:
  deauthentication: 22471
  ack: 6561
  beacon: 1491
  null_data: 372
  data: 172
  probe_response: 163
  probe_request: 149
  qos_data: 39
  action: 22
  authentication: 18
  block_ack: 15
  cts: 12
  rts: 9
  association_request: 9
  association_response: 9
  block_ack_request: 6
  qos_null: 4

unique SSIDs: 2
unique BSSIDs: 10
================================================================================

!!!!!!!!!!!!!!!!!!!!!!!!!!!!!!!!!!!!!!!!!!!!!!!!!!!!!!!!!!!!!!!!!!!!!!!!!!!!!!!!
[ALERT] ALERT-000023 | DEAUTH_FLOOD
severity: CRITICAL
time: 2026-05-16T15:16:16.257701
message: Wykryto możliwy atak Deauthentication Flood: 1111 ramek deauthentication z adresu d8:d7:75:45:81:24 w oknie 5s.
evidence: {'source_mac': 'd8:d7:75:45:81:24', 'destination_mac': 'ff:ff:ff:ff:ff:ff', 'bssid': 'd8:d7:75:45:81:24', 'count': 1111, 'threshold': 100, 'window_seconds': 5}
!!!!!!!!!!!!!!!!!!!!!!!!!!!!!!!!!!!!!!!!!!!!!!!!!!!!!!!!!!!!!!!!!!!!!!!!!!!!!!!!


!!!!!!!!!!!!!!!!!!!!!!!!!!!!!!!!!!!!!!!!!!!!!!!!!!!!!!!!!!!!!!!!!!!!!!!!!!!!!!!!
[ALERT] ALERT-000024 | DEAUTH_FLOOD
severity: CRITICAL
time: 2026-05-16T15:16:16.261824
message: Wykryto możliwy atak Deauthentication Flood: 1102 ramek deauthentication z adresu ff:ff:ff:ff:ff:ff w oknie 5s.
evidence: {'source_mac': 'ff:ff:ff:ff:ff:ff', 'destination_mac': 'd8:d7:75:45:81:24', 'bssid': 'd8:d7:75:45:81:24', 'count': 1102, 'threshold': 100, 'window_seconds': 5}
!!!!!!!!!!!!!!!!!!!!!!!!!!!!!!!!!!!!!!!!!!!!!!!!!!!!!!!!!!!!!!!!!!!!!!!!!!!!!!!!


================================================================================
STATISTICS after 40.0s
--------------------------------------------------------------------------------
total frames: 37119

by frame type:
  management: 28406
  control: 7866
  data: 847

by frame subtype:
  deauthentication: 25942
  ack: 7706
  beacon: 1988
  null_data: 521
  data: 231
  probe_response: 203
  probe_request: 184
  qos_data: 90
  block_ack: 57
  cts: 47
  rts: 44
  action: 39
  authentication: 24
  association_request: 13
  association_response: 13
  block_ack_request: 12
  qos_null: 5

unique SSIDs: 2
unique BSSIDs: 11
================================================================================

================================================================================
STATISTICS after 42.1s
--------------------------------------------------------------------------------
total frames: 38244

by frame type:
  management: 29110
  control: 8098
  data: 1036

by frame subtype:
  deauthentication: 25942
  ack: 7905
  beacon: 2643
  null_data: 656
  data: 269
  probe_response: 232
  probe_request: 202
  qos_data: 103
  block_ack: 67
  cts: 58
  rts: 56
  action: 41
  authentication: 24
  association_request: 13
  association_response: 13
  block_ack_request: 12
  qos_null: 8

unique SSIDs: 2
unique BSSIDs: 12
================================================================================

================================================================================
DETECTION SUMMARY
--------------------------------------------------------------------------------
total alerts: 24

by attack type:
  DEAUTH_FLOOD: 24

by severity:
  CRITICAL: 22
  MEDIUM: 2
================================================================================
