
!!!!!!!!!!!!!!!!!!!!!!!!!!!!!!!!!!!!!!!!!!!!!!!!!!!!!!!!!!!!!!!!!!!!!!!!!!!!!!!!
[ALERT] ALERT-000001 | DISASSOC_FLOOD
severity: MEDIUM
time: 2026-05-16T15:20:38.772561
message: Wykryto możliwy atak Disassociation Flood: 20 ramek disassociation z adresu d8:d7:75:45:81:24 w oknie 5s.
evidence: {'source_mac': 'd8:d7:75:45:81:24', 'destination_mac': 'ff:ff:ff:ff:ff:ff', 'bssid': 'd8:d7:75:45:81:24', 'count': 20, 'threshold': 20, 'window_seconds': 5}
!!!!!!!!!!!!!!!!!!!!!!!!!!!!!!!!!!!!!!!!!!!!!!!!!!!!!!!!!!!!!!!!!!!!!!!!!!!!!!!!


!!!!!!!!!!!!!!!!!!!!!!!!!!!!!!!!!!!!!!!!!!!!!!!!!!!!!!!!!!!!!!!!!!!!!!!!!!!!!!!!
[ALERT] ALERT-000002 | DISASSOC_FLOOD
severity: CRITICAL
time: 2026-05-16T15:20:43.815812
message: Wykryto możliwy atak Disassociation Flood: 161 ramek disassociation z adresu d8:d7:75:45:81:24 w oknie 5s.
evidence: {'source_mac': 'd8:d7:75:45:81:24', 'destination_mac': 'ff:ff:ff:ff:ff:ff', 'bssid': 'd8:d7:75:45:81:24', 'count': 161, 'threshold': 20, 'window_seconds': 5}
!!!!!!!!!!!!!!!!!!!!!!!!!!!!!!!!!!!!!!!!!!!!!!!!!!!!!!!!!!!!!!!!!!!!!!!!!!!!!!!!


!!!!!!!!!!!!!!!!!!!!!!!!!!!!!!!!!!!!!!!!!!!!!!!!!!!!!!!!!!!!!!!!!!!!!!!!!!!!!!!!
[ALERT] ALERT-000003 | DISASSOC_FLOOD
severity: CRITICAL
time: 2026-05-16T15:20:48.859300
message: Wykryto możliwy atak Disassociation Flood: 159 ramek disassociation z adresu d8:d7:75:45:81:24 w oknie 5s.
evidence: {'source_mac': 'd8:d7:75:45:81:24', 'destination_mac': 'ff:ff:ff:ff:ff:ff', 'bssid': 'd8:d7:75:45:81:24', 'count': 159, 'threshold': 20, 'window_seconds': 5}
!!!!!!!!!!!!!!!!!!!!!!!!!!!!!!!!!!!!!!!!!!!!!!!!!!!!!!!!!!!!!!!!!!!!!!!!!!!!!!!!


!!!!!!!!!!!!!!!!!!!!!!!!!!!!!!!!!!!!!!!!!!!!!!!!!!!!!!!!!!!!!!!!!!!!!!!!!!!!!!!!
[ALERT] ALERT-000004 | DISASSOC_FLOOD
severity: CRITICAL
time: 2026-05-16T15:20:53.859835
message: Wykryto możliwy atak Disassociation Flood: 161 ramek disassociation z adresu d8:d7:75:45:81:24 w oknie 5s.
evidence: {'source_mac': 'd8:d7:75:45:81:24', 'destination_mac': 'ff:ff:ff:ff:ff:ff', 'bssid': 'd8:d7:75:45:81:24', 'count': 161, 'threshold': 20, 'window_seconds': 5}
!!!!!!!!!!!!!!!!!!!!!!!!!!!!!!!!!!!!!!!!!!!!!!!!!!!!!!!!!!!!!!!!!!!!!!!!!!!!!!!!


!!!!!!!!!!!!!!!!!!!!!!!!!!!!!!!!!!!!!!!!!!!!!!!!!!!!!!!!!!!!!!!!!!!!!!!!!!!!!!!!
[ALERT] ALERT-000005 | DISASSOC_FLOOD
severity: CRITICAL
time: 2026-05-16T15:20:58.867445
message: Wykryto możliwy atak Disassociation Flood: 159 ramek disassociation z adresu d8:d7:75:45:81:24 w oknie 5s.
evidence: {'source_mac': 'd8:d7:75:45:81:24', 'destination_mac': 'ff:ff:ff:ff:ff:ff', 'bssid': 'd8:d7:75:45:81:24', 'count': 159, 'threshold': 20, 'window_seconds': 5}
!!!!!!!!!!!!!!!!!!!!!!!!!!!!!!!!!!!!!!!!!!!!!!!!!!!!!!!!!!!!!!!!!!!!!!!!!!!!!!!!


!!!!!!!!!!!!!!!!!!!!!!!!!!!!!!!!!!!!!!!!!!!!!!!!!!!!!!!!!!!!!!!!!!!!!!!!!!!!!!!!
[ALERT] ALERT-000006 | DISASSOC_FLOOD
severity: CRITICAL
time: 2026-05-16T15:21:03.867978
message: Wykryto możliwy atak Disassociation Flood: 161 ramek disassociation z adresu d8:d7:75:45:81:24 w oknie 5s.
evidence: {'source_mac': 'd8:d7:75:45:81:24', 'destination_mac': 'ff:ff:ff:ff:ff:ff', 'bssid': 'd8:d7:75:45:81:24', 'count': 161, 'threshold': 20, 'window_seconds': 5}
!!!!!!!!!!!!!!!!!!!!!!!!!!!!!!!!!!!!!!!!!!!!!!!!!!!!!!!!!!!!!!!!!!!!!!!!!!!!!!!!


!!!!!!!!!!!!!!!!!!!!!!!!!!!!!!!!!!!!!!!!!!!!!!!!!!!!!!!!!!!!!!!!!!!!!!!!!!!!!!!!
[ALERT] ALERT-000007 | DISASSOC_FLOOD
severity: CRITICAL
time: 2026-05-16T15:21:08.915531
message: Wykryto możliwy atak Disassociation Flood: 159 ramek disassociation z adresu d8:d7:75:45:81:24 w oknie 5s.
evidence: {'source_mac': 'd8:d7:75:45:81:24', 'destination_mac': 'ff:ff:ff:ff:ff:ff', 'bssid': 'd8:d7:75:45:81:24', 'count': 159, 'threshold': 20, 'window_seconds': 5}
!!!!!!!!!!!!!!!!!!!!!!!!!!!!!!!!!!!!!!!!!!!!!!!!!!!!!!!!!!!!!!!!!!!!!!!!!!!!!!!!


!!!!!!!!!!!!!!!!!!!!!!!!!!!!!!!!!!!!!!!!!!!!!!!!!!!!!!!!!!!!!!!!!!!!!!!!!!!!!!!!
[ALERT] ALERT-000008 | DISASSOC_FLOOD
severity: CRITICAL
time: 2026-05-16T15:21:13.955364
message: Wykryto możliwy atak Disassociation Flood: 159 ramek disassociation z adresu d8:d7:75:45:81:24 w oknie 5s.
evidence: {'source_mac': 'd8:d7:75:45:81:24', 'destination_mac': 'ff:ff:ff:ff:ff:ff', 'bssid': 'd8:d7:75:45:81:24', 'count': 159, 'threshold': 20, 'window_seconds': 5}
!!!!!!!!!!!!!!!!!!!!!!!!!!!!!!!!!!!!!!!!!!!!!!!!!!!!!!!!!!!!!!!!!!!!!!!!!!!!!!!!


================================================================================
STATISTICS after 10.0s
--------------------------------------------------------------------------------
total frames: 4339

by frame type:
  management: 3024
  control: 819
  data: 496

by frame subtype:
  beacon: 1383
  disassociation: 1301
  ack: 716
  null_data: 325
  probe_response: 183
  probe_request: 109
  data: 87
  qos_data: 79
  cts: 38
  block_ack: 31
  rts: 29
  action: 21
  authentication: 14
  association_request: 6
  qos_null: 5
  association_response: 5
  block_ack_request: 5
  reassociation_request: 1
  reassociation_response: 1

unique SSIDs: 3
unique BSSIDs: 12
================================================================================

!!!!!!!!!!!!!!!!!!!!!!!!!!!!!!!!!!!!!!!!!!!!!!!!!!!!!!!!!!!!!!!!!!!!!!!!!!!!!!!!
[ALERT] ALERT-000009 | DISASSOC_FLOOD
severity: CRITICAL
time: 2026-05-16T15:21:19.009703
message: Wykryto możliwy atak Disassociation Flood: 162 ramek disassociation z adresu d8:d7:75:45:81:24 w oknie 5s.
evidence: {'source_mac': 'd8:d7:75:45:81:24', 'destination_mac': 'ff:ff:ff:ff:ff:ff', 'bssid': 'd8:d7:75:45:81:24', 'count': 162, 'threshold': 20, 'window_seconds': 5}
!!!!!!!!!!!!!!!!!!!!!!!!!!!!!!!!!!!!!!!!!!!!!!!!!!!!!!!!!!!!!!!!!!!!!!!!!!!!!!!!


!!!!!!!!!!!!!!!!!!!!!!!!!!!!!!!!!!!!!!!!!!!!!!!!!!!!!!!!!!!!!!!!!!!!!!!!!!!!!!!!
[ALERT] ALERT-000010 | DISASSOC_FLOOD
severity: CRITICAL
time: 2026-05-16T15:21:24.051998
message: Wykryto możliwy atak Disassociation Flood: 159 ramek disassociation z adresu d8:d7:75:45:81:24 w oknie 5s.
evidence: {'source_mac': 'd8:d7:75:45:81:24', 'destination_mac': 'ff:ff:ff:ff:ff:ff', 'bssid': 'd8:d7:75:45:81:24', 'count': 159, 'threshold': 20, 'window_seconds': 5}
!!!!!!!!!!!!!!!!!!!!!!!!!!!!!!!!!!!!!!!!!!!!!!!!!!!!!!!!!!!!!!!!!!!!!!!!!!!!!!!!


!!!!!!!!!!!!!!!!!!!!!!!!!!!!!!!!!!!!!!!!!!!!!!!!!!!!!!!!!!!!!!!!!!!!!!!!!!!!!!!!
[ALERT] ALERT-000011 | DISASSOC_FLOOD
severity: CRITICAL
time: 2026-05-16T15:21:29.063889
message: Wykryto możliwy atak Disassociation Flood: 159 ramek disassociation z adresu d8:d7:75:45:81:24 w oknie 5s.
evidence: {'source_mac': 'd8:d7:75:45:81:24', 'destination_mac': 'ff:ff:ff:ff:ff:ff', 'bssid': 'd8:d7:75:45:81:24', 'count': 159, 'threshold': 20, 'window_seconds': 5}
!!!!!!!!!!!!!!!!!!!!!!!!!!!!!!!!!!!!!!!!!!!!!!!!!!!!!!!!!!!!!!!!!!!!!!!!!!!!!!!!


!!!!!!!!!!!!!!!!!!!!!!!!!!!!!!!!!!!!!!!!!!!!!!!!!!!!!!!!!!!!!!!!!!!!!!!!!!!!!!!!
[ALERT] ALERT-000012 | DISASSOC_FLOOD
severity: CRITICAL
time: 2026-05-16T15:21:34.095177
message: Wykryto możliwy atak Disassociation Flood: 162 ramek disassociation z adresu d8:d7:75:45:81:24 w oknie 5s.
evidence: {'source_mac': 'd8:d7:75:45:81:24', 'destination_mac': 'ff:ff:ff:ff:ff:ff', 'bssid': 'd8:d7:75:45:81:24', 'count': 162, 'threshold': 20, 'window_seconds': 5}
!!!!!!!!!!!!!!!!!!!!!!!!!!!!!!!!!!!!!!!!!!!!!!!!!!!!!!!!!!!!!!!!!!!!!!!!!!!!!!!!


================================================================================
STATISTICS after 17.2s
--------------------------------------------------------------------------------
total frames: 7842

by frame type:
  management: 5163
  control: 1596
  data: 1083

by frame subtype:
  beacon: 2614
  disassociation: 1897
  ack: 1284
  null_data: 672
  probe_response: 334
  probe_request: 214
  data: 172
  qos_data: 155
  rts: 120
  cts: 92
  block_ack: 87
  qos_null: 84
  action: 55
  authentication: 25
  block_ack_request: 13
  association_request: 12
  association_response: 10
  reassociation_request: 1
  reassociation_response: 1

unique SSIDs: 7
unique BSSIDs: 13
================================================================================

================================================================================
DETECTION SUMMARY
--------------------------------------------------------------------------------
total alerts: 12

by attack type:
  DISASSOC_FLOOD: 12

by severity:
  CRITICAL: 11
  MEDIUM: 1
================================================================================
