
!!!!!!!!!!!!!!!!!!!!!!!!!!!!!!!!!!!!!!!!!!!!!!!!!!!!!!!!!!!!!!!!!!!!!!!!!!!!!!!!
[ALERT] ALERT-000001 | BEACON_FLOOD
severity: MEDIUM
time: 2026-05-16T14:48:22.068693
message: Wykryto możliwy atak Beacon Flood: 100 ramek beacon, 2 unikalnych BSSID, 2 unikalnych SSID w oknie 10s.
evidence: {'beacon_count': 100, 'unique_bssid_count': 2, 'unique_ssid_count': 2, 'window_seconds': 10, 'beacon_count_threshold': 100, 'unique_bssid_threshold': 30, 'unique_ssid_threshold': 20, 'triggered_reasons': ['high_beacon_rate'], 'sample_ssids': ['FunBox2-8124', 'TP-LINK_7122'], 'sample_bssids': ['ac:84:c6:41:71:22', 'd8:d7:75:45:81:24']}
!!!!!!!!!!!!!!!!!!!!!!!!!!!!!!!!!!!!!!!!!!!!!!!!!!!!!!!!!!!!!!!!!!!!!!!!!!!!!!!!


================================================================================
STATISTICS after 10.0s
--------------------------------------------------------------------------------
total frames: 1687

by frame type:
  management: 1040
  data: 325
  control: 322

by frame subtype:
  beacon: 993
  ack: 301
  null_data: 235
  data: 74
  probe_response: 25
  probe_request: 18
  qos_data: 12
  rts: 8
  cts: 7
  block_ack: 6
  action: 4
  qos_null: 4

unique SSIDs: 4
unique BSSIDs: 9
================================================================================

!!!!!!!!!!!!!!!!!!!!!!!!!!!!!!!!!!!!!!!!!!!!!!!!!!!!!!!!!!!!!!!!!!!!!!!!!!!!!!!!
[ALERT] ALERT-000002 | BEACON_FLOOD
severity: MEDIUM
time: 2026-05-16T14:50:47.481936
message: Wykryto możliwy atak Beacon Flood: 100 ramek beacon, 2 unikalnych BSSID, 2 unikalnych SSID w oknie 10s.
evidence: {'beacon_count': 100, 'unique_bssid_count': 2, 'unique_ssid_count': 2, 'window_seconds': 10, 'beacon_count_threshold': 100, 'unique_bssid_threshold': 30, 'unique_ssid_threshold': 20, 'triggered_reasons': ['high_beacon_rate'], 'sample_ssids': ['FunBox2-8124', 'TP-LINK_7122'], 'sample_bssids': ['ac:84:c6:41:71:22', 'd8:d7:75:45:81:24']}
!!!!!!!!!!!!!!!!!!!!!!!!!!!!!!!!!!!!!!!!!!!!!!!!!!!!!!!!!!!!!!!!!!!!!!!!!!!!!!!!


================================================================================
STATISTICS after 20.0s
--------------------------------------------------------------------------------
total frames: 3984

by frame type:
  management: 2392
  control: 834
  data: 758

by frame subtype:
  beacon: 2234
  ack: 713
  null_data: 519
  data: 168
  probe_response: 91
  qos_data: 65
  probe_request: 56
  rts: 44
  cts: 42
  block_ack: 35
  action: 11
  qos_null: 6

unique SSIDs: 5
unique BSSIDs: 9
================================================================================

================================================================================
STATISTICS after 24.3s
--------------------------------------------------------------------------------
total frames: 4688

by frame type:
  management: 2853
  control: 963
  data: 872

by frame subtype:
  beacon: 2668
  ack: 838
  null_data: 613
  data: 186
  probe_response: 109
  qos_data: 66
  probe_request: 65
  rts: 45
  cts: 44
  block_ack: 36
  action: 11
  qos_null: 7

unique SSIDs: 5
unique BSSIDs: 9
================================================================================

================================================================================
DETECTION SUMMARY
--------------------------------------------------------------------------------
total alerts: 2

by attack type:
  BEACON_FLOOD: 2

by severity:
  MEDIUM: 2
================================================================================
