
!!!!!!!!!!!!!!!!!!!!!!!!!!!!!!!!!!!!!!!!!!!!!!!!!!!!!!!!!!!!!!!!!!!!!!!!!!!!!!!!
[ALERT] ALERT-000001 | RTS_FLOOD_SOURCE
severity: MEDIUM
time: 2026-05-16T19:24:45.390518
message: Wykryto możliwy RTS Flood z pojedynczego źródła: 50 ramek RTS z adresu d8:d7:75:45:81:24 w oknie 5s.
evidence: {'source_mac': 'd8:d7:75:45:81:24', 'rts_count': 50, 'unique_destination_count': 1, 'rts_per_source_threshold': 50, 'window_seconds': 5, 'sample_destinations': ['e6:12:a8:93:5a:78']}
!!!!!!!!!!!!!!!!!!!!!!!!!!!!!!!!!!!!!!!!!!!!!!!!!!!!!!!!!!!!!!!!!!!!!!!!!!!!!!!!


!!!!!!!!!!!!!!!!!!!!!!!!!!!!!!!!!!!!!!!!!!!!!!!!!!!!!!!!!!!!!!!!!!!!!!!!!!!!!!!!
[ALERT] ALERT-000002 | RTS_FLOOD_SOURCE
severity: MEDIUM
time: 2026-05-16T19:24:55.315304
message: Wykryto możliwy RTS Flood z pojedynczego źródła: 50 ramek RTS z adresu d8:d7:75:45:81:24 w oknie 5s.
evidence: {'source_mac': 'd8:d7:75:45:81:24', 'rts_count': 50, 'unique_destination_count': 1, 'rts_per_source_threshold': 50, 'window_seconds': 5, 'sample_destinations': ['e6:12:a8:93:5a:78']}
!!!!!!!!!!!!!!!!!!!!!!!!!!!!!!!!!!!!!!!!!!!!!!!!!!!!!!!!!!!!!!!!!!!!!!!!!!!!!!!!


!!!!!!!!!!!!!!!!!!!!!!!!!!!!!!!!!!!!!!!!!!!!!!!!!!!!!!!!!!!!!!!!!!!!!!!!!!!!!!!!
[ALERT] ALERT-000003 | RTS_CTS_FLOOD_GLOBAL
severity: MEDIUM
time: 2026-05-16T19:24:56.716292
message: Wykryto możliwy RTS/CTS Flood: 96 ramek RTS oraz 54 ramek CTS w oknie 5s.
evidence: {'rts_count': 96, 'cts_count': 54, 'combined_count': 150, 'window_seconds': 5, 'rts_count_threshold': 100, 'cts_count_threshold': 100, 'combined_count_threshold': 150, 'triggered_reasons': ['high_combined_rts_cts_rate'], 'unique_source_count': 2, 'unique_destination_count': 2, 'sample_sources': ['d8:d7:75:45:81:24', 'e6:12:a8:93:5a:78'], 'sample_destinations': ['d8:d7:75:45:81:24', 'e6:12:a8:93:5a:78']}
!!!!!!!!!!!!!!!!!!!!!!!!!!!!!!!!!!!!!!!!!!!!!!!!!!!!!!!!!!!!!!!!!!!!!!!!!!!!!!!!


!!!!!!!!!!!!!!!!!!!!!!!!!!!!!!!!!!!!!!!!!!!!!!!!!!!!!!!!!!!!!!!!!!!!!!!!!!!!!!!!
[ALERT] ALERT-000004 | RTS_FLOOD_SOURCE
severity: MEDIUM
time: 2026-05-16T19:25:00.391060
message: Wykryto możliwy RTS Flood z pojedynczego źródła: 63 ramek RTS z adresu d8:d7:75:45:81:24 w oknie 5s.
evidence: {'source_mac': 'd8:d7:75:45:81:24', 'rts_count': 63, 'unique_destination_count': 1, 'rts_per_source_threshold': 50, 'window_seconds': 5, 'sample_destinations': ['e6:12:a8:93:5a:78']}
!!!!!!!!!!!!!!!!!!!!!!!!!!!!!!!!!!!!!!!!!!!!!!!!!!!!!!!!!!!!!!!!!!!!!!!!!!!!!!!!


!!!!!!!!!!!!!!!!!!!!!!!!!!!!!!!!!!!!!!!!!!!!!!!!!!!!!!!!!!!!!!!!!!!!!!!!!!!!!!!!
[ALERT] ALERT-000005 | RTS_FLOOD_SOURCE
severity: MEDIUM
time: 2026-05-16T19:25:21.621055
message: Wykryto możliwy RTS Flood z pojedynczego źródła: 50 ramek RTS z adresu d8:d7:75:45:81:24 w oknie 5s.
evidence: {'source_mac': 'd8:d7:75:45:81:24', 'rts_count': 50, 'unique_destination_count': 1, 'rts_per_source_threshold': 50, 'window_seconds': 5, 'sample_destinations': ['e6:12:a8:93:5a:78']}
!!!!!!!!!!!!!!!!!!!!!!!!!!!!!!!!!!!!!!!!!!!!!!!!!!!!!!!!!!!!!!!!!!!!!!!!!!!!!!!!


!!!!!!!!!!!!!!!!!!!!!!!!!!!!!!!!!!!!!!!!!!!!!!!!!!!!!!!!!!!!!!!!!!!!!!!!!!!!!!!!
[ALERT] ALERT-000006 | RTS_CTS_FLOOD_GLOBAL
severity: MEDIUM
time: 2026-05-16T19:25:22.317863
message: Wykryto możliwy RTS/CTS Flood: 100 ramek RTS oraz 7 ramek CTS w oknie 5s.
evidence: {'rts_count': 100, 'cts_count': 7, 'combined_count': 107, 'window_seconds': 5, 'rts_count_threshold': 100, 'cts_count_threshold': 100, 'combined_count_threshold': 150, 'triggered_reasons': ['high_rts_rate'], 'unique_source_count': 1, 'unique_destination_count': 3, 'sample_sources': ['d8:d7:75:45:81:24'], 'sample_destinations': ['aa:23:4f:4d:00:cf', 'd8:d7:75:45:81:24', 'e6:12:a8:93:5a:78']}
!!!!!!!!!!!!!!!!!!!!!!!!!!!!!!!!!!!!!!!!!!!!!!!!!!!!!!!!!!!!!!!!!!!!!!!!!!!!!!!!


!!!!!!!!!!!!!!!!!!!!!!!!!!!!!!!!!!!!!!!!!!!!!!!!!!!!!!!!!!!!!!!!!!!!!!!!!!!!!!!!
[ALERT] ALERT-000007 | RTS_FLOOD_SOURCE
severity: MEDIUM
time: 2026-05-16T19:25:27.536363
message: Wykryto możliwy RTS Flood z pojedynczego źródła: 58 ramek RTS z adresu d8:d7:75:45:81:24 w oknie 5s.
evidence: {'source_mac': 'd8:d7:75:45:81:24', 'rts_count': 58, 'unique_destination_count': 1, 'rts_per_source_threshold': 50, 'window_seconds': 5, 'sample_destinations': ['e6:12:a8:93:5a:78']}
!!!!!!!!!!!!!!!!!!!!!!!!!!!!!!!!!!!!!!!!!!!!!!!!!!!!!!!!!!!!!!!!!!!!!!!!!!!!!!!!


!!!!!!!!!!!!!!!!!!!!!!!!!!!!!!!!!!!!!!!!!!!!!!!!!!!!!!!!!!!!!!!!!!!!!!!!!!!!!!!!
[ALERT] ALERT-000008 | RTS_CTS_FLOOD_GLOBAL
severity: MEDIUM
time: 2026-05-16T19:25:28.123135
message: Wykryto możliwy RTS/CTS Flood: 100 ramek RTS oraz 2 ramek CTS w oknie 5s.
evidence: {'rts_count': 100, 'cts_count': 2, 'combined_count': 102, 'window_seconds': 5, 'rts_count_threshold': 100, 'cts_count_threshold': 100, 'combined_count_threshold': 150, 'triggered_reasons': ['high_rts_rate'], 'unique_source_count': 1, 'unique_destination_count': 3, 'sample_sources': ['d8:d7:75:45:81:24'], 'sample_destinations': ['aa:23:4f:4d:00:cf', 'd8:d7:75:45:81:24', 'e6:12:a8:93:5a:78']}
!!!!!!!!!!!!!!!!!!!!!!!!!!!!!!!!!!!!!!!!!!!!!!!!!!!!!!!!!!!!!!!!!!!!!!!!!!!!!!!!


!!!!!!!!!!!!!!!!!!!!!!!!!!!!!!!!!!!!!!!!!!!!!!!!!!!!!!!!!!!!!!!!!!!!!!!!!!!!!!!!
[ALERT] ALERT-000009 | RTS_FLOOD_SOURCE
severity: CRITICAL
time: 2026-05-16T19:25:32.546131
message: Wykryto możliwy RTS Flood z pojedynczego źródła: 768 ramek RTS z adresu d8:d7:75:45:81:24 w oknie 5s.
evidence: {'source_mac': 'd8:d7:75:45:81:24', 'rts_count': 768, 'unique_destination_count': 1, 'rts_per_source_threshold': 50, 'window_seconds': 5, 'sample_destinations': ['e6:12:a8:93:5a:78']}
!!!!!!!!!!!!!!!!!!!!!!!!!!!!!!!!!!!!!!!!!!!!!!!!!!!!!!!!!!!!!!!!!!!!!!!!!!!!!!!!


!!!!!!!!!!!!!!!!!!!!!!!!!!!!!!!!!!!!!!!!!!!!!!!!!!!!!!!!!!!!!!!!!!!!!!!!!!!!!!!!
[ALERT] ALERT-000010 | RTS_CTS_FLOOD_GLOBAL
severity: CRITICAL
time: 2026-05-16T19:25:33.301404
message: Wykryto możliwy RTS/CTS Flood: 647 ramek RTS oraz 12 ramek CTS w oknie 5s.
evidence: {'rts_count': 647, 'cts_count': 12, 'combined_count': 659, 'window_seconds': 5, 'rts_count_threshold': 100, 'cts_count_threshold': 100, 'combined_count_threshold': 150, 'triggered_reasons': ['high_rts_rate', 'high_combined_rts_cts_rate'], 'unique_source_count': 1, 'unique_destination_count': 2, 'sample_sources': ['d8:d7:75:45:81:24'], 'sample_destinations': ['d8:d7:75:45:81:24', 'e6:12:a8:93:5a:78']}
!!!!!!!!!!!!!!!!!!!!!!!!!!!!!!!!!!!!!!!!!!!!!!!!!!!!!!!!!!!!!!!!!!!!!!!!!!!!!!!!


!!!!!!!!!!!!!!!!!!!!!!!!!!!!!!!!!!!!!!!!!!!!!!!!!!!!!!!!!!!!!!!!!!!!!!!!!!!!!!!!
[ALERT] ALERT-000011 | RTS_FLOOD_SOURCE
severity: MEDIUM
time: 2026-05-16T19:25:52.337737
message: Wykryto możliwy RTS Flood z pojedynczego źródła: 50 ramek RTS z adresu d8:d7:75:45:81:24 w oknie 5s.
evidence: {'source_mac': 'd8:d7:75:45:81:24', 'rts_count': 50, 'unique_destination_count': 1, 'rts_per_source_threshold': 50, 'window_seconds': 5, 'sample_destinations': ['e6:12:a8:93:5a:78']}
!!!!!!!!!!!!!!!!!!!!!!!!!!!!!!!!!!!!!!!!!!!!!!!!!!!!!!!!!!!!!!!!!!!!!!!!!!!!!!!!


!!!!!!!!!!!!!!!!!!!!!!!!!!!!!!!!!!!!!!!!!!!!!!!!!!!!!!!!!!!!!!!!!!!!!!!!!!!!!!!!
[ALERT] ALERT-000012 | RTS_CTS_FLOOD_GLOBAL
severity: MEDIUM
time: 2026-05-16T19:25:53.031460
message: Wykryto możliwy RTS/CTS Flood: 100 ramek RTS oraz 9 ramek CTS w oknie 5s.
evidence: {'rts_count': 100, 'cts_count': 9, 'combined_count': 109, 'window_seconds': 5, 'rts_count_threshold': 100, 'cts_count_threshold': 100, 'combined_count_threshold': 150, 'triggered_reasons': ['high_rts_rate'], 'unique_source_count': 1, 'unique_destination_count': 2, 'sample_sources': ['d8:d7:75:45:81:24'], 'sample_destinations': ['d8:d7:75:45:81:24', 'e6:12:a8:93:5a:78']}
!!!!!!!!!!!!!!!!!!!!!!!!!!!!!!!!!!!!!!!!!!!!!!!!!!!!!!!!!!!!!!!!!!!!!!!!!!!!!!!!


!!!!!!!!!!!!!!!!!!!!!!!!!!!!!!!!!!!!!!!!!!!!!!!!!!!!!!!!!!!!!!!!!!!!!!!!!!!!!!!!
[ALERT] ALERT-000013 | PROBE_FLOOD_GLOBAL
severity: MEDIUM
time: 2026-05-16T19:25:59.543890
message: Wykryto możliwy globalny Probe Flood: 100 ramek probe request w oknie 10s.
evidence: {'probe_count': 100, 'unique_source_count': 50, 'unique_ssid_count': 16, 'threshold': 100, 'window_seconds': 10, 'sample_sources': ['02:e6:0f:c9:53:db', '02:5c:c9:ef:a8:a8', '02:d4:89:83:f8:f0', '02:b8:44:1d:0b:08', '02:8e:49:4f:ce:a6', '02:c6:e2:82:2d:d7', '02:cf:98:5e:c4:0d', '02:f6:d3:22:68:8c', '02:55:0a:39:0a:25', '02:ae:e8:df:b0:21'], 'sample_ssids': ['CoffeeShop', 'GuestWiFi', 'TestProbe_003', 'TestProbe_004', 'TestProbe_007', 'TestProbe_002', 'TestProbe_001', 'AirportFreeWiFi', 'TestProbe_010', 'TestProbe_009']}
!!!!!!!!!!!!!!!!!!!!!!!!!!!!!!!!!!!!!!!!!!!!!!!!!!!!!!!!!!!!!!!!!!!!!!!!!!!!!!!!


!!!!!!!!!!!!!!!!!!!!!!!!!!!!!!!!!!!!!!!!!!!!!!!!!!!!!!!!!!!!!!!!!!!!!!!!!!!!!!!!
[ALERT] ALERT-000014 | RTS_FLOOD_SOURCE
severity: MEDIUM
time: 2026-05-16T19:26:03.229716
message: Wykryto możliwy RTS Flood z pojedynczego źródła: 50 ramek RTS z adresu d8:d7:75:45:81:24 w oknie 5s.
evidence: {'source_mac': 'd8:d7:75:45:81:24', 'rts_count': 50, 'unique_destination_count': 1, 'rts_per_source_threshold': 50, 'window_seconds': 5, 'sample_destinations': ['e6:12:a8:93:5a:78']}
!!!!!!!!!!!!!!!!!!!!!!!!!!!!!!!!!!!!!!!!!!!!!!!!!!!!!!!!!!!!!!!!!!!!!!!!!!!!!!!!


================================================================================
STATISTICS after 10.0s
--------------------------------------------------------------------------------
total frames: 6664

by frame type:
  control: 4065
  management: 1670
  data: 929

by frame subtype:
  rts: 1516
  ack: 1230
  block_ack: 1201
  beacon: 1090
  null_data: 666
  probe_request: 523
  data: 136
  cts: 117
  qos_null: 99
  probe_response: 32
  qos_data: 28
  deauthentication: 15
  action: 10
  block_ack_request: 1

unique SSIDs: 18
unique BSSIDs: 9
================================================================================

!!!!!!!!!!!!!!!!!!!!!!!!!!!!!!!!!!!!!!!!!!!!!!!!!!!!!!!!!!!!!!!!!!!!!!!!!!!!!!!!
[ALERT] ALERT-000015 | RTS_CTS_FLOOD_GLOBAL
severity: MEDIUM
time: 2026-05-16T19:26:03.978258
message: Wykryto możliwy RTS/CTS Flood: 100 ramek RTS oraz 1 ramek CTS w oknie 5s.
evidence: {'rts_count': 100, 'cts_count': 1, 'combined_count': 101, 'window_seconds': 5, 'rts_count_threshold': 100, 'cts_count_threshold': 100, 'combined_count_threshold': 150, 'triggered_reasons': ['high_rts_rate'], 'unique_source_count': 1, 'unique_destination_count': 2, 'sample_sources': ['d8:d7:75:45:81:24'], 'sample_destinations': ['d8:d7:75:45:81:24', 'e6:12:a8:93:5a:78']}
!!!!!!!!!!!!!!!!!!!!!!!!!!!!!!!!!!!!!!!!!!!!!!!!!!!!!!!!!!!!!!!!!!!!!!!!!!!!!!!!


!!!!!!!!!!!!!!!!!!!!!!!!!!!!!!!!!!!!!!!!!!!!!!!!!!!!!!!!!!!!!!!!!!!!!!!!!!!!!!!!
[ALERT] ALERT-000016 | RTS_FLOOD_SOURCE
severity: HIGH
time: 2026-05-16T19:26:08.507426
message: Wykryto możliwy RTS Flood z pojedynczego źródła: 126 ramek RTS z adresu d8:d7:75:45:81:24 w oknie 5s.
evidence: {'source_mac': 'd8:d7:75:45:81:24', 'rts_count': 126, 'unique_destination_count': 1, 'rts_per_source_threshold': 50, 'window_seconds': 5, 'sample_destinations': ['e6:12:a8:93:5a:78']}
!!!!!!!!!!!!!!!!!!!!!!!!!!!!!!!!!!!!!!!!!!!!!!!!!!!!!!!!!!!!!!!!!!!!!!!!!!!!!!!!


!!!!!!!!!!!!!!!!!!!!!!!!!!!!!!!!!!!!!!!!!!!!!!!!!!!!!!!!!!!!!!!!!!!!!!!!!!!!!!!!
[ALERT] ALERT-000017 | PROBE_FLOOD_GLOBAL
severity: CRITICAL
time: 2026-05-16T19:26:09.547307
message: Wykryto możliwy globalny Probe Flood: 923 ramek probe request w oknie 10s.
evidence: {'probe_count': 923, 'unique_source_count': 462, 'unique_ssid_count': 16, 'threshold': 100, 'window_seconds': 10, 'sample_sources': ['02:ba:7e:e7:a8:d6', '02:8c:01:65:fe:63', '02:d5:b5:fd:80:ce', '02:f2:51:32:74:a5', '02:0f:a0:8b:b9:73', '02:56:1d:15:3e:28', '02:86:53:6b:13:e3', '02:60:68:ea:2c:72', '02:7f:9c:36:68:af', '02:ed:19:2e:fd:b3'], 'sample_ssids': ['GuestWiFi', 'CoffeeShop', 'TestProbe_003', 'TestProbe_004', 'TestProbe_007', 'TestProbe_002', 'TestProbe_001', 'AirportFreeWiFi', 'TestProbe_010', 'TestProbe_009']}
!!!!!!!!!!!!!!!!!!!!!!!!!!!!!!!!!!!!!!!!!!!!!!!!!!!!!!!!!!!!!!!!!!!!!!!!!!!!!!!!


!!!!!!!!!!!!!!!!!!!!!!!!!!!!!!!!!!!!!!!!!!!!!!!!!!!!!!!!!!!!!!!!!!!!!!!!!!!!!!!!
[ALERT] ALERT-000018 | PROBE_FLOOD_GLOBAL
severity: CRITICAL
time: 2026-05-16T19:26:19.555243
message: Wykryto możliwy globalny Probe Flood: 925 ramek probe request w oknie 10s.
evidence: {'probe_count': 925, 'unique_source_count': 464, 'unique_ssid_count': 18, 'threshold': 100, 'window_seconds': 10, 'sample_sources': ['02:30:8a:4a:ae:75', '02:bb:bc:ae:bf:b0', '02:b6:3f:fd:4d:c2', '02:a8:21:48:75:13', '02:3f:96:3a:d2:e2', '02:de:1d:3d:cc:dd', '02:0e:94:c9:b4:5c', '02:57:ff:3a:4c:b6', '02:de:16:77:27:46', '02:e5:fc:25:6c:96'], 'sample_ssids': ['CoffeeShop', 'GuestWiFi', 'TestProbe_003', 'TestProbe_004', 'TestProbe_007', 'TestProbe_002', 'FunBox2-8124', 'TestProbe_001', 'D20', 'AirportFreeWiFi']}
!!!!!!!!!!!!!!!!!!!!!!!!!!!!!!!!!!!!!!!!!!!!!!!!!!!!!!!!!!!!!!!!!!!!!!!!!!!!!!!!


!!!!!!!!!!!!!!!!!!!!!!!!!!!!!!!!!!!!!!!!!!!!!!!!!!!!!!!!!!!!!!!!!!!!!!!!!!!!!!!!
[ALERT] ALERT-000019 | PROBE_FLOOD_GLOBAL
severity: CRITICAL
time: 2026-05-16T19:26:29.555955
message: Wykryto możliwy globalny Probe Flood: 923 ramek probe request w oknie 10s.
evidence: {'probe_count': 923, 'unique_source_count': 462, 'unique_ssid_count': 17, 'threshold': 100, 'window_seconds': 10, 'sample_sources': ['02:88:0b:87:77:e2', '02:0e:91:00:da:8a', '02:fe:4e:fa:6b:80', '02:27:7f:9c:64:07', '02:25:c5:2c:a8:64', '02:32:0f:c0:ba:fa', '02:22:22:2e:10:7f', '02:85:61:53:64:f1', '02:d3:e2:cb:06:55', '02:17:ca:51:9a:af'], 'sample_ssids': ['GuestWiFi', 'CoffeeShop', 'TestProbe_003', 'TestProbe_004', 'TestProbe_007', 'TestProbe_002', 'TestProbe_001', 'D20', 'AirportFreeWiFi', 'TestProbe_010']}
!!!!!!!!!!!!!!!!!!!!!!!!!!!!!!!!!!!!!!!!!!!!!!!!!!!!!!!!!!!!!!!!!!!!!!!!!!!!!!!!


!!!!!!!!!!!!!!!!!!!!!!!!!!!!!!!!!!!!!!!!!!!!!!!!!!!!!!!!!!!!!!!!!!!!!!!!!!!!!!!!
[ALERT] ALERT-000020 | PROBE_FLOOD_GLOBAL
severity: CRITICAL
time: 2026-05-16T19:26:39.563263
message: Wykryto możliwy globalny Probe Flood: 903 ramek probe request w oknie 10s.
evidence: {'probe_count': 903, 'unique_source_count': 452, 'unique_ssid_count': 17, 'threshold': 100, 'window_seconds': 10, 'sample_sources': ['02:2d:20:cc:43:19', '02:1c:3e:c6:27:d0', '02:c5:a9:de:26:de', '02:a4:81:49:ab:0d', '02:3e:5b:a3:d0:fb', '02:1a:58:80:f8:37', '02:54:9f:81:97:2e', '02:7f:34:57:99:76', '02:e6:b4:f5:de:b5', '02:cf:31:f3:07:01'], 'sample_ssids': ['TestProbe_004', 'GuestWiFi', 'CoffeeShop', 'TestProbe_003', 'TestProbe_007', 'TestProbe_002', 'TestProbe_001', 'D20', 'AirportFreeWiFi', 'TestProbe_010']}
!!!!!!!!!!!!!!!!!!!!!!!!!!!!!!!!!!!!!!!!!!!!!!!!!!!!!!!!!!!!!!!!!!!!!!!!!!!!!!!!


================================================================================
STATISTICS after 20.0s
--------------------------------------------------------------------------------
total frames: 12379

by frame type:
  management: 5640
  control: 5435
  data: 1304

by frame subtype:
  probe_request: 4149
  ack: 1981
  rts: 1793
  block_ack: 1454
  beacon: 1426
  null_data: 964
  cts: 206
  data: 165
  qos_null: 135
  qos_data: 40
  probe_response: 38
  deauthentication: 15
  action: 12
  block_ack_request: 1

unique SSIDs: 18
unique BSSIDs: 9
================================================================================

!!!!!!!!!!!!!!!!!!!!!!!!!!!!!!!!!!!!!!!!!!!!!!!!!!!!!!!!!!!!!!!!!!!!!!!!!!!!!!!!
[ALERT] ALERT-000021 | RTS_FLOOD_SOURCE
severity: MEDIUM
time: 2026-05-16T19:26:43.721969
message: Wykryto możliwy RTS Flood z pojedynczego źródła: 50 ramek RTS z adresu d8:d7:75:45:81:24 w oknie 5s.
evidence: {'source_mac': 'd8:d7:75:45:81:24', 'rts_count': 50, 'unique_destination_count': 2, 'rts_per_source_threshold': 50, 'window_seconds': 5, 'sample_destinations': ['e6:12:a8:93:5a:78', '54:35:30:cf:ee:1e']}
!!!!!!!!!!!!!!!!!!!!!!!!!!!!!!!!!!!!!!!!!!!!!!!!!!!!!!!!!!!!!!!!!!!!!!!!!!!!!!!!


!!!!!!!!!!!!!!!!!!!!!!!!!!!!!!!!!!!!!!!!!!!!!!!!!!!!!!!!!!!!!!!!!!!!!!!!!!!!!!!!
[ALERT] ALERT-000022 | RTS_CTS_FLOOD_GLOBAL
severity: MEDIUM
time: 2026-05-16T19:26:43.899128
message: Wykryto możliwy RTS/CTS Flood: 84 ramek RTS oraz 66 ramek CTS w oknie 5s.
evidence: {'rts_count': 84, 'cts_count': 66, 'combined_count': 150, 'window_seconds': 5, 'rts_count_threshold': 100, 'cts_count_threshold': 100, 'combined_count_threshold': 150, 'triggered_reasons': ['high_combined_rts_cts_rate'], 'unique_source_count': 2, 'unique_destination_count': 3, 'sample_sources': ['d8:d7:75:45:81:24', '54:35:30:cf:ee:1e'], 'sample_destinations': ['d8:d7:75:45:81:24', 'e6:12:a8:93:5a:78', '54:35:30:cf:ee:1e']}
!!!!!!!!!!!!!!!!!!!!!!!!!!!!!!!!!!!!!!!!!!!!!!!!!!!!!!!!!!!!!!!!!!!!!!!!!!!!!!!!


!!!!!!!!!!!!!!!!!!!!!!!!!!!!!!!!!!!!!!!!!!!!!!!!!!!!!!!!!!!!!!!!!!!!!!!!!!!!!!!!
[ALERT] ALERT-000023 | PROBE_FLOOD_GLOBAL
severity: CRITICAL
time: 2026-05-16T19:26:49.567301
message: Wykryto możliwy globalny Probe Flood: 909 ramek probe request w oknie 10s.
evidence: {'probe_count': 909, 'unique_source_count': 455, 'unique_ssid_count': 16, 'threshold': 100, 'window_seconds': 10, 'sample_sources': ['02:2f:01:4e:f8:cd', '02:f1:26:d0:02:77', '02:bc:cb:89:d3:11', '02:59:66:14:75:69', '02:d0:25:17:f9:19', '02:b7:29:4a:77:61', '02:cf:20:cf:be:88', '02:47:a7:48:48:2e', '02:26:04:ac:dc:9e', '02:15:00:13:a8:b0'], 'sample_ssids': ['GuestWiFi', 'CoffeeShop', 'TestProbe_003', 'TestProbe_004', 'TestProbe_007', 'TestProbe_002', 'TestProbe_001', 'AirportFreeWiFi', 'TestProbe_010', 'TestProbe_009']}
!!!!!!!!!!!!!!!!!!!!!!!!!!!!!!!!!!!!!!!!!!!!!!!!!!!!!!!!!!!!!!!!!!!!!!!!!!!!!!!!


!!!!!!!!!!!!!!!!!!!!!!!!!!!!!!!!!!!!!!!!!!!!!!!!!!!!!!!!!!!!!!!!!!!!!!!!!!!!!!!!
[ALERT] ALERT-000024 | RTS_FLOOD_SOURCE
severity: MEDIUM
time: 2026-05-16T19:27:02.557392
message: Wykryto możliwy RTS Flood z pojedynczego źródła: 50 ramek RTS z adresu d8:d7:75:45:81:24 w oknie 5s.
evidence: {'source_mac': 'd8:d7:75:45:81:24', 'rts_count': 50, 'unique_destination_count': 1, 'rts_per_source_threshold': 50, 'window_seconds': 5, 'sample_destinations': ['e6:12:a8:93:5a:78']}
!!!!!!!!!!!!!!!!!!!!!!!!!!!!!!!!!!!!!!!!!!!!!!!!!!!!!!!!!!!!!!!!!!!!!!!!!!!!!!!!


!!!!!!!!!!!!!!!!!!!!!!!!!!!!!!!!!!!!!!!!!!!!!!!!!!!!!!!!!!!!!!!!!!!!!!!!!!!!!!!!
[ALERT] ALERT-000025 | RTS_FLOOD_SOURCE
severity: MEDIUM
time: 2026-05-16T19:27:21.261890
message: Wykryto możliwy RTS Flood z pojedynczego źródła: 50 ramek RTS z adresu d8:d7:75:45:81:24 w oknie 5s.
evidence: {'source_mac': 'd8:d7:75:45:81:24', 'rts_count': 50, 'unique_destination_count': 1, 'rts_per_source_threshold': 50, 'window_seconds': 5, 'sample_destinations': ['e6:12:a8:93:5a:78']}
!!!!!!!!!!!!!!!!!!!!!!!!!!!!!!!!!!!!!!!!!!!!!!!!!!!!!!!!!!!!!!!!!!!!!!!!!!!!!!!!


!!!!!!!!!!!!!!!!!!!!!!!!!!!!!!!!!!!!!!!!!!!!!!!!!!!!!!!!!!!!!!!!!!!!!!!!!!!!!!!!
[ALERT] ALERT-000026 | RTS_FLOOD_SOURCE
severity: MEDIUM
time: 2026-05-16T19:27:29.065305
message: Wykryto możliwy RTS Flood z pojedynczego źródła: 50 ramek RTS z adresu d8:d7:75:45:81:24 w oknie 5s.
evidence: {'source_mac': 'd8:d7:75:45:81:24', 'rts_count': 50, 'unique_destination_count': 1, 'rts_per_source_threshold': 50, 'window_seconds': 5, 'sample_destinations': ['e6:12:a8:93:5a:78']}
!!!!!!!!!!!!!!!!!!!!!!!!!!!!!!!!!!!!!!!!!!!!!!!!!!!!!!!!!!!!!!!!!!!!!!!!!!!!!!!!


!!!!!!!!!!!!!!!!!!!!!!!!!!!!!!!!!!!!!!!!!!!!!!!!!!!!!!!!!!!!!!!!!!!!!!!!!!!!!!!!
[ALERT] ALERT-000027 | RTS_FLOOD_SOURCE
severity: MEDIUM
time: 2026-05-16T19:27:42.666959
message: Wykryto możliwy RTS Flood z pojedynczego źródła: 50 ramek RTS z adresu d8:d7:75:45:81:24 w oknie 5s.
evidence: {'source_mac': 'd8:d7:75:45:81:24', 'rts_count': 50, 'unique_destination_count': 1, 'rts_per_source_threshold': 50, 'window_seconds': 5, 'sample_destinations': ['e6:12:a8:93:5a:78']}
!!!!!!!!!!!!!!!!!!!!!!!!!!!!!!!!!!!!!!!!!!!!!!!!!!!!!!!!!!!!!!!!!!!!!!!!!!!!!!!!


!!!!!!!!!!!!!!!!!!!!!!!!!!!!!!!!!!!!!!!!!!!!!!!!!!!!!!!!!!!!!!!!!!!!!!!!!!!!!!!!
[ALERT] ALERT-000028 | RTS_FLOOD_SOURCE
severity: MEDIUM
time: 2026-05-16T19:27:59.696841
message: Wykryto możliwy RTS Flood z pojedynczego źródła: 50 ramek RTS z adresu d8:d7:75:45:81:24 w oknie 5s.
evidence: {'source_mac': 'd8:d7:75:45:81:24', 'rts_count': 50, 'unique_destination_count': 1, 'rts_per_source_threshold': 50, 'window_seconds': 5, 'sample_destinations': ['e6:12:a8:93:5a:78']}
!!!!!!!!!!!!!!!!!!!!!!!!!!!!!!!!!!!!!!!!!!!!!!!!!!!!!!!!!!!!!!!!!!!!!!!!!!!!!!!!


!!!!!!!!!!!!!!!!!!!!!!!!!!!!!!!!!!!!!!!!!!!!!!!!!!!!!!!!!!!!!!!!!!!!!!!!!!!!!!!!
[ALERT] ALERT-000029 | RTS_FLOOD_SOURCE
severity: MEDIUM
time: 2026-05-16T19:28:25.733096
message: Wykryto możliwy RTS Flood z pojedynczego źródła: 50 ramek RTS z adresu d8:d7:75:45:81:24 w oknie 5s.
evidence: {'source_mac': 'd8:d7:75:45:81:24', 'rts_count': 50, 'unique_destination_count': 2, 'rts_per_source_threshold': 50, 'window_seconds': 5, 'sample_destinations': ['e6:12:a8:93:5a:78', '54:35:30:cf:ee:1e']}
!!!!!!!!!!!!!!!!!!!!!!!!!!!!!!!!!!!!!!!!!!!!!!!!!!!!!!!!!!!!!!!!!!!!!!!!!!!!!!!!


!!!!!!!!!!!!!!!!!!!!!!!!!!!!!!!!!!!!!!!!!!!!!!!!!!!!!!!!!!!!!!!!!!!!!!!!!!!!!!!!
[ALERT] ALERT-000030 | RTS_FLOOD_SOURCE
severity: MEDIUM
time: 2026-05-16T19:28:31.386285
message: Wykryto możliwy RTS Flood z pojedynczego źródła: 66 ramek RTS z adresu d8:d7:75:45:81:24 w oknie 5s.
evidence: {'source_mac': 'd8:d7:75:45:81:24', 'rts_count': 66, 'unique_destination_count': 1, 'rts_per_source_threshold': 50, 'window_seconds': 5, 'sample_destinations': ['e6:12:a8:93:5a:78']}
!!!!!!!!!!!!!!!!!!!!!!!!!!!!!!!!!!!!!!!!!!!!!!!!!!!!!!!!!!!!!!!!!!!!!!!!!!!!!!!!


!!!!!!!!!!!!!!!!!!!!!!!!!!!!!!!!!!!!!!!!!!!!!!!!!!!!!!!!!!!!!!!!!!!!!!!!!!!!!!!!
[ALERT] ALERT-000031 | RTS_CTS_FLOOD_GLOBAL
severity: MEDIUM
time: 2026-05-16T19:28:33.728783
message: Wykryto możliwy RTS/CTS Flood: 100 ramek RTS oraz 13 ramek CTS w oknie 5s.
evidence: {'rts_count': 100, 'cts_count': 13, 'combined_count': 113, 'window_seconds': 5, 'rts_count_threshold': 100, 'cts_count_threshold': 100, 'combined_count_threshold': 150, 'triggered_reasons': ['high_rts_rate'], 'unique_source_count': 2, 'unique_destination_count': 3, 'sample_sources': ['d8:d7:75:45:81:24', '54:35:30:cf:ee:1e'], 'sample_destinations': ['d8:d7:75:45:81:24', 'e6:12:a8:93:5a:78', '54:35:30:cf:ee:1e']}
!!!!!!!!!!!!!!!!!!!!!!!!!!!!!!!!!!!!!!!!!!!!!!!!!!!!!!!!!!!!!!!!!!!!!!!!!!!!!!!!


!!!!!!!!!!!!!!!!!!!!!!!!!!!!!!!!!!!!!!!!!!!!!!!!!!!!!!!!!!!!!!!!!!!!!!!!!!!!!!!!
[ALERT] ALERT-000032 | RTS_FLOOD_SOURCE
severity: CRITICAL
time: 2026-05-16T19:28:36.467168
message: Wykryto możliwy RTS Flood z pojedynczego źródła: 307 ramek RTS z adresu d8:d7:75:45:81:24 w oknie 5s.
evidence: {'source_mac': 'd8:d7:75:45:81:24', 'rts_count': 307, 'unique_destination_count': 1, 'rts_per_source_threshold': 50, 'window_seconds': 5, 'sample_destinations': ['e6:12:a8:93:5a:78']}
!!!!!!!!!!!!!!!!!!!!!!!!!!!!!!!!!!!!!!!!!!!!!!!!!!!!!!!!!!!!!!!!!!!!!!!!!!!!!!!!


!!!!!!!!!!!!!!!!!!!!!!!!!!!!!!!!!!!!!!!!!!!!!!!!!!!!!!!!!!!!!!!!!!!!!!!!!!!!!!!!
[ALERT] ALERT-000033 | RTS_CTS_FLOOD_GLOBAL
severity: MEDIUM
time: 2026-05-16T19:28:39.381453
message: Wykryto możliwy RTS/CTS Flood: 177 ramek RTS oraz 11 ramek CTS w oknie 5s.
evidence: {'rts_count': 177, 'cts_count': 11, 'combined_count': 188, 'window_seconds': 5, 'rts_count_threshold': 100, 'cts_count_threshold': 100, 'combined_count_threshold': 150, 'triggered_reasons': ['high_rts_rate', 'high_combined_rts_cts_rate'], 'unique_source_count': 2, 'unique_destination_count': 2, 'sample_sources': ['d8:d7:75:45:81:24', 'e6:12:a8:93:5a:78'], 'sample_destinations': ['d8:d7:75:45:81:24', 'e6:12:a8:93:5a:78']}
!!!!!!!!!!!!!!!!!!!!!!!!!!!!!!!!!!!!!!!!!!!!!!!!!!!!!!!!!!!!!!!!!!!!!!!!!!!!!!!!


!!!!!!!!!!!!!!!!!!!!!!!!!!!!!!!!!!!!!!!!!!!!!!!!!!!!!!!!!!!!!!!!!!!!!!!!!!!!!!!!
[ALERT] ALERT-000034 | RTS_FLOOD_SOURCE
severity: MEDIUM
time: 2026-05-16T19:28:41.586324
message: Wykryto możliwy RTS Flood z pojedynczego źródła: 72 ramek RTS z adresu d8:d7:75:45:81:24 w oknie 5s.
evidence: {'source_mac': 'd8:d7:75:45:81:24', 'rts_count': 72, 'unique_destination_count': 2, 'rts_per_source_threshold': 50, 'window_seconds': 5, 'sample_destinations': ['e6:12:a8:93:5a:78', '54:35:30:cf:ee:1e']}
!!!!!!!!!!!!!!!!!!!!!!!!!!!!!!!!!!!!!!!!!!!!!!!!!!!!!!!!!!!!!!!!!!!!!!!!!!!!!!!!


!!!!!!!!!!!!!!!!!!!!!!!!!!!!!!!!!!!!!!!!!!!!!!!!!!!!!!!!!!!!!!!!!!!!!!!!!!!!!!!!
[ALERT] ALERT-000035 | RTS_FLOOD_SOURCE
severity: MEDIUM
time: 2026-05-16T19:28:48.925775
message: Wykryto możliwy RTS Flood z pojedynczego źródła: 50 ramek RTS z adresu d8:d7:75:45:81:24 w oknie 5s.
evidence: {'source_mac': 'd8:d7:75:45:81:24', 'rts_count': 50, 'unique_destination_count': 1, 'rts_per_source_threshold': 50, 'window_seconds': 5, 'sample_destinations': ['e6:12:a8:93:5a:78']}
!!!!!!!!!!!!!!!!!!!!!!!!!!!!!!!!!!!!!!!!!!!!!!!!!!!!!!!!!!!!!!!!!!!!!!!!!!!!!!!!


================================================================================
STATISTICS after 30.0s
--------------------------------------------------------------------------------
total frames: 20957

by frame type:
  control: 10232
  management: 8014
  data: 2711

by frame subtype:
  probe_request: 5403
  ack: 3504
  rts: 3111
  block_ack: 2825
  beacon: 2495
  null_data: 2005
  cts: 791
  qos_null: 313
  data: 239
  qos_data: 154
  probe_response: 85
  action: 16
  deauthentication: 15
  block_ack_request: 1

unique SSIDs: 20
unique BSSIDs: 11
================================================================================

!!!!!!!!!!!!!!!!!!!!!!!!!!!!!!!!!!!!!!!!!!!!!!!!!!!!!!!!!!!!!!!!!!!!!!!!!!!!!!!!
[ALERT] ALERT-000036 | RTS_CTS_FLOOD_GLOBAL
severity: MEDIUM
time: 2026-05-16T19:28:49.529923
message: Wykryto możliwy RTS/CTS Flood: 99 ramek RTS oraz 51 ramek CTS w oknie 5s.
evidence: {'rts_count': 99, 'cts_count': 51, 'combined_count': 150, 'window_seconds': 5, 'rts_count_threshold': 100, 'cts_count_threshold': 100, 'combined_count_threshold': 150, 'triggered_reasons': ['high_combined_rts_cts_rate'], 'unique_source_count': 1, 'unique_destination_count': 3, 'sample_sources': ['d8:d7:75:45:81:24'], 'sample_destinations': ['d8:d7:75:45:81:24', 'e6:12:a8:93:5a:78', '54:35:30:cf:ee:1e']}
!!!!!!!!!!!!!!!!!!!!!!!!!!!!!!!!!!!!!!!!!!!!!!!!!!!!!!!!!!!!!!!!!!!!!!!!!!!!!!!!


!!!!!!!!!!!!!!!!!!!!!!!!!!!!!!!!!!!!!!!!!!!!!!!!!!!!!!!!!!!!!!!!!!!!!!!!!!!!!!!!
[ALERT] ALERT-000037 | RTS_FLOOD_SOURCE
severity: HIGH
time: 2026-05-16T19:28:53.979357
message: Wykryto możliwy RTS Flood z pojedynczego źródła: 135 ramek RTS z adresu d8:d7:75:45:81:24 w oknie 5s.
evidence: {'source_mac': 'd8:d7:75:45:81:24', 'rts_count': 135, 'unique_destination_count': 1, 'rts_per_source_threshold': 50, 'window_seconds': 5, 'sample_destinations': ['e6:12:a8:93:5a:78']}
!!!!!!!!!!!!!!!!!!!!!!!!!!!!!!!!!!!!!!!!!!!!!!!!!!!!!!!!!!!!!!!!!!!!!!!!!!!!!!!!


!!!!!!!!!!!!!!!!!!!!!!!!!!!!!!!!!!!!!!!!!!!!!!!!!!!!!!!!!!!!!!!!!!!!!!!!!!!!!!!!
[ALERT] ALERT-000038 | RTS_CTS_FLOOD_GLOBAL
severity: MEDIUM
time: 2026-05-16T19:28:54.532749
message: Wykryto możliwy RTS/CTS Flood: 103 ramek RTS oraz 60 ramek CTS w oknie 5s.
evidence: {'rts_count': 103, 'cts_count': 60, 'combined_count': 163, 'window_seconds': 5, 'rts_count_threshold': 100, 'cts_count_threshold': 100, 'combined_count_threshold': 150, 'triggered_reasons': ['high_rts_rate', 'high_combined_rts_cts_rate'], 'unique_source_count': 1, 'unique_destination_count': 2, 'sample_sources': ['d8:d7:75:45:81:24'], 'sample_destinations': ['d8:d7:75:45:81:24', 'e6:12:a8:93:5a:78']}
!!!!!!!!!!!!!!!!!!!!!!!!!!!!!!!!!!!!!!!!!!!!!!!!!!!!!!!!!!!!!!!!!!!!!!!!!!!!!!!!


================================================================================
STATISTICS after 37.0s
--------------------------------------------------------------------------------
total frames: 21685

by frame type:
  control: 10753
  management: 8111
  data: 2821

by frame subtype:
  probe_request: 5403
  ack: 3610
  rts: 3242
  block_ack: 3028
  beacon: 2592
  null_data: 2093
  cts: 872
  qos_null: 324
  data: 243
  qos_data: 161
  probe_response: 85
  action: 16
  deauthentication: 15
  block_ack_request: 1

unique SSIDs: 20
unique BSSIDs: 11
================================================================================

================================================================================
DETECTION SUMMARY
--------------------------------------------------------------------------------
total alerts: 38

by attack type:
  RTS_FLOOD_SOURCE: 21
  RTS_CTS_FLOOD_GLOBAL: 11
  PROBE_FLOOD_GLOBAL: 6

by severity:
  MEDIUM: 28
  CRITICAL: 8
  HIGH: 2
================================================================================
