
================================================================================
STATISTICS after 10.1s
--------------------------------------------------------------------------------
total frames: 663

by frame type:
  management: 348
  control: 165
  data: 150

by frame subtype:
  beacon: 321
  ack: 138
  data: 79
  null_data: 60
  probe_response: 19
  rts: 9
  cts: 9
  qos_data: 9
  block_ack: 9
  probe_request: 8
  qos_null: 2

unique SSIDs: 2
unique BSSIDs: 9
================================================================================

================================================================================
STATISTICS after 20.1s
--------------------------------------------------------------------------------
total frames: 2414

by frame type:
  management: 1202
  control: 760
  data: 452

by frame subtype:
  beacon: 1136
  ack: 512
  null_data: 263
  data: 151
  cts: 123
  rts: 76
  block_ack: 46
  probe_response: 38
  qos_data: 34
  probe_request: 15
  action: 9
  qos_null: 4
  authentication: 3
  block_ack_request: 3
  reassociation_response: 1

unique SSIDs: 2
unique BSSIDs: 11
================================================================================

!!!!!!!!!!!!!!!!!!!!!!!!!!!!!!!!!!!!!!!!!!!!!!!!!!!!!!!!!!!!!!!!!!!!!!!!!!!!!!!!
[ALERT] ALERT-000001 | RTS_FLOOD_SOURCE
severity: MEDIUM
time: 2026-05-16T14:54:20.626009
message: Wykryto możliwy RTS Flood z pojedynczego źródła: 150 ramek RTS z adresu d8:d7:75:45:81:24 w oknie 5s.
evidence: {'source_mac': 'd8:d7:75:45:81:24', 'rts_count': 150, 'unique_destination_count': 1, 'rts_per_source_threshold': 150, 'window_seconds': 5, 'sample_destinations': ['8a:f4:af:eb:f3:fb']}
!!!!!!!!!!!!!!!!!!!!!!!!!!!!!!!!!!!!!!!!!!!!!!!!!!!!!!!!!!!!!!!!!!!!!!!!!!!!!!!!


!!!!!!!!!!!!!!!!!!!!!!!!!!!!!!!!!!!!!!!!!!!!!!!!!!!!!!!!!!!!!!!!!!!!!!!!!!!!!!!!
[ALERT] ALERT-000002 | RTS_CTS_FLOOD_GLOBAL
severity: MEDIUM
time: 2026-05-16T14:54:20.646079
message: Wykryto możliwy RTS/CTS Flood: 262 ramek RTS oraz 238 ramek CTS w oknie 5s.
evidence: {'rts_count': 262, 'cts_count': 238, 'combined_count': 500, 'window_seconds': 5, 'rts_count_threshold': 300, 'cts_count_threshold': 300, 'combined_count_threshold': 500, 'triggered_reasons': ['high_combined_rts_cts_rate'], 'unique_source_count': 2, 'unique_destination_count': 2, 'sample_sources': ['8a:f4:af:eb:f3:fb', 'd8:d7:75:45:81:24'], 'sample_destinations': ['8a:f4:af:eb:f3:fb', 'd8:d7:75:45:81:24']}
!!!!!!!!!!!!!!!!!!!!!!!!!!!!!!!!!!!!!!!!!!!!!!!!!!!!!!!!!!!!!!!!!!!!!!!!!!!!!!!!


!!!!!!!!!!!!!!!!!!!!!!!!!!!!!!!!!!!!!!!!!!!!!!!!!!!!!!!!!!!!!!!!!!!!!!!!!!!!!!!!
[ALERT] ALERT-000003 | RTS_FLOOD_SOURCE
severity: MEDIUM
time: 2026-05-16T14:54:25.645939
message: Wykryto możliwy RTS Flood z pojedynczego źródła: 183 ramek RTS z adresu d8:d7:75:45:81:24 w oknie 5s.
evidence: {'source_mac': 'd8:d7:75:45:81:24', 'rts_count': 183, 'unique_destination_count': 1, 'rts_per_source_threshold': 150, 'window_seconds': 5, 'sample_destinations': ['8a:f4:af:eb:f3:fb']}
!!!!!!!!!!!!!!!!!!!!!!!!!!!!!!!!!!!!!!!!!!!!!!!!!!!!!!!!!!!!!!!!!!!!!!!!!!!!!!!!


!!!!!!!!!!!!!!!!!!!!!!!!!!!!!!!!!!!!!!!!!!!!!!!!!!!!!!!!!!!!!!!!!!!!!!!!!!!!!!!!
[ALERT] ALERT-000004 | RTS_FLOOD_SOURCE
severity: MEDIUM
time: 2026-05-16T14:54:36.886720
message: Wykryto możliwy RTS Flood z pojedynczego źródła: 150 ramek RTS z adresu d8:d7:75:45:81:24 w oknie 5s.
evidence: {'source_mac': 'd8:d7:75:45:81:24', 'rts_count': 150, 'unique_destination_count': 1, 'rts_per_source_threshold': 150, 'window_seconds': 5, 'sample_destinations': ['8a:f4:af:eb:f3:fb']}
!!!!!!!!!!!!!!!!!!!!!!!!!!!!!!!!!!!!!!!!!!!!!!!!!!!!!!!!!!!!!!!!!!!!!!!!!!!!!!!!


================================================================================
STATISTICS after 30.1s
--------------------------------------------------------------------------------
total frames: 5981

by frame type:
  control: 3294
  management: 1885
  data: 802

by frame subtype:
  beacon: 1787
  ack: 1142
  rts: 850
  cts: 729
  block_ack: 570
  null_data: 566
  data: 192
  probe_response: 54
  qos_data: 39
  probe_request: 27
  action: 13
  qos_null: 5
  authentication: 3
  block_ack_request: 3
  reassociation_response: 1

unique SSIDs: 2
unique BSSIDs: 11
================================================================================

================================================================================
STATISTICS after 38.0s
--------------------------------------------------------------------------------
total frames: 7977

by frame type:
  control: 3651
  management: 2815
  data: 1511

by frame subtype:
  beacon: 2665
  ack: 1465
  null_data: 1174
  rts: 860
  cts: 740
  block_ack: 581
  data: 263
  probe_response: 78
  qos_data: 51
  probe_request: 50
  qos_null: 23
  action: 18
  block_ack_request: 5
  authentication: 3
  reassociation_response: 1

unique SSIDs: 3
unique BSSIDs: 14
================================================================================

================================================================================
DETECTION SUMMARY
--------------------------------------------------------------------------------
total alerts: 4

by attack type:
  RTS_FLOOD_SOURCE: 3
  RTS_CTS_FLOOD_GLOBAL: 1

by severity:
  MEDIUM: 4
================================================================================
