
================================================================================
STATISTICS after 10.1s
--------------------------------------------------------------------------------
total frames: 303

by frame type:
  management: 136
  control: 87
  data: 80

by frame subtype:
  beacon: 125
  ack: 75
  data: 52
  null_data: 24
  probe_response: 6
  probe_request: 5
  rts: 4
  cts: 4
  qos_data: 4
  block_ack: 4

unique SSIDs: 2
unique BSSIDs: 9
================================================================================

================================================================================
STATISTICS after 20.1s
--------------------------------------------------------------------------------
total frames: 2471

by frame type:
  management: 1203
  control: 815
  data: 453

by frame subtype:
  beacon: 1137
  ack: 520
  null_data: 264
  data: 151
  cts: 138
  rts: 97
  block_ack: 57
  probe_response: 38
  qos_data: 34
  probe_request: 15
  action: 9
  qos_null: 4
  authentication: 3
  block_ack_request: 3
  reassociation_response: 1

unique SSIDs: 2
unique BSSIDs: 11
================================================================================

!!!!!!!!!!!!!!!!!!!!!!!!!!!!!!!!!!!!!!!!!!!!!!!!!!!!!!!!!!!!!!!!!!!!!!!!!!!!!!!!
[ALERT] ALERT-000001 | RTS_CTS_FLOOD_GLOBAL
severity: MEDIUM
time: 2026-05-16T14:54:19.087172
message: Wykryto możliwy RTS/CTS Flood: 83 ramek RTS oraz 67 ramek CTS w oknie 5s.
evidence: {'rts_count': 83, 'cts_count': 67, 'combined_count': 150, 'window_seconds': 5, 'rts_count_threshold': 100, 'cts_count_threshold': 100, 'combined_count_threshold': 150, 'triggered_reasons': ['high_combined_rts_cts_rate'], 'unique_source_count': 2, 'unique_destination_count': 2, 'sample_sources': ['8a:f4:af:eb:f3:fb', 'd8:d7:75:45:81:24'], 'sample_destinations': ['8a:f4:af:eb:f3:fb', 'd8:d7:75:45:81:24']}
!!!!!!!!!!!!!!!!!!!!!!!!!!!!!!!!!!!!!!!!!!!!!!!!!!!!!!!!!!!!!!!!!!!!!!!!!!!!!!!!


!!!!!!!!!!!!!!!!!!!!!!!!!!!!!!!!!!!!!!!!!!!!!!!!!!!!!!!!!!!!!!!!!!!!!!!!!!!!!!!!
[ALERT] ALERT-000002 | RTS_FLOOD_SOURCE
severity: MEDIUM
time: 2026-05-16T14:54:19.152758
message: Wykryto możliwy RTS Flood z pojedynczego źródła: 50 ramek RTS z adresu d8:d7:75:45:81:24 w oknie 5s.
evidence: {'source_mac': 'd8:d7:75:45:81:24', 'rts_count': 50, 'unique_destination_count': 1, 'rts_per_source_threshold': 50, 'window_seconds': 5, 'sample_destinations': ['8a:f4:af:eb:f3:fb']}
!!!!!!!!!!!!!!!!!!!!!!!!!!!!!!!!!!!!!!!!!!!!!!!!!!!!!!!!!!!!!!!!!!!!!!!!!!!!!!!!


!!!!!!!!!!!!!!!!!!!!!!!!!!!!!!!!!!!!!!!!!!!!!!!!!!!!!!!!!!!!!!!!!!!!!!!!!!!!!!!!
[ALERT] ALERT-000003 | RTS_FLOOD_SOURCE
severity: MEDIUM
time: 2026-05-16T14:54:19.296381
message: Wykryto możliwy RTS Flood z pojedynczego źródła: 50 ramek RTS z adresu 8a:f4:af:eb:f3:fb w oknie 5s.
evidence: {'source_mac': '8a:f4:af:eb:f3:fb', 'rts_count': 50, 'unique_destination_count': 1, 'rts_per_source_threshold': 50, 'window_seconds': 5, 'sample_destinations': ['d8:d7:75:45:81:24']}
!!!!!!!!!!!!!!!!!!!!!!!!!!!!!!!!!!!!!!!!!!!!!!!!!!!!!!!!!!!!!!!!!!!!!!!!!!!!!!!!


!!!!!!!!!!!!!!!!!!!!!!!!!!!!!!!!!!!!!!!!!!!!!!!!!!!!!!!!!!!!!!!!!!!!!!!!!!!!!!!!
[ALERT] ALERT-000004 | RTS_CTS_FLOOD_GLOBAL
severity: CRITICAL
time: 2026-05-16T14:54:24.088886
message: Wykryto możliwy RTS/CTS Flood: 360 ramek RTS oraz 322 ramek CTS w oknie 5s.
evidence: {'rts_count': 360, 'cts_count': 322, 'combined_count': 682, 'window_seconds': 5, 'rts_count_threshold': 100, 'cts_count_threshold': 100, 'combined_count_threshold': 150, 'triggered_reasons': ['high_rts_rate', 'high_cts_rate', 'high_combined_rts_cts_rate'], 'unique_source_count': 2, 'unique_destination_count': 2, 'sample_sources': ['8a:f4:af:eb:f3:fb', 'd8:d7:75:45:81:24'], 'sample_destinations': ['8a:f4:af:eb:f3:fb', 'd8:d7:75:45:81:24']}
!!!!!!!!!!!!!!!!!!!!!!!!!!!!!!!!!!!!!!!!!!!!!!!!!!!!!!!!!!!!!!!!!!!!!!!!!!!!!!!!


!!!!!!!!!!!!!!!!!!!!!!!!!!!!!!!!!!!!!!!!!!!!!!!!!!!!!!!!!!!!!!!!!!!!!!!!!!!!!!!!
[ALERT] ALERT-000005 | RTS_FLOOD_SOURCE
severity: CRITICAL
time: 2026-05-16T14:54:24.197598
message: Wykryto możliwy RTS Flood z pojedynczego źródła: 220 ramek RTS z adresu d8:d7:75:45:81:24 w oknie 5s.
evidence: {'source_mac': 'd8:d7:75:45:81:24', 'rts_count': 220, 'unique_destination_count': 1, 'rts_per_source_threshold': 50, 'window_seconds': 5, 'sample_destinations': ['8a:f4:af:eb:f3:fb']}
!!!!!!!!!!!!!!!!!!!!!!!!!!!!!!!!!!!!!!!!!!!!!!!!!!!!!!!!!!!!!!!!!!!!!!!!!!!!!!!!


!!!!!!!!!!!!!!!!!!!!!!!!!!!!!!!!!!!!!!!!!!!!!!!!!!!!!!!!!!!!!!!!!!!!!!!!!!!!!!!!
[ALERT] ALERT-000006 | RTS_FLOOD_SOURCE
severity: HIGH
time: 2026-05-16T14:54:24.405880
message: Wykryto możliwy RTS Flood z pojedynczego źródła: 112 ramek RTS z adresu 8a:f4:af:eb:f3:fb w oknie 5s.
evidence: {'source_mac': '8a:f4:af:eb:f3:fb', 'rts_count': 112, 'unique_destination_count': 1, 'rts_per_source_threshold': 50, 'window_seconds': 5, 'sample_destinations': ['d8:d7:75:45:81:24']}
!!!!!!!!!!!!!!!!!!!!!!!!!!!!!!!!!!!!!!!!!!!!!!!!!!!!!!!!!!!!!!!!!!!!!!!!!!!!!!!!


!!!!!!!!!!!!!!!!!!!!!!!!!!!!!!!!!!!!!!!!!!!!!!!!!!!!!!!!!!!!!!!!!!!!!!!!!!!!!!!!
[ALERT] ALERT-000007 | RTS_FLOOD_SOURCE
severity: MEDIUM
time: 2026-05-16T14:54:35.032858
message: Wykryto możliwy RTS Flood z pojedynczego źródła: 50 ramek RTS z adresu d8:d7:75:45:81:24 w oknie 5s.
evidence: {'source_mac': 'd8:d7:75:45:81:24', 'rts_count': 50, 'unique_destination_count': 1, 'rts_per_source_threshold': 50, 'window_seconds': 5, 'sample_destinations': ['8a:f4:af:eb:f3:fb']}
!!!!!!!!!!!!!!!!!!!!!!!!!!!!!!!!!!!!!!!!!!!!!!!!!!!!!!!!!!!!!!!!!!!!!!!!!!!!!!!!


!!!!!!!!!!!!!!!!!!!!!!!!!!!!!!!!!!!!!!!!!!!!!!!!!!!!!!!!!!!!!!!!!!!!!!!!!!!!!!!!
[ALERT] ALERT-000008 | RTS_CTS_FLOOD_GLOBAL
severity: MEDIUM
time: 2026-05-16T14:54:36.468187
message: Wykryto możliwy RTS/CTS Flood: 76 ramek RTS oraz 74 ramek CTS w oknie 5s.
evidence: {'rts_count': 76, 'cts_count': 74, 'combined_count': 150, 'window_seconds': 5, 'rts_count_threshold': 100, 'cts_count_threshold': 100, 'combined_count_threshold': 150, 'triggered_reasons': ['high_combined_rts_cts_rate'], 'unique_source_count': 3, 'unique_destination_count': 3, 'sample_sources': ['8a:f4:af:eb:f3:fb', '50:02:91:e8:18:ec', 'd8:d7:75:45:81:24'], 'sample_destinations': ['8a:f4:af:eb:f3:fb', '50:02:91:e8:18:ec', 'd8:d7:75:45:81:24']}
!!!!!!!!!!!!!!!!!!!!!!!!!!!!!!!!!!!!!!!!!!!!!!!!!!!!!!!!!!!!!!!!!!!!!!!!!!!!!!!!


================================================================================
STATISTICS after 30.1s
--------------------------------------------------------------------------------
total frames: 6040

by frame type:
  control: 3304
  management: 1922
  data: 814

by frame subtype:
  beacon: 1824
  ack: 1152
  rts: 850
  cts: 729
  null_data: 574
  block_ack: 570
  data: 194
  probe_response: 54
  qos_data: 39
  probe_request: 27
  action: 13
  qos_null: 7
  authentication: 3
  block_ack_request: 3
  reassociation_response: 1

unique SSIDs: 2
unique BSSIDs: 11
================================================================================

================================================================================
STATISTICS after 37.7s
--------------------------------------------------------------------------------
total frames: 7977

by frame type:
  control: 3651
  management: 2815
  data: 1511

by frame subtype:
  beacon: 2665
  ack: 1465
  null_data: 1174
  rts: 860
  cts: 740
  block_ack: 581
  data: 263
  probe_response: 78
  qos_data: 51
  probe_request: 50
  qos_null: 23
  action: 18
  block_ack_request: 5
  authentication: 3
  reassociation_response: 1

unique SSIDs: 3
unique BSSIDs: 14
================================================================================

================================================================================
DETECTION SUMMARY
--------------------------------------------------------------------------------
total alerts: 8

by attack type:
  RTS_FLOOD_SOURCE: 5
  RTS_CTS_FLOOD_GLOBAL: 3

by severity:
  MEDIUM: 5
  CRITICAL: 2
  HIGH: 1
================================================================================
