
================================================================================
STATISTICS after 10.1s
--------------------------------------------------------------------------------
total frames: 490

by frame type:
  management: 329
  control: 91
  data: 70

by frame subtype:
  beacon: 315
  ack: 78
  null_data: 45
  data: 13
  qos_data: 10
  probe_response: 9
  cts: 6
  rts: 4
  probe_request: 4
  block_ack: 3
  qos_null: 2
  action: 1

unique SSIDs: 1
unique BSSIDs: 6
================================================================================

================================================================================
STATISTICS after 20.1s
--------------------------------------------------------------------------------
total frames: 926

by frame type:
  management: 610
  control: 178
  data: 138

by frame subtype:
  beacon: 592
  ack: 159
  null_data: 90
  data: 34
  qos_data: 12
  probe_response: 10
  cts: 8
  probe_request: 7
  rts: 6
  block_ack: 5
  qos_null: 2
  action: 1

unique SSIDs: 1
unique BSSIDs: 7
================================================================================

!!!!!!!!!!!!!!!!!!!!!!!!!!!!!!!!!!!!!!!!!!!!!!!!!!!!!!!!!!!!!!!!!!!!!!!!!!!!!!!!
[ALERT] ALERT-000001 | RTS_CTS_FLOOD_GLOBAL
severity: MEDIUM
time: 2026-05-16T16:16:05.143117
message: Wykryto możliwy RTS/CTS Flood: 206 ramek RTS oraz 294 ramek CTS w oknie 5s.
evidence: {'rts_count': 206, 'cts_count': 294, 'combined_count': 500, 'window_seconds': 5, 'rts_count_threshold': 300, 'cts_count_threshold': 300, 'combined_count_threshold': 500, 'triggered_reasons': ['high_combined_rts_cts_rate'], 'unique_source_count': 103, 'unique_destination_count': 90, 'sample_sources': ['02:32:e0:dc:c9:76', '02:ca:23:3d:ff:78', '02:6e:f0:b2:55:49', '02:a6:0d:36:58:73', '02:76:f4:62:53:b4', '02:c3:5c:d8:e9:15', '02:08:02:aa:94:e4', '02:d6:3b:4b:13:64', '02:eb:15:04:0c:5e', '02:96:9d:71:2d:94'], 'sample_destinations': ['02:32:e0:dc:c9:76', '02:ca:23:3d:ff:78', '02:6e:f0:b2:55:49', '02:a6:0d:36:58:73', '02:c3:5c:d8:e9:15', '02:08:02:aa:94:e4', '02:d6:3b:4b:13:64', '02:eb:15:04:0c:5e', '02:96:9d:71:2d:94', '02:2d:b1:02:c5:bf']}
!!!!!!!!!!!!!!!!!!!!!!!!!!!!!!!!!!!!!!!!!!!!!!!!!!!!!!!!!!!!!!!!!!!!!!!!!!!!!!!!


!!!!!!!!!!!!!!!!!!!!!!!!!!!!!!!!!!!!!!!!!!!!!!!!!!!!!!!!!!!!!!!!!!!!!!!!!!!!!!!!
[ALERT] ALERT-000002 | RTS_CTS_FLOOD_GLOBAL
severity: HIGH
time: 2026-05-16T16:16:10.143393
message: Wykryto możliwy RTS/CTS Flood: 285 ramek RTS oraz 422 ramek CTS w oknie 5s.
evidence: {'rts_count': 285, 'cts_count': 422, 'combined_count': 707, 'window_seconds': 5, 'rts_count_threshold': 300, 'cts_count_threshold': 300, 'combined_count_threshold': 500, 'triggered_reasons': ['high_cts_rate', 'high_combined_rts_cts_rate'], 'unique_source_count': 143, 'unique_destination_count': 138, 'sample_sources': ['02:79:2c:21:0a:51', '02:21:ee:19:62:5f', '02:c7:64:ac:e5:05', '02:75:9d:2f:15:eb', '02:30:da:a8:ec:e7', '02:ef:1a:5c:4a:52', '02:e1:fb:4a:5c:b4', '02:ae:61:18:7d:46', '02:e1:2d:99:95:86', '02:f9:d8:42:49:0c'], 'sample_destinations': ['02:79:2c:21:0a:51', '02:21:ee:19:62:5f', '02:c7:64:ac:e5:05', '02:75:9d:2f:15:eb', '02:30:da:a8:ec:e7', '02:ef:1a:5c:4a:52', '02:e1:fb:4a:5c:b4', '02:ae:61:18:7d:46', '02:e1:2d:99:95:86', '02:f9:d8:42:49:0c']}
!!!!!!!!!!!!!!!!!!!!!!!!!!!!!!!!!!!!!!!!!!!!!!!!!!!!!!!!!!!!!!!!!!!!!!!!!!!!!!!!


================================================================================
STATISTICS after 30.1s
--------------------------------------------------------------------------------
total frames: 3720

by frame type:
  control: 2274
  management: 1188
  data: 258

by frame subtype:
  beacon: 1148
  cts: 1141
  rts: 785
  ack: 336
  null_data: 146
  data: 89
  probe_response: 25
  qos_data: 19
  probe_request: 13
  block_ack: 12
  qos_null: 4
  action: 2

unique SSIDs: 2
unique BSSIDs: 9
================================================================================

!!!!!!!!!!!!!!!!!!!!!!!!!!!!!!!!!!!!!!!!!!!!!!!!!!!!!!!!!!!!!!!!!!!!!!!!!!!!!!!!
[ALERT] ALERT-000003 | RTS_CTS_FLOOD_GLOBAL
severity: HIGH
time: 2026-05-16T16:16:15.147598
message: Wykryto możliwy RTS/CTS Flood: 291 ramek RTS oraz 424 ramek CTS w oknie 5s.
evidence: {'rts_count': 291, 'cts_count': 424, 'combined_count': 715, 'window_seconds': 5, 'rts_count_threshold': 300, 'cts_count_threshold': 300, 'combined_count_threshold': 500, 'triggered_reasons': ['high_cts_rate', 'high_combined_rts_cts_rate'], 'unique_source_count': 146, 'unique_destination_count': 134, 'sample_sources': ['02:0e:57:b2:1a:66', '02:ff:3f:26:e0:9e', '02:59:71:7b:be:dd', '02:ce:a4:de:2c:5e', '02:08:81:85:e9:fb', '02:d6:a9:d8:00:93', '02:e9:f0:ab:d8:1d', '02:a3:d8:ff:23:6a', '02:d5:6d:8d:2b:60', '02:dd:0e:66:cc:42'], 'sample_destinations': ['02:0e:57:b2:1a:66', '02:ff:3f:26:e0:9e', '02:59:71:7b:be:dd', '02:ce:a4:de:2c:5e', '02:08:81:85:e9:fb', '02:d6:a9:d8:00:93', '02:e9:f0:ab:d8:1d', '02:a3:d8:ff:23:6a', '02:d5:6d:8d:2b:60', '02:dd:0e:66:cc:42']}
!!!!!!!!!!!!!!!!!!!!!!!!!!!!!!!!!!!!!!!!!!!!!!!!!!!!!!!!!!!!!!!!!!!!!!!!!!!!!!!!


!!!!!!!!!!!!!!!!!!!!!!!!!!!!!!!!!!!!!!!!!!!!!!!!!!!!!!!!!!!!!!!!!!!!!!!!!!!!!!!!
[ALERT] ALERT-000004 | RTS_CTS_FLOOD_GLOBAL
severity: HIGH
time: 2026-05-16T16:16:20.159092
message: Wykryto możliwy RTS/CTS Flood: 287 ramek RTS oraz 421 ramek CTS w oknie 5s.
evidence: {'rts_count': 287, 'cts_count': 421, 'combined_count': 708, 'window_seconds': 5, 'rts_count_threshold': 300, 'cts_count_threshold': 300, 'combined_count_threshold': 500, 'triggered_reasons': ['high_cts_rate', 'high_combined_rts_cts_rate'], 'unique_source_count': 144, 'unique_destination_count': 136, 'sample_sources': ['02:7e:fa:c8:1f:ba', '02:75:f4:ff:66:36', '02:6c:a2:d7:94:4c', '02:b3:e1:17:7c:e4', '02:20:26:5f:64:11', '02:ac:ed:28:d7:88', '02:b3:dd:cd:1f:15', '02:89:de:0c:d8:17', '02:b8:08:d3:a1:7e', '02:15:d0:5a:84:4b'], 'sample_destinations': ['02:7e:fa:c8:1f:ba', '02:75:f4:ff:66:36', '02:6c:a2:d7:94:4c', '02:20:26:5f:64:11', '02:ac:ed:28:d7:88', '02:b3:dd:cd:1f:15', '02:89:de:0c:d8:17', '02:b8:08:d3:a1:7e', '02:15:d0:5a:84:4b', '02:db:29:be:40:ca']}
!!!!!!!!!!!!!!!!!!!!!!!!!!!!!!!!!!!!!!!!!!!!!!!!!!!!!!!!!!!!!!!!!!!!!!!!!!!!!!!!


!!!!!!!!!!!!!!!!!!!!!!!!!!!!!!!!!!!!!!!!!!!!!!!!!!!!!!!!!!!!!!!!!!!!!!!!!!!!!!!!
[ALERT] ALERT-000005 | RTS_CTS_FLOOD_GLOBAL
severity: HIGH
time: 2026-05-16T16:16:25.167090
message: Wykryto możliwy RTS/CTS Flood: 285 ramek RTS oraz 425 ramek CTS w oknie 5s.
evidence: {'rts_count': 285, 'cts_count': 425, 'combined_count': 710, 'window_seconds': 5, 'rts_count_threshold': 300, 'cts_count_threshold': 300, 'combined_count_threshold': 500, 'triggered_reasons': ['high_cts_rate', 'high_combined_rts_cts_rate'], 'unique_source_count': 143, 'unique_destination_count': 140, 'sample_sources': ['02:23:a2:04:05:4d', '02:6e:8b:11:c7:f3', '02:e8:43:08:d4:37', '02:6e:fb:91:55:1e', '02:fa:00:cb:3b:d7', '02:02:6c:8f:ea:22', '02:bc:e7:8a:45:31', '02:56:d6:47:8f:68', '02:37:c6:86:4f:a7', '02:cd:0e:9b:23:96'], 'sample_destinations': ['02:23:a2:04:05:4d', '02:6e:8b:11:c7:f3', '02:e8:43:08:d4:37', '02:6e:fb:91:55:1e', '02:fa:00:cb:3b:d7', '02:02:6c:8f:ea:22', '02:bc:e7:8a:45:31', '02:56:d6:47:8f:68', '02:37:c6:86:4f:a7', '02:cd:0e:9b:23:96']}
!!!!!!!!!!!!!!!!!!!!!!!!!!!!!!!!!!!!!!!!!!!!!!!!!!!!!!!!!!!!!!!!!!!!!!!!!!!!!!!!


!!!!!!!!!!!!!!!!!!!!!!!!!!!!!!!!!!!!!!!!!!!!!!!!!!!!!!!!!!!!!!!!!!!!!!!!!!!!!!!!
[ALERT] ALERT-000006 | RTS_CTS_FLOOD_GLOBAL
severity: HIGH
time: 2026-05-16T16:16:30.171147
message: Wykryto możliwy RTS/CTS Flood: 281 ramek RTS oraz 416 ramek CTS w oknie 5s.
evidence: {'rts_count': 281, 'cts_count': 416, 'combined_count': 697, 'window_seconds': 5, 'rts_count_threshold': 300, 'cts_count_threshold': 300, 'combined_count_threshold': 500, 'triggered_reasons': ['high_cts_rate', 'high_combined_rts_cts_rate'], 'unique_source_count': 141, 'unique_destination_count': 135, 'sample_sources': ['02:6c:fe:6f:94:e1', '02:00:b7:cb:e2:7b', '02:d4:41:9a:9b:58', '02:b3:e2:42:79:10', '02:28:9a:76:2b:7b', '02:c3:df:20:29:d7', '02:8b:68:72:e7:d1', '02:78:5b:c7:f7:24', '02:af:87:67:5b:6a', '02:82:2d:5f:c7:3c'], 'sample_destinations': ['02:6c:fe:6f:94:e1', '02:00:b7:cb:e2:7b', '02:d4:41:9a:9b:58', '02:b3:e2:42:79:10', '02:28:9a:76:2b:7b', '02:c3:df:20:29:d7', '02:78:5b:c7:f7:24', '02:af:87:67:5b:6a', '02:82:2d:5f:c7:3c', '02:71:43:79:b6:73']}
!!!!!!!!!!!!!!!!!!!!!!!!!!!!!!!!!!!!!!!!!!!!!!!!!!!!!!!!!!!!!!!!!!!!!!!!!!!!!!!!


!!!!!!!!!!!!!!!!!!!!!!!!!!!!!!!!!!!!!!!!!!!!!!!!!!!!!!!!!!!!!!!!!!!!!!!!!!!!!!!!
[ALERT] ALERT-000007 | RTS_CTS_FLOOD_GLOBAL
severity: HIGH
time: 2026-05-16T16:16:35.179380
message: Wykryto możliwy RTS/CTS Flood: 288 ramek RTS oraz 427 ramek CTS w oknie 5s.
evidence: {'rts_count': 288, 'cts_count': 427, 'combined_count': 715, 'window_seconds': 5, 'rts_count_threshold': 300, 'cts_count_threshold': 300, 'combined_count_threshold': 500, 'triggered_reasons': ['high_cts_rate', 'high_combined_rts_cts_rate'], 'unique_source_count': 144, 'unique_destination_count': 139, 'sample_sources': ['02:d9:9e:af:d5:6c', '02:63:29:e1:8e:3e', '02:da:0d:e5:f5:c4', '02:7e:5b:ce:4f:95', '02:62:29:80:58:98', '02:6b:ca:11:67:eb', '02:95:c0:fb:82:c7', '02:19:49:bd:0d:57', '02:6e:4e:05:0f:97', '02:7e:bb:2b:95:99'], 'sample_destinations': ['02:d9:9e:af:d5:6c', '02:da:0d:e5:f5:c4', '02:7e:5b:ce:4f:95', '02:62:29:80:58:98', '02:6b:ca:11:67:eb', '02:95:c0:fb:82:c7', '02:19:49:bd:0d:57', '02:6e:4e:05:0f:97', '02:7e:bb:2b:95:99', '02:51:10:0f:b3:5b']}
!!!!!!!!!!!!!!!!!!!!!!!!!!!!!!!!!!!!!!!!!!!!!!!!!!!!!!!!!!!!!!!!!!!!!!!!!!!!!!!!


================================================================================
STATISTICS after 40.1s
--------------------------------------------------------------------------------
total frames: 7599

by frame type:
  control: 5858
  management: 1417
  data: 324

by frame subtype:
  cts: 3238
  rts: 2205
  beacon: 1370
  ack: 403
  null_data: 199
  data: 100
  probe_response: 29
  qos_data: 19
  probe_request: 14
  block_ack: 12
  qos_null: 6
  action: 4

unique SSIDs: 2
unique BSSIDs: 9
================================================================================

!!!!!!!!!!!!!!!!!!!!!!!!!!!!!!!!!!!!!!!!!!!!!!!!!!!!!!!!!!!!!!!!!!!!!!!!!!!!!!!!
[ALERT] ALERT-000008 | RTS_CTS_FLOOD_GLOBAL
severity: HIGH
time: 2026-05-16T16:16:40.191062
message: Wykryto możliwy RTS/CTS Flood: 282 ramek RTS oraz 413 ramek CTS w oknie 5s.
evidence: {'rts_count': 282, 'cts_count': 413, 'combined_count': 695, 'window_seconds': 5, 'rts_count_threshold': 300, 'cts_count_threshold': 300, 'combined_count_threshold': 500, 'triggered_reasons': ['high_cts_rate', 'high_combined_rts_cts_rate'], 'unique_source_count': 141, 'unique_destination_count': 133, 'sample_sources': ['02:54:50:17:91:c5', '02:b3:fe:4c:96:94', '02:b0:d0:b7:ab:70', '02:23:c0:0e:82:ea', '02:42:fe:8f:38:99', '02:9f:b1:2d:4d:9b', '02:a6:cd:41:6d:1c', '02:2a:38:4a:b1:39', '02:7b:9a:9e:6b:09', '02:1f:05:41:07:09'], 'sample_destinations': ['02:b3:fe:4c:96:94', '02:b0:d0:b7:ab:70', '02:23:c0:0e:82:ea', '02:42:fe:8f:38:99', '02:9f:b1:2d:4d:9b', '02:2a:38:4a:b1:39', '02:7b:9a:9e:6b:09', '02:1f:05:41:07:09', '02:f9:4b:fa:f5:51', '02:cc:7e:a0:86:3e']}
!!!!!!!!!!!!!!!!!!!!!!!!!!!!!!!!!!!!!!!!!!!!!!!!!!!!!!!!!!!!!!!!!!!!!!!!!!!!!!!!


!!!!!!!!!!!!!!!!!!!!!!!!!!!!!!!!!!!!!!!!!!!!!!!!!!!!!!!!!!!!!!!!!!!!!!!!!!!!!!!!
[ALERT] ALERT-000009 | RTS_CTS_FLOOD_GLOBAL
severity: HIGH
time: 2026-05-16T16:16:45.199092
message: Wykryto możliwy RTS/CTS Flood: 289 ramek RTS oraz 419 ramek CTS w oknie 5s.
evidence: {'rts_count': 289, 'cts_count': 419, 'combined_count': 708, 'window_seconds': 5, 'rts_count_threshold': 300, 'cts_count_threshold': 300, 'combined_count_threshold': 500, 'triggered_reasons': ['high_cts_rate', 'high_combined_rts_cts_rate'], 'unique_source_count': 145, 'unique_destination_count': 132, 'sample_sources': ['02:27:b5:78:77:c2', '02:de:80:b1:6f:3a', '02:b2:ff:db:d0:11', '02:5e:48:2f:1e:d9', '02:1e:d2:2b:02:5f', '02:db:05:ac:18:16', '02:fb:fc:13:fb:6a', '02:60:f3:96:cb:50', '02:20:5e:11:d4:23', '02:94:f8:a9:bc:95'], 'sample_destinations': ['02:27:b5:78:77:c2', '02:de:80:b1:6f:3a', '02:b2:ff:db:d0:11', '02:5e:48:2f:1e:d9', '02:1e:d2:2b:02:5f', '02:db:05:ac:18:16', '02:fb:fc:13:fb:6a', '02:94:f8:a9:bc:95', '02:b5:25:64:70:c5', '02:4f:68:6f:64:e1']}
!!!!!!!!!!!!!!!!!!!!!!!!!!!!!!!!!!!!!!!!!!!!!!!!!!!!!!!!!!!!!!!!!!!!!!!!!!!!!!!!


!!!!!!!!!!!!!!!!!!!!!!!!!!!!!!!!!!!!!!!!!!!!!!!!!!!!!!!!!!!!!!!!!!!!!!!!!!!!!!!!
[ALERT] ALERT-000010 | RTS_CTS_FLOOD_GLOBAL
severity: HIGH
time: 2026-05-16T16:16:50.199481
message: Wykryto możliwy RTS/CTS Flood: 279 ramek RTS oraz 410 ramek CTS w oknie 5s.
evidence: {'rts_count': 279, 'cts_count': 410, 'combined_count': 689, 'window_seconds': 5, 'rts_count_threshold': 300, 'cts_count_threshold': 300, 'combined_count_threshold': 500, 'triggered_reasons': ['high_cts_rate', 'high_combined_rts_cts_rate'], 'unique_source_count': 140, 'unique_destination_count': 131, 'sample_sources': ['02:a0:19:56:70:5d', '02:8e:59:6e:23:a5', '02:8a:cb:2c:0a:a1', '02:e2:2a:80:6c:40', '02:45:23:15:d3:67', '02:09:ac:78:29:66', '02:70:f7:f1:10:2c', '02:8f:2e:a2:5e:52', '02:03:c5:97:5c:f1', '02:0b:d9:c6:30:72'], 'sample_destinations': ['02:a0:19:56:70:5d', '02:8e:59:6e:23:a5', '02:8a:cb:2c:0a:a1', '02:e2:2a:80:6c:40', '02:45:23:15:d3:67', '02:09:ac:78:29:66', '02:8f:2e:a2:5e:52', '02:03:c5:97:5c:f1', '02:0b:d9:c6:30:72', '02:9a:c1:8d:cd:de']}
!!!!!!!!!!!!!!!!!!!!!!!!!!!!!!!!!!!!!!!!!!!!!!!!!!!!!!!!!!!!!!!!!!!!!!!!!!!!!!!!


!!!!!!!!!!!!!!!!!!!!!!!!!!!!!!!!!!!!!!!!!!!!!!!!!!!!!!!!!!!!!!!!!!!!!!!!!!!!!!!!
[ALERT] ALERT-000011 | RTS_CTS_FLOOD_GLOBAL
severity: HIGH
time: 2026-05-16T16:16:55.199615
message: Wykryto możliwy RTS/CTS Flood: 288 ramek RTS oraz 420 ramek CTS w oknie 5s.
evidence: {'rts_count': 288, 'cts_count': 420, 'combined_count': 708, 'window_seconds': 5, 'rts_count_threshold': 300, 'cts_count_threshold': 300, 'combined_count_threshold': 500, 'triggered_reasons': ['high_cts_rate', 'high_combined_rts_cts_rate'], 'unique_source_count': 144, 'unique_destination_count': 135, 'sample_sources': ['02:34:b2:fd:78:fb', '02:a6:86:76:5d:04', '02:74:cb:f9:18:b3', '02:71:60:3e:2c:01', '02:4f:0f:51:9a:2b', '02:1b:fa:0d:fa:25', '02:e8:a9:32:91:d4', '02:e8:44:ba:51:5c', '02:66:35:76:e5:77', '02:78:6d:17:92:cd'], 'sample_destinations': ['02:34:b2:fd:78:fb', '02:a6:86:76:5d:04', '02:74:cb:f9:18:b3', '02:71:60:3e:2c:01', '02:4f:0f:51:9a:2b', '02:1b:fa:0d:fa:25', '02:e8:a9:32:91:d4', '02:e8:44:ba:51:5c', '02:66:35:76:e5:77', '02:78:6d:17:92:cd']}
!!!!!!!!!!!!!!!!!!!!!!!!!!!!!!!!!!!!!!!!!!!!!!!!!!!!!!!!!!!!!!!!!!!!!!!!!!!!!!!!


!!!!!!!!!!!!!!!!!!!!!!!!!!!!!!!!!!!!!!!!!!!!!!!!!!!!!!!!!!!!!!!!!!!!!!!!!!!!!!!!
[ALERT] ALERT-000012 | RTS_CTS_FLOOD_GLOBAL
severity: HIGH
time: 2026-05-16T16:17:00.211229
message: Wykryto możliwy RTS/CTS Flood: 290 ramek RTS oraz 423 ramek CTS w oknie 5s.
evidence: {'rts_count': 290, 'cts_count': 423, 'combined_count': 713, 'window_seconds': 5, 'rts_count_threshold': 300, 'cts_count_threshold': 300, 'combined_count_threshold': 500, 'triggered_reasons': ['high_cts_rate', 'high_combined_rts_cts_rate'], 'unique_source_count': 146, 'unique_destination_count': 136, 'sample_sources': ['02:55:97:39:1f:02', '02:07:72:93:a9:68', '02:a8:1d:ad:c8:d7', '02:78:c1:a6:42:d1', '02:86:d9:62:ca:49', '02:b3:05:0f:42:cb', '02:04:75:fa:75:9d', '02:8f:98:9e:56:7b', '02:0e:7e:6e:22:61', '02:bd:bd:e0:78:30'], 'sample_destinations': ['02:55:97:39:1f:02', '02:07:72:93:a9:68', '02:a8:1d:ad:c8:d7', '02:78:c1:a6:42:d1', '02:86:d9:62:ca:49', '02:b3:05:0f:42:cb', '02:04:75:fa:75:9d', '02:8f:98:9e:56:7b', '02:0e:7e:6e:22:61', '02:bd:bd:e0:78:30']}
!!!!!!!!!!!!!!!!!!!!!!!!!!!!!!!!!!!!!!!!!!!!!!!!!!!!!!!!!!!!!!!!!!!!!!!!!!!!!!!!


================================================================================
STATISTICS after 50.1s
--------------------------------------------------------------------------------
total frames: 11328

by frame type:
  control: 8973
  management: 1881
  data: 474

by frame subtype:
  cts: 4996
  rts: 3410
  beacon: 1826
  ack: 548
  null_data: 303
  data: 138
  probe_response: 34
  qos_data: 27
  block_ack: 19
  probe_request: 16
  qos_null: 6
  action: 5

unique SSIDs: 2
unique BSSIDs: 11
================================================================================

================================================================================
STATISTICS after 60.2s
--------------------------------------------------------------------------------
total frames: 11873

by frame type:
  control: 9128
  management: 2154
  data: 591

by frame subtype:
  cts: 5015
  rts: 3429
  beacon: 2095
  ack: 645
  null_data: 332
  data: 174
  qos_data: 78
  block_ack: 39
  probe_response: 38
  probe_request: 16
  qos_null: 7
  action: 5

unique SSIDs: 2
unique BSSIDs: 11
================================================================================

================================================================================
STATISTICS after 65.3s
--------------------------------------------------------------------------------
total frames: 12668

by frame type:
  control: 9277
  management: 2680
  data: 711

by frame subtype:
  cts: 5021
  rts: 3433
  beacon: 2604
  ack: 780
  null_data: 412
  data: 204
  qos_data: 87
  probe_response: 48
  block_ack: 43
  probe_request: 21
  qos_null: 8
  action: 7

unique SSIDs: 2
unique BSSIDs: 11
================================================================================

================================================================================
DETECTION SUMMARY
--------------------------------------------------------------------------------
total alerts: 12

by attack type:
  RTS_CTS_FLOOD_GLOBAL: 12

by severity:
  HIGH: 11
  MEDIUM: 1
================================================================================
