
!!!!!!!!!!!!!!!!!!!!!!!!!!!!!!!!!!!!!!!!!!!!!!!!!!!!!!!!!!!!!!!!!!!!!!!!!!!!!!!!
[ALERT] ALERT-000001 | RTS_CTS_FLOOD_GLOBAL
severity: MEDIUM
time: 2026-05-16T16:05:29.115694
message: Wykryto możliwy RTS/CTS Flood: 127 ramek RTS oraz 173 ramek CTS w oknie 5s.
evidence: {'rts_count': 127, 'cts_count': 173, 'combined_count': 300, 'window_seconds': 5, 'rts_count_threshold': 200, 'cts_count_threshold': 200, 'combined_count_threshold': 300, 'triggered_reasons': ['high_combined_rts_cts_rate'], 'unique_source_count': 60, 'unique_destination_count': 59, 'sample_sources': ['02:53:70:85:ea:61', '02:dd:7d:0c:da:a9', '02:99:2d:74:7e:e3', '02:35:3c:4e:83:5a', '02:ff:7d:81:3a:5d', '02:5e:f0:74:ed:ad', '02:0a:36:8b:8d:49', '02:15:60:24:87:ef', '02:d1:da:4d:cc:58', '02:5e:43:06:24:cc'], 'sample_destinations': ['02:53:70:85:ea:61', '02:dd:7d:0c:da:a9', '02:99:2d:74:7e:e3', '02:35:3c:4e:83:5a', '02:ff:7d:81:3a:5d', 'd8:d7:75:45:81:24', '02:5e:f0:74:ed:ad', '02:0a:36:8b:8d:49', '02:15:60:24:87:ef', '02:d1:da:4d:cc:58']}
!!!!!!!!!!!!!!!!!!!!!!!!!!!!!!!!!!!!!!!!!!!!!!!!!!!!!!!!!!!!!!!!!!!!!!!!!!!!!!!!


================================================================================
STATISTICS after 10.0s
--------------------------------------------------------------------------------
total frames: 2830

by frame type:
  control: 1134
  management: 1044
  data: 652

by frame subtype:
  beacon: 1016
  rts: 444
  ack: 380
  qos_null: 338
  cts: 282
  null_data: 184
  data: 74
  qos_data: 56
  block_ack: 27
  probe_response: 14
  probe_request: 8
  action: 6
  cf_end: 1

unique SSIDs: 2
unique BSSIDs: 8
================================================================================

!!!!!!!!!!!!!!!!!!!!!!!!!!!!!!!!!!!!!!!!!!!!!!!!!!!!!!!!!!!!!!!!!!!!!!!!!!!!!!!!
[ALERT] ALERT-000002 | RTS_CTS_FLOOD_GLOBAL
severity: HIGH
time: 2026-05-16T16:05:34.115828
message: Wykryto możliwy RTS/CTS Flood: 229 ramek RTS oraz 326 ramek CTS w oknie 5s.
evidence: {'rts_count': 229, 'cts_count': 326, 'combined_count': 555, 'window_seconds': 5, 'rts_count_threshold': 200, 'cts_count_threshold': 200, 'combined_count_threshold': 300, 'triggered_reasons': ['high_rts_rate', 'high_cts_rate', 'high_combined_rts_cts_rate'], 'unique_source_count': 112, 'unique_destination_count': 106, 'sample_sources': ['02:c6:89:d2:86:69', '02:69:0d:b1:1f:4f', '02:0c:29:c1:3f:e0', '02:aa:97:0e:40:f2', '02:ea:83:d1:a9:a3', '02:e5:31:10:aa:e8', '02:08:c8:39:8f:a2', '02:69:eb:f3:70:f1', '02:ef:23:6a:a0:26', '02:3c:ac:ff:09:80'], 'sample_destinations': ['02:c6:89:d2:86:69', '02:69:0d:b1:1f:4f', '02:0c:29:c1:3f:e0', '02:aa:97:0e:40:f2', '02:ea:83:d1:a9:a3', '02:e5:31:10:aa:e8', '02:08:c8:39:8f:a2', '02:69:eb:f3:70:f1', '02:ef:23:6a:a0:26', '02:3c:ac:ff:09:80']}
!!!!!!!!!!!!!!!!!!!!!!!!!!!!!!!!!!!!!!!!!!!!!!!!!!!!!!!!!!!!!!!!!!!!!!!!!!!!!!!!


!!!!!!!!!!!!!!!!!!!!!!!!!!!!!!!!!!!!!!!!!!!!!!!!!!!!!!!!!!!!!!!!!!!!!!!!!!!!!!!!
[ALERT] ALERT-000003 | RTS_CTS_FLOOD_GLOBAL
severity: HIGH
time: 2026-05-16T16:05:39.118211
message: Wykryto możliwy RTS/CTS Flood: 230 ramek RTS oraz 329 ramek CTS w oknie 5s.
evidence: {'rts_count': 230, 'cts_count': 329, 'combined_count': 559, 'window_seconds': 5, 'rts_count_threshold': 200, 'cts_count_threshold': 200, 'combined_count_threshold': 300, 'triggered_reasons': ['high_rts_rate', 'high_cts_rate', 'high_combined_rts_cts_rate'], 'unique_source_count': 113, 'unique_destination_count': 109, 'sample_sources': ['02:65:77:16:53:9f', '02:ed:3a:bf:c3:1c', '02:d8:c7:72:4f:40', '02:0a:94:e8:c4:d5', '02:f7:3a:07:ec:17', '02:d1:53:9d:d1:68', '02:43:83:16:76:9f', '02:a1:c2:36:76:b9', '02:bf:58:e4:09:c8', '02:10:39:c6:6b:d5'], 'sample_destinations': ['02:65:77:16:53:9f', '02:ed:3a:bf:c3:1c', '02:d8:c7:72:4f:40', '02:0a:94:e8:c4:d5', '02:f7:3a:07:ec:17', '02:d1:53:9d:d1:68', '02:43:83:16:76:9f', '02:a1:c2:36:76:b9', '02:10:39:c6:6b:d5', '02:03:65:28:11:f5']}
!!!!!!!!!!!!!!!!!!!!!!!!!!!!!!!!!!!!!!!!!!!!!!!!!!!!!!!!!!!!!!!!!!!!!!!!!!!!!!!!


!!!!!!!!!!!!!!!!!!!!!!!!!!!!!!!!!!!!!!!!!!!!!!!!!!!!!!!!!!!!!!!!!!!!!!!!!!!!!!!!
[ALERT] ALERT-000004 | RTS_CTS_FLOOD_GLOBAL
severity: HIGH
time: 2026-05-16T16:05:44.131111
message: Wykryto możliwy RTS/CTS Flood: 206 ramek RTS oraz 285 ramek CTS w oknie 5s.
evidence: {'rts_count': 206, 'cts_count': 285, 'combined_count': 491, 'window_seconds': 5, 'rts_count_threshold': 200, 'cts_count_threshold': 200, 'combined_count_threshold': 300, 'triggered_reasons': ['high_rts_rate', 'high_cts_rate', 'high_combined_rts_cts_rate'], 'unique_source_count': 99, 'unique_destination_count': 92, 'sample_sources': ['02:79:3a:32:bf:4a', '02:d6:91:5b:cf:00', '02:71:46:c7:0b:4a', '02:be:6c:7c:a7:bd', '02:73:84:25:8c:63', '02:29:c1:a9:f2:88', '02:57:3b:58:96:66', '02:a2:43:b9:f7:24', '02:da:bd:62:a8:39', '02:46:bc:65:19:82'], 'sample_destinations': ['02:79:3a:32:bf:4a', '02:d6:91:5b:cf:00', '02:be:6c:7c:a7:bd', '02:73:84:25:8c:63', '02:29:c1:a9:f2:88', '02:57:3b:58:96:66', '02:a2:43:b9:f7:24', '02:da:bd:62:a8:39', '02:46:bc:65:19:82', '02:b6:b8:1f:1c:ba']}
!!!!!!!!!!!!!!!!!!!!!!!!!!!!!!!!!!!!!!!!!!!!!!!!!!!!!!!!!!!!!!!!!!!!!!!!!!!!!!!!


================================================================================
STATISTICS after 20.0s
--------------------------------------------------------------------------------
total frames: 4959

by frame type:
  control: 3042
  management: 1192
  data: 725

by frame subtype:
  cts: 1376
  rts: 1228
  beacon: 1164
  ack: 409
  qos_null: 402
  null_data: 186
  data: 79
  qos_data: 58
  block_ack: 28
  probe_response: 14
  probe_request: 8
  action: 6
  cf_end: 1

unique SSIDs: 2
unique BSSIDs: 8
================================================================================

!!!!!!!!!!!!!!!!!!!!!!!!!!!!!!!!!!!!!!!!!!!!!!!!!!!!!!!!!!!!!!!!!!!!!!!!!!!!!!!!
[ALERT] ALERT-000005 | RTS_CTS_FLOOD_GLOBAL
severity: HIGH
time: 2026-05-16T16:05:49.139076
message: Wykryto możliwy RTS/CTS Flood: 247 ramek RTS oraz 325 ramek CTS w oknie 5s.
evidence: {'rts_count': 247, 'cts_count': 325, 'combined_count': 572, 'window_seconds': 5, 'rts_count_threshold': 200, 'cts_count_threshold': 200, 'combined_count_threshold': 300, 'triggered_reasons': ['high_rts_rate', 'high_cts_rate', 'high_combined_rts_cts_rate'], 'unique_source_count': 114, 'unique_destination_count': 103, 'sample_sources': ['02:53:e2:77:79:27', '02:64:a2:bc:61:8b', '02:dc:0e:c6:ee:ad', '02:a7:25:08:68:d6', '02:3f:77:74:fd:a4', '02:7a:9b:39:53:0a', '02:34:e7:36:6d:92', '02:70:c1:65:97:62', '02:b4:ab:85:d8:3c', '02:b8:c1:49:39:89'], 'sample_destinations': ['02:53:e2:77:79:27', '02:64:a2:bc:61:8b', '02:a7:25:08:68:d6', '02:3f:77:74:fd:a4', '02:7a:9b:39:53:0a', '02:34:e7:36:6d:92', '02:70:c1:65:97:62', '02:b4:ab:85:d8:3c', '02:b8:c1:49:39:89', '02:e3:50:3f:b2:f5']}
!!!!!!!!!!!!!!!!!!!!!!!!!!!!!!!!!!!!!!!!!!!!!!!!!!!!!!!!!!!!!!!!!!!!!!!!!!!!!!!!


!!!!!!!!!!!!!!!!!!!!!!!!!!!!!!!!!!!!!!!!!!!!!!!!!!!!!!!!!!!!!!!!!!!!!!!!!!!!!!!!
[ALERT] ALERT-000006 | RTS_CTS_FLOOD_GLOBAL
severity: HIGH
time: 2026-05-16T16:05:54.139080
message: Wykryto możliwy RTS/CTS Flood: 227 ramek RTS oraz 327 ramek CTS w oknie 5s.
evidence: {'rts_count': 227, 'cts_count': 327, 'combined_count': 554, 'window_seconds': 5, 'rts_count_threshold': 200, 'cts_count_threshold': 200, 'combined_count_threshold': 300, 'triggered_reasons': ['high_rts_rate', 'high_cts_rate', 'high_combined_rts_cts_rate'], 'unique_source_count': 112, 'unique_destination_count': 109, 'sample_sources': ['02:62:dd:ed:46:b6', '02:b3:08:0d:1f:1b', '02:7c:66:fe:d0:59', '02:3f:6b:ef:39:aa', '02:45:36:91:80:a6', '02:5c:e9:bf:6c:49', '02:84:e4:47:5e:8e', '02:b5:f2:c7:eb:e8', '02:ec:93:b0:50:da', '02:fd:8b:1e:12:52'], 'sample_destinations': ['02:62:dd:ed:46:b6', '02:b3:08:0d:1f:1b', '02:7c:66:fe:d0:59', '02:3f:6b:ef:39:aa', '02:45:36:91:80:a6', '02:5c:e9:bf:6c:49', '02:84:e4:47:5e:8e', '02:b5:f2:c7:eb:e8', '02:ec:93:b0:50:da', '02:fd:8b:1e:12:52']}
!!!!!!!!!!!!!!!!!!!!!!!!!!!!!!!!!!!!!!!!!!!!!!!!!!!!!!!!!!!!!!!!!!!!!!!!!!!!!!!!


!!!!!!!!!!!!!!!!!!!!!!!!!!!!!!!!!!!!!!!!!!!!!!!!!!!!!!!!!!!!!!!!!!!!!!!!!!!!!!!!
[ALERT] ALERT-000007 | RTS_CTS_FLOOD_GLOBAL
severity: HIGH
time: 2026-05-16T16:05:59.151242
message: Wykryto możliwy RTS/CTS Flood: 224 ramek RTS oraz 323 ramek CTS w oknie 5s.
evidence: {'rts_count': 224, 'cts_count': 323, 'combined_count': 547, 'window_seconds': 5, 'rts_count_threshold': 200, 'cts_count_threshold': 200, 'combined_count_threshold': 300, 'triggered_reasons': ['high_rts_rate', 'high_cts_rate', 'high_combined_rts_cts_rate'], 'unique_source_count': 111, 'unique_destination_count': 105, 'sample_sources': ['02:81:e0:df:c5:a6', '02:0b:ea:35:64:c0', '02:93:50:d7:98:76', '02:e8:b1:5e:0c:77', '02:4a:1d:ba:6b:82', '02:80:26:6b:96:3f', '02:ec:22:19:a2:4b', '02:ea:44:5a:e9:34', '02:fe:03:61:78:a2', '02:3a:33:73:1e:a3'], 'sample_destinations': ['02:81:e0:df:c5:a6', '02:0b:ea:35:64:c0', '02:e8:b1:5e:0c:77', '02:4a:1d:ba:6b:82', '02:80:26:6b:96:3f', '02:ec:22:19:a2:4b', '02:ea:44:5a:e9:34', '02:fe:03:61:78:a2', '02:3a:33:73:1e:a3', '02:12:49:f7:cd:25']}
!!!!!!!!!!!!!!!!!!!!!!!!!!!!!!!!!!!!!!!!!!!!!!!!!!!!!!!!!!!!!!!!!!!!!!!!!!!!!!!!


!!!!!!!!!!!!!!!!!!!!!!!!!!!!!!!!!!!!!!!!!!!!!!!!!!!!!!!!!!!!!!!!!!!!!!!!!!!!!!!!
[ALERT] ALERT-000008 | RTS_CTS_FLOOD_GLOBAL
severity: HIGH
time: 2026-05-16T16:06:04.155076
message: Wykryto możliwy RTS/CTS Flood: 211 ramek RTS oraz 308 ramek CTS w oknie 5s.
evidence: {'rts_count': 211, 'cts_count': 308, 'combined_count': 519, 'window_seconds': 5, 'rts_count_threshold': 200, 'cts_count_threshold': 200, 'combined_count_threshold': 300, 'triggered_reasons': ['high_rts_rate', 'high_cts_rate', 'high_combined_rts_cts_rate'], 'unique_source_count': 106, 'unique_destination_count': 97, 'sample_sources': ['02:3c:46:70:7d:e3', '02:57:04:66:ca:47', '02:25:79:b3:3f:90', '02:17:51:61:bc:a7', '02:a1:24:62:5a:26', '02:7d:71:38:c7:7e', '02:2c:66:a9:b1:ac', '02:19:6b:56:a9:15', '02:f5:c2:f1:5a:e2', '02:35:cc:f2:cc:a3'], 'sample_destinations': ['02:3c:46:70:7d:e3', '02:57:04:66:ca:47', '02:25:79:b3:3f:90', '02:17:51:61:bc:a7', '02:7d:71:38:c7:7e', '02:2c:66:a9:b1:ac', '02:19:6b:56:a9:15', '02:f5:c2:f1:5a:e2', '02:fd:ee:1d:c0:9b', '02:07:29:7e:64:dc']}
!!!!!!!!!!!!!!!!!!!!!!!!!!!!!!!!!!!!!!!!!!!!!!!!!!!!!!!!!!!!!!!!!!!!!!!!!!!!!!!!


================================================================================
STATISTICS after 30.0s
--------------------------------------------------------------------------------
total frames: 7490

by frame type:
  control: 5280
  management: 1372
  data: 838

by frame subtype:
  cts: 2674
  rts: 2129
  beacon: 1338
  qos_null: 498
  ack: 448
  null_data: 192
  data: 90
  qos_data: 58
  block_ack: 28
  probe_response: 19
  probe_request: 9
  action: 6
  cf_end: 1

unique SSIDs: 2
unique BSSIDs: 8
================================================================================

!!!!!!!!!!!!!!!!!!!!!!!!!!!!!!!!!!!!!!!!!!!!!!!!!!!!!!!!!!!!!!!!!!!!!!!!!!!!!!!!
[ALERT] ALERT-000009 | RTS_CTS_FLOOD_GLOBAL
severity: HIGH
time: 2026-05-16T16:06:09.187197
message: Wykryto możliwy RTS/CTS Flood: 215 ramek RTS oraz 310 ramek CTS w oknie 5s.
evidence: {'rts_count': 215, 'cts_count': 310, 'combined_count': 525, 'window_seconds': 5, 'rts_count_threshold': 200, 'cts_count_threshold': 200, 'combined_count_threshold': 300, 'triggered_reasons': ['high_rts_rate', 'high_cts_rate', 'high_combined_rts_cts_rate'], 'unique_source_count': 106, 'unique_destination_count': 104, 'sample_sources': ['02:b6:51:78:06:40', '02:df:c5:56:36:be', '02:df:84:7e:0c:d4', '02:21:b4:c4:89:ac', '02:02:18:78:43:b2', '02:17:95:be:2f:29', '02:55:00:f2:18:c0', '02:98:a3:4d:6f:76', '02:df:e2:e8:ba:5d', '02:a2:23:91:bb:04'], 'sample_destinations': ['02:b6:51:78:06:40', '02:df:c5:56:36:be', '02:df:84:7e:0c:d4', '02:21:b4:c4:89:ac', '02:02:18:78:43:b2', '02:17:95:be:2f:29', '02:55:00:f2:18:c0', '02:98:a3:4d:6f:76', '02:df:e2:e8:ba:5d', '02:a2:23:91:bb:04']}
!!!!!!!!!!!!!!!!!!!!!!!!!!!!!!!!!!!!!!!!!!!!!!!!!!!!!!!!!!!!!!!!!!!!!!!!!!!!!!!!


!!!!!!!!!!!!!!!!!!!!!!!!!!!!!!!!!!!!!!!!!!!!!!!!!!!!!!!!!!!!!!!!!!!!!!!!!!!!!!!!
[ALERT] ALERT-000010 | RTS_CTS_FLOOD_GLOBAL
severity: HIGH
time: 2026-05-16T16:06:14.199075
message: Wykryto możliwy RTS/CTS Flood: 221 ramek RTS oraz 326 ramek CTS w oknie 5s.
evidence: {'rts_count': 221, 'cts_count': 326, 'combined_count': 547, 'window_seconds': 5, 'rts_count_threshold': 200, 'cts_count_threshold': 200, 'combined_count_threshold': 300, 'triggered_reasons': ['high_rts_rate', 'high_cts_rate', 'high_combined_rts_cts_rate'], 'unique_source_count': 112, 'unique_destination_count': 106, 'sample_sources': ['02:6c:75:77:e4:32', '02:9a:83:6f:68:3a', '02:c0:da:1e:36:67', '02:3c:e9:82:13:e4', '02:e8:14:f8:a6:b5', '02:f2:39:94:19:48', '02:7b:b7:b4:e4:9a', '02:84:0a:95:04:60', '02:60:e1:e6:85:58', '02:fd:fe:fe:98:c0'], 'sample_destinations': ['02:9a:83:6f:68:3a', '02:c0:da:1e:36:67', '02:3c:e9:82:13:e4', '02:e8:14:f8:a6:b5', '02:f2:39:94:19:48', '02:7b:b7:b4:e4:9a', '02:84:0a:95:04:60', '02:60:e1:e6:85:58', '02:fd:fe:fe:98:c0', '02:97:cd:80:31:dc']}
!!!!!!!!!!!!!!!!!!!!!!!!!!!!!!!!!!!!!!!!!!!!!!!!!!!!!!!!!!!!!!!!!!!!!!!!!!!!!!!!


!!!!!!!!!!!!!!!!!!!!!!!!!!!!!!!!!!!!!!!!!!!!!!!!!!!!!!!!!!!!!!!!!!!!!!!!!!!!!!!!
[ALERT] ALERT-000011 | RTS_CTS_FLOOD_GLOBAL
severity: HIGH
time: 2026-05-16T16:06:19.211111
message: Wykryto możliwy RTS/CTS Flood: 233 ramek RTS oraz 319 ramek CTS w oknie 5s.
evidence: {'rts_count': 233, 'cts_count': 319, 'combined_count': 552, 'window_seconds': 5, 'rts_count_threshold': 200, 'cts_count_threshold': 200, 'combined_count_threshold': 300, 'triggered_reasons': ['high_rts_rate', 'high_cts_rate', 'high_combined_rts_cts_rate'], 'unique_source_count': 110, 'unique_destination_count': 105, 'sample_sources': ['02:34:11:04:2e:db', '02:9f:82:c5:86:16', '02:9b:7b:d4:a6:1c', '02:ea:84:b2:ae:e6', '02:bf:80:6b:a2:84', '02:66:be:89:6c:86', '02:d8:14:88:7f:04', '02:c0:8e:db:53:55', '02:83:64:e1:ce:8b', '02:6a:97:a7:9d:2c'], 'sample_destinations': ['02:34:11:04:2e:db', '02:9f:82:c5:86:16', '02:9b:7b:d4:a6:1c', '02:ea:84:b2:ae:e6', '02:bf:80:6b:a2:84', '02:66:be:89:6c:86', '02:c0:8e:db:53:55', '02:83:64:e1:ce:8b', '02:6a:97:a7:9d:2c', '02:7e:9c:ac:f5:8a']}
!!!!!!!!!!!!!!!!!!!!!!!!!!!!!!!!!!!!!!!!!!!!!!!!!!!!!!!!!!!!!!!!!!!!!!!!!!!!!!!!


!!!!!!!!!!!!!!!!!!!!!!!!!!!!!!!!!!!!!!!!!!!!!!!!!!!!!!!!!!!!!!!!!!!!!!!!!!!!!!!!
[ALERT] ALERT-000012 | RTS_FLOOD_SOURCE
severity: MEDIUM
time: 2026-05-16T16:07:06.480841
message: Wykryto możliwy RTS Flood z pojedynczego źródła: 100 ramek RTS z adresu ce:d0:54:70:b1:b3 w oknie 5s.
evidence: {'source_mac': 'ce:d0:54:70:b1:b3', 'rts_count': 100, 'unique_destination_count': 1, 'rts_per_source_threshold': 100, 'window_seconds': 5, 'sample_destinations': ['ac:84:c6:41:71:22']}
!!!!!!!!!!!!!!!!!!!!!!!!!!!!!!!!!!!!!!!!!!!!!!!!!!!!!!!!!!!!!!!!!!!!!!!!!!!!!!!!


================================================================================
STATISTICS after 40.0s
--------------------------------------------------------------------------------
total frames: 11158

by frame type:
  control: 7606
  management: 2190
  data: 1362

by frame subtype:
  cts: 3712
  rts: 3174
  beacon: 2086
  qos_null: 928
  ack: 682
  null_data: 205
  data: 164
  probe_response: 66
  qos_data: 65
  block_ack: 36
  probe_request: 30
  action: 8
  cf_end: 2

unique SSIDs: 2
unique BSSIDs: 8
================================================================================

================================================================================
STATISTICS after 44.1s
--------------------------------------------------------------------------------
total frames: 12183

by frame type:
  control: 7841
  management: 2695
  data: 1647

by frame subtype:
  cts: 3737
  rts: 3240
  beacon: 2547
  qos_null: 1172
  ack: 783
  null_data: 223
  data: 177
  probe_response: 96
  qos_data: 75
  probe_request: 44
  block_ack: 40
  block_ack_request: 36
  action: 8
  cf_end: 5

unique SSIDs: 3
unique BSSIDs: 9
================================================================================

================================================================================
DETECTION SUMMARY
--------------------------------------------------------------------------------
total alerts: 12

by attack type:
  RTS_CTS_FLOOD_GLOBAL: 11
  RTS_FLOOD_SOURCE: 1

by severity:
  HIGH: 10
  MEDIUM: 2
================================================================================
