
================================================================================
STATISTICS after 10.1s
--------------------------------------------------------------------------------
total frames: 407

by frame type:
  management: 206
  control: 106
  data: 95

by frame subtype:
  beacon: 201
  ack: 64
  qos_data: 45
  null_data: 33
  data: 17
  rts: 14
  cts: 14
  block_ack: 14
  probe_response: 3
  probe_request: 2

unique SSIDs: 1
unique BSSIDs: 5
================================================================================

================================================================================
STATISTICS after 20.1s
--------------------------------------------------------------------------------
total frames: 2416

by frame type:
  management: 1015
  control: 767
  data: 634

by frame subtype:
  beacon: 987
  ack: 372
  qos_null: 321
  rts: 299
  null_data: 184
  data: 73
  cts: 68
  qos_data: 56
  block_ack: 27
  probe_response: 14
  probe_request: 8
  action: 6
  cf_end: 1

unique SSIDs: 2
unique BSSIDs: 8
================================================================================

!!!!!!!!!!!!!!!!!!!!!!!!!!!!!!!!!!!!!!!!!!!!!!!!!!!!!!!!!!!!!!!!!!!!!!!!!!!!!!!!
[ALERT] ALERT-000001 | RTS_CTS_FLOOD_GLOBAL
severity: MEDIUM
time: 2026-05-16T16:05:31.059236
message: Wykryto możliwy RTS/CTS Flood: 204 ramek RTS oraz 296 ramek CTS w oknie 5s.
evidence: {'rts_count': 204, 'cts_count': 296, 'combined_count': 500, 'window_seconds': 5, 'rts_count_threshold': 300, 'cts_count_threshold': 300, 'combined_count_threshold': 500, 'triggered_reasons': ['high_combined_rts_cts_rate'], 'unique_source_count': 101, 'unique_destination_count': 99, 'sample_sources': ['02:9a:45:2b:b5:28', '02:28:5d:d0:09:9f', '02:5e:43:06:24:cc', '02:15:ef:d5:f9:f0', '02:25:9b:fd:72:e3', '02:d4:ff:5f:3e:c4', '02:a0:c3:d5:75:b2', '02:97:6e:f4:ff:42', '02:0e:23:40:20:47', '02:6c:74:c7:cb:c5'], 'sample_destinations': ['02:9a:45:2b:b5:28', '02:28:5d:d0:09:9f', '02:5e:43:06:24:cc', '02:15:ef:d5:f9:f0', '02:25:9b:fd:72:e3', '02:d4:ff:5f:3e:c4', 'ac:84:c6:41:71:22', '02:a0:c3:d5:75:b2', '02:97:6e:f4:ff:42', '02:6c:74:c7:cb:c5']}
!!!!!!!!!!!!!!!!!!!!!!!!!!!!!!!!!!!!!!!!!!!!!!!!!!!!!!!!!!!!!!!!!!!!!!!!!!!!!!!!


!!!!!!!!!!!!!!!!!!!!!!!!!!!!!!!!!!!!!!!!!!!!!!!!!!!!!!!!!!!!!!!!!!!!!!!!!!!!!!!!
[ALERT] ALERT-000002 | RTS_CTS_FLOOD_GLOBAL
severity: MEDIUM
time: 2026-05-16T16:05:36.075410
message: Wykryto możliwy RTS/CTS Flood: 240 ramek RTS oraz 333 ramek CTS w oknie 5s.
evidence: {'rts_count': 240, 'cts_count': 333, 'combined_count': 573, 'window_seconds': 5, 'rts_count_threshold': 300, 'cts_count_threshold': 300, 'combined_count_threshold': 500, 'triggered_reasons': ['high_cts_rate', 'high_combined_rts_cts_rate'], 'unique_source_count': 115, 'unique_destination_count': 109, 'sample_sources': ['02:fa:56:67:8f:1f', '02:39:87:1d:4a:b5', '02:07:4c:8f:a5:44', '02:df:7c:52:86:65', '02:69:0d:b1:1f:4f', '02:f1:80:a8:be:5e', '02:0a:94:e8:c4:d5', '02:ce:72:58:14:3a', '02:08:16:35:3a:38', '02:a3:6d:5c:e1:6e'], 'sample_destinations': ['02:fa:56:67:8f:1f', '02:39:87:1d:4a:b5', '02:07:4c:8f:a5:44', '02:df:7c:52:86:65', '02:69:0d:b1:1f:4f', '02:f1:80:a8:be:5e', '02:0a:94:e8:c4:d5', 'ac:84:c6:41:71:22', '02:ce:72:58:14:3a', '02:08:16:35:3a:38']}
!!!!!!!!!!!!!!!!!!!!!!!!!!!!!!!!!!!!!!!!!!!!!!!!!!!!!!!!!!!!!!!!!!!!!!!!!!!!!!!!


!!!!!!!!!!!!!!!!!!!!!!!!!!!!!!!!!!!!!!!!!!!!!!!!!!!!!!!!!!!!!!!!!!!!!!!!!!!!!!!!
[ALERT] ALERT-000003 | RTS_CTS_FLOOD_GLOBAL
severity: MEDIUM
time: 2026-05-16T16:05:41.087203
message: Wykryto możliwy RTS/CTS Flood: 232 ramek RTS oraz 329 ramek CTS w oknie 5s.
evidence: {'rts_count': 232, 'cts_count': 329, 'combined_count': 561, 'window_seconds': 5, 'rts_count_threshold': 300, 'cts_count_threshold': 300, 'combined_count_threshold': 500, 'triggered_reasons': ['high_cts_rate', 'high_combined_rts_cts_rate'], 'unique_source_count': 114, 'unique_destination_count': 107, 'sample_sources': ['02:8f:35:ed:8a:26', '02:cc:44:02:ee:df', '02:69:e3:33:e9:4f', '02:37:52:bc:5e:83', '02:5b:e8:1e:39:15', '02:a1:c2:36:76:b9', '02:f7:3a:07:ec:17', '02:f7:e9:df:33:8f', '02:b1:82:48:89:df', '02:1f:86:f9:48:1e'], 'sample_destinations': ['02:8f:35:ed:8a:26', '02:69:e3:33:e9:4f', '02:37:52:bc:5e:83', '02:5b:e8:1e:39:15', '02:a1:c2:36:76:b9', '02:f7:3a:07:ec:17', '02:f7:e9:df:33:8f', '02:b1:82:48:89:df', '02:e9:7d:5b:cc:c5', 'ac:84:c6:41:71:22']}
!!!!!!!!!!!!!!!!!!!!!!!!!!!!!!!!!!!!!!!!!!!!!!!!!!!!!!!!!!!!!!!!!!!!!!!!!!!!!!!!


!!!!!!!!!!!!!!!!!!!!!!!!!!!!!!!!!!!!!!!!!!!!!!!!!!!!!!!!!!!!!!!!!!!!!!!!!!!!!!!!
[ALERT] ALERT-000004 | RTS_CTS_FLOOD_GLOBAL
severity: MEDIUM
time: 2026-05-16T16:05:46.431716
message: Wykryto możliwy RTS/CTS Flood: 209 ramek RTS oraz 291 ramek CTS w oknie 5s.
evidence: {'rts_count': 209, 'cts_count': 291, 'combined_count': 500, 'window_seconds': 5, 'rts_count_threshold': 300, 'cts_count_threshold': 300, 'combined_count_threshold': 500, 'triggered_reasons': ['high_combined_rts_cts_rate'], 'unique_source_count': 99, 'unique_destination_count': 95, 'sample_sources': ['02:4b:3f:cd:34:9f', '02:a5:60:71:d8:6b', '02:3f:47:38:b7:24', '02:5b:4e:ad:8d:97', '02:34:e7:36:6d:92', '02:bc:f1:91:a0:d6', '02:6d:14:1a:6d:53', '02:e3:50:3f:b2:f5', '02:37:6b:3a:15:d3', '02:37:61:40:e6:18'], 'sample_destinations': ['02:4b:3f:cd:34:9f', '02:a5:60:71:d8:6b', '02:3f:47:38:b7:24', '02:5b:4e:ad:8d:97', '02:34:e7:36:6d:92', 'ac:84:c6:41:71:22', '02:bc:f1:91:a0:d6', '02:6d:14:1a:6d:53', '02:e3:50:3f:b2:f5', '02:37:6b:3a:15:d3']}
!!!!!!!!!!!!!!!!!!!!!!!!!!!!!!!!!!!!!!!!!!!!!!!!!!!!!!!!!!!!!!!!!!!!!!!!!!!!!!!!


!!!!!!!!!!!!!!!!!!!!!!!!!!!!!!!!!!!!!!!!!!!!!!!!!!!!!!!!!!!!!!!!!!!!!!!!!!!!!!!!
[ALERT] ALERT-000005 | RTS_CTS_FLOOD_GLOBAL
severity: MEDIUM
time: 2026-05-16T16:05:51.449296
message: Wykryto możliwy RTS/CTS Flood: 236 ramek RTS oraz 322 ramek CTS w oknie 5s.
evidence: {'rts_count': 236, 'cts_count': 322, 'combined_count': 558, 'window_seconds': 5, 'rts_count_threshold': 300, 'cts_count_threshold': 300, 'combined_count_threshold': 500, 'triggered_reasons': ['high_cts_rate', 'high_combined_rts_cts_rate'], 'unique_source_count': 113, 'unique_destination_count': 102, 'sample_sources': ['02:cb:a3:21:5d:39', '02:35:58:e8:24:e2', '02:7a:9b:39:53:0a', '02:98:0f:13:be:3b', '02:32:c0:01:1c:f1', '02:7d:ce:76:16:01', '02:d4:cd:0f:64:c9', '02:09:a5:e7:01:ec', '02:25:3b:90:04:1f', '02:ac:d3:5a:8c:4b'], 'sample_destinations': ['02:cb:a3:21:5d:39', '02:35:58:e8:24:e2', '02:7a:9b:39:53:0a', '02:98:0f:13:be:3b', '02:32:c0:01:1c:f1', '02:7d:ce:76:16:01', '02:d4:cd:0f:64:c9', '02:09:a5:e7:01:ec', '02:25:3b:90:04:1f', 'ac:84:c6:41:71:22']}
!!!!!!!!!!!!!!!!!!!!!!!!!!!!!!!!!!!!!!!!!!!!!!!!!!!!!!!!!!!!!!!!!!!!!!!!!!!!!!!!


!!!!!!!!!!!!!!!!!!!!!!!!!!!!!!!!!!!!!!!!!!!!!!!!!!!!!!!!!!!!!!!!!!!!!!!!!!!!!!!!
[ALERT] ALERT-000006 | RTS_CTS_FLOOD_GLOBAL
severity: MEDIUM
time: 2026-05-16T16:05:56.475213
message: Wykryto możliwy RTS/CTS Flood: 227 ramek RTS oraz 320 ramek CTS w oknie 5s.
evidence: {'rts_count': 227, 'cts_count': 320, 'combined_count': 547, 'window_seconds': 5, 'rts_count_threshold': 300, 'cts_count_threshold': 300, 'combined_count_threshold': 500, 'triggered_reasons': ['high_cts_rate', 'high_combined_rts_cts_rate'], 'unique_source_count': 110, 'unique_destination_count': 106, 'sample_sources': ['02:3d:fa:5e:c4:78', '02:a0:7e:65:9f:c9', '02:ea:44:5a:e9:34', '02:dc:50:b4:e9:ad', '02:b3:66:86:d8:c8', '02:fa:cf:2d:42:de', '02:81:e0:df:c5:a6', '02:5c:e9:bf:6c:49', '02:c5:45:5f:66:71', '02:62:83:18:64:e9'], 'sample_destinations': ['02:3d:fa:5e:c4:78', '02:a0:7e:65:9f:c9', '02:ea:44:5a:e9:34', '02:dc:50:b4:e9:ad', '02:b3:66:86:d8:c8', '02:fa:cf:2d:42:de', '02:81:e0:df:c5:a6', '02:5c:e9:bf:6c:49', '02:c5:45:5f:66:71', '02:62:83:18:64:e9']}
!!!!!!!!!!!!!!!!!!!!!!!!!!!!!!!!!!!!!!!!!!!!!!!!!!!!!!!!!!!!!!!!!!!!!!!!!!!!!!!!


!!!!!!!!!!!!!!!!!!!!!!!!!!!!!!!!!!!!!!!!!!!!!!!!!!!!!!!!!!!!!!!!!!!!!!!!!!!!!!!!
[ALERT] ALERT-000007 | RTS_CTS_FLOOD_GLOBAL
severity: MEDIUM
time: 2026-05-16T16:06:01.479083
message: Wykryto możliwy RTS/CTS Flood: 221 ramek RTS oraz 328 ramek CTS w oknie 5s.
evidence: {'rts_count': 221, 'cts_count': 328, 'combined_count': 549, 'window_seconds': 5, 'rts_count_threshold': 300, 'cts_count_threshold': 300, 'combined_count_threshold': 500, 'triggered_reasons': ['high_cts_rate', 'high_combined_rts_cts_rate'], 'unique_source_count': 111, 'unique_destination_count': 107, 'sample_sources': ['02:70:1d:90:51:39', '02:81:fe:41:7b:91', '02:3f:7b:12:38:10', '02:90:be:84:37:11', '02:36:bd:55:63:a0', '02:93:9b:79:1b:ff', '02:06:ee:4b:b8:e3', '02:c0:6c:c9:c9:1f', '02:91:de:2d:52:3b', '02:aa:5a:9b:09:17'], 'sample_destinations': ['02:70:1d:90:51:39', '02:81:fe:41:7b:91', '02:3f:7b:12:38:10', '02:90:be:84:37:11', '02:36:bd:55:63:a0', '02:93:9b:79:1b:ff', '02:06:ee:4b:b8:e3', '02:91:de:2d:52:3b', '02:aa:5a:9b:09:17', '02:bb:b6:91:56:3e']}
!!!!!!!!!!!!!!!!!!!!!!!!!!!!!!!!!!!!!!!!!!!!!!!!!!!!!!!!!!!!!!!!!!!!!!!!!!!!!!!!


!!!!!!!!!!!!!!!!!!!!!!!!!!!!!!!!!!!!!!!!!!!!!!!!!!!!!!!!!!!!!!!!!!!!!!!!!!!!!!!!
[ALERT] ALERT-000008 | RTS_CTS_FLOOD_GLOBAL
severity: MEDIUM
time: 2026-05-16T16:06:06.513496
message: Wykryto możliwy RTS/CTS Flood: 214 ramek RTS oraz 308 ramek CTS w oknie 5s.
evidence: {'rts_count': 214, 'cts_count': 308, 'combined_count': 522, 'window_seconds': 5, 'rts_count_threshold': 300, 'cts_count_threshold': 300, 'combined_count_threshold': 500, 'triggered_reasons': ['high_cts_rate', 'high_combined_rts_cts_rate'], 'unique_source_count': 107, 'unique_destination_count': 98, 'sample_sources': ['02:53:52:b8:8d:b7', '02:f7:65:2d:7f:a1', '02:56:76:8a:0c:d7', '02:f8:ec:e8:7f:67', '02:ac:97:a8:7c:ef', '02:1e:cc:5f:4b:5f', '02:07:29:7e:64:dc', '02:35:8b:b2:54:e7', '02:47:ec:54:8d:ff', '02:13:3b:ff:58:9c'], 'sample_destinations': ['02:56:76:8a:0c:d7', '02:f8:ec:e8:7f:67', '02:ac:97:a8:7c:ef', '02:1e:cc:5f:4b:5f', '02:07:29:7e:64:dc', '02:35:8b:b2:54:e7', '02:47:ec:54:8d:ff', 'ac:84:c6:41:71:22', '02:13:3b:ff:58:9c', '02:62:1e:32:4d:5b']}
!!!!!!!!!!!!!!!!!!!!!!!!!!!!!!!!!!!!!!!!!!!!!!!!!!!!!!!!!!!!!!!!!!!!!!!!!!!!!!!!


================================================================================
STATISTICS after 30.1s
--------------------------------------------------------------------------------
total frames: 7529

by frame type:
  control: 5316
  management: 1375
  data: 838

by frame subtype:
  cts: 2692
  rts: 2146
  beacon: 1341
  qos_null: 498
  ack: 449
  null_data: 192
  data: 90
  qos_data: 58
  block_ack: 28
  probe_response: 19
  probe_request: 9
  action: 6
  cf_end: 1

unique SSIDs: 2
unique BSSIDs: 8
================================================================================

!!!!!!!!!!!!!!!!!!!!!!!!!!!!!!!!!!!!!!!!!!!!!!!!!!!!!!!!!!!!!!!!!!!!!!!!!!!!!!!!
[ALERT] ALERT-000009 | RTS_CTS_FLOOD_GLOBAL
severity: MEDIUM
time: 2026-05-16T16:06:11.535628
message: Wykryto możliwy RTS/CTS Flood: 214 ramek RTS oraz 311 ramek CTS w oknie 5s.
evidence: {'rts_count': 214, 'cts_count': 311, 'combined_count': 525, 'window_seconds': 5, 'rts_count_threshold': 300, 'cts_count_threshold': 300, 'combined_count_threshold': 500, 'triggered_reasons': ['high_cts_rate', 'high_combined_rts_cts_rate'], 'unique_source_count': 107, 'unique_destination_count': 103, 'sample_sources': ['02:df:e2:e8:ba:5d', '02:46:5d:d5:3d:8f', '02:2f:df:ce:df:c1', '02:e6:ff:19:f3:76', '02:06:90:8f:7e:d5', '02:25:46:c6:9f:ab', '02:ed:f3:60:53:0c', '02:d3:b3:70:b2:9b', '02:dd:7c:f9:72:0f', '02:da:6b:c6:68:66'], 'sample_destinations': ['02:df:e2:e8:ba:5d', '02:46:5d:d5:3d:8f', '02:2f:df:ce:df:c1', '02:e6:ff:19:f3:76', '02:06:90:8f:7e:d5', '02:25:46:c6:9f:ab', '02:ed:f3:60:53:0c', '02:d3:b3:70:b2:9b', 'ac:84:c6:41:71:22', '02:dd:7c:f9:72:0f']}
!!!!!!!!!!!!!!!!!!!!!!!!!!!!!!!!!!!!!!!!!!!!!!!!!!!!!!!!!!!!!!!!!!!!!!!!!!!!!!!!


!!!!!!!!!!!!!!!!!!!!!!!!!!!!!!!!!!!!!!!!!!!!!!!!!!!!!!!!!!!!!!!!!!!!!!!!!!!!!!!!
[ALERT] ALERT-000010 | RTS_CTS_FLOOD_GLOBAL
severity: MEDIUM
time: 2026-05-16T16:06:16.559090
message: Wykryto możliwy RTS/CTS Flood: 232 ramek RTS oraz 318 ramek CTS w oknie 5s.
evidence: {'rts_count': 232, 'cts_count': 318, 'combined_count': 550, 'window_seconds': 5, 'rts_count_threshold': 300, 'cts_count_threshold': 300, 'combined_count_threshold': 500, 'triggered_reasons': ['high_cts_rate', 'high_combined_rts_cts_rate'], 'unique_source_count': 110, 'unique_destination_count': 107, 'sample_sources': ['02:e0:95:6d:e9:ac', '02:83:64:e1:ce:8b', '02:3d:b2:a3:73:e1', '02:a3:df:b8:05:aa', '02:55:d6:d8:e5:9f', '02:f6:32:db:48:10', '02:07:0b:60:b7:04', '02:10:1f:05:37:03', '02:bf:80:6b:a2:84', '02:bc:cd:45:b1:26'], 'sample_destinations': ['02:e0:95:6d:e9:ac', '02:83:64:e1:ce:8b', '02:3d:b2:a3:73:e1', '02:a3:df:b8:05:aa', '02:55:d6:d8:e5:9f', '02:f6:32:db:48:10', '02:10:1f:05:37:03', '02:bf:80:6b:a2:84', 'ac:84:c6:41:71:22', '02:bc:cd:45:b1:26']}
!!!!!!!!!!!!!!!!!!!!!!!!!!!!!!!!!!!!!!!!!!!!!!!!!!!!!!!!!!!!!!!!!!!!!!!!!!!!!!!!


!!!!!!!!!!!!!!!!!!!!!!!!!!!!!!!!!!!!!!!!!!!!!!!!!!!!!!!!!!!!!!!!!!!!!!!!!!!!!!!!
[ALERT] ALERT-000011 | RTS_CTS_FLOOD_GLOBAL
severity: MEDIUM
time: 2026-05-16T16:06:21.563200
message: Wykryto możliwy RTS/CTS Flood: 218 ramek RTS oraz 319 ramek CTS w oknie 5s.
evidence: {'rts_count': 218, 'cts_count': 319, 'combined_count': 537, 'window_seconds': 5, 'rts_count_threshold': 300, 'cts_count_threshold': 300, 'combined_count_threshold': 500, 'triggered_reasons': ['high_cts_rate', 'high_combined_rts_cts_rate'], 'unique_source_count': 110, 'unique_destination_count': 102, 'sample_sources': ['02:6c:c0:a2:35:ec', '02:c0:8e:db:53:55', '02:84:44:23:60:27', '02:05:d2:59:ba:15', '02:34:c9:e3:14:1a', '02:d9:42:03:71:a4', '02:76:e0:a4:8b:19', '02:24:7b:f1:dc:9e', '02:27:0e:85:d0:7d', '02:be:91:05:1b:b5'], 'sample_destinations': ['02:6c:c0:a2:35:ec', '02:c0:8e:db:53:55', '02:84:44:23:60:27', '02:05:d2:59:ba:15', '02:34:c9:e3:14:1a', '02:d9:42:03:71:a4', '02:76:e0:a4:8b:19', '02:24:7b:f1:dc:9e', '02:27:0e:85:d0:7d', '02:be:91:05:1b:b5']}
!!!!!!!!!!!!!!!!!!!!!!!!!!!!!!!!!!!!!!!!!!!!!!!!!!!!!!!!!!!!!!!!!!!!!!!!!!!!!!!!


!!!!!!!!!!!!!!!!!!!!!!!!!!!!!!!!!!!!!!!!!!!!!!!!!!!!!!!!!!!!!!!!!!!!!!!!!!!!!!!!
[ALERT] ALERT-000012 | RTS_FLOOD_SOURCE
severity: MEDIUM
time: 2026-05-16T16:07:09.136371
message: Wykryto możliwy RTS Flood z pojedynczego źródła: 150 ramek RTS z adresu ce:d0:54:70:b1:b3 w oknie 5s.
evidence: {'source_mac': 'ce:d0:54:70:b1:b3', 'rts_count': 150, 'unique_destination_count': 1, 'rts_per_source_threshold': 150, 'window_seconds': 5, 'sample_destinations': ['ac:84:c6:41:71:22']}
!!!!!!!!!!!!!!!!!!!!!!!!!!!!!!!!!!!!!!!!!!!!!!!!!!!!!!!!!!!!!!!!!!!!!!!!!!!!!!!!


================================================================================
STATISTICS after 40.1s
--------------------------------------------------------------------------------
total frames: 11146

by frame type:
  control: 7603
  management: 2182
  data: 1361

by frame subtype:
  cts: 3712
  rts: 3174
  beacon: 2078
  qos_null: 928
  ack: 679
  null_data: 204
  data: 164
  probe_response: 66
  qos_data: 65
  block_ack: 36
  probe_request: 30
  action: 8
  cf_end: 2

unique SSIDs: 2
unique BSSIDs: 8
================================================================================

================================================================================
STATISTICS after 50.1s
--------------------------------------------------------------------------------
total frames: 11348

by frame type:
  control: 7640
  management: 2337
  data: 1371

by frame subtype:
  cts: 3713
  rts: 3175
  beacon: 2215
  qos_null: 928
  ack: 713
  null_data: 208
  data: 169
  probe_response: 76
  qos_data: 66
  probe_request: 38
  block_ack: 37
  action: 8
  cf_end: 2

unique SSIDs: 3
unique BSSIDs: 8
================================================================================

================================================================================
STATISTICS after 53.3s
--------------------------------------------------------------------------------
total frames: 12183

by frame type:
  control: 7841
  management: 2695
  data: 1647

by frame subtype:
  cts: 3737
  rts: 3240
  beacon: 2547
  qos_null: 1172
  ack: 783
  null_data: 223
  data: 177
  probe_response: 96
  qos_data: 75
  probe_request: 44
  block_ack: 40
  block_ack_request: 36
  action: 8
  cf_end: 5

unique SSIDs: 3
unique BSSIDs: 9
================================================================================

================================================================================
DETECTION SUMMARY
--------------------------------------------------------------------------------
total alerts: 12

by attack type:
  RTS_CTS_FLOOD_GLOBAL: 11
  RTS_FLOOD_SOURCE: 1

by severity:
  MEDIUM: 12
================================================================================
