
!!!!!!!!!!!!!!!!!!!!!!!!!!!!!!!!!!!!!!!!!!!!!!!!!!!!!!!!!!!!!!!!!!!!!!!!!!!!!!!!
[ALERT] ALERT-000001 | RTS_CTS_FLOOD_GLOBAL
severity: MEDIUM
time: 2026-05-16T16:10:46.655772
message: Wykryto możliwy RTS/CTS Flood: 100 ramek RTS oraz 46 ramek CTS w oknie 5s.
evidence: {'rts_count': 100, 'cts_count': 46, 'combined_count': 146, 'window_seconds': 5, 'rts_count_threshold': 100, 'cts_count_threshold': 100, 'combined_count_threshold': 150, 'triggered_reasons': ['high_rts_rate'], 'unique_source_count': 50, 'unique_destination_count': 47, 'sample_sources': ['02:23:6a:85:d8:62', '02:75:8c:48:91:85', '02:e2:26:a7:72:a8', '02:ad:e1:9f:8a:30', '02:8b:ed:91:4c:b5', '02:6e:15:05:33:f7', '02:62:68:38:f1:3b', '02:4f:3c:eb:e6:ea', '02:98:29:ab:e6:26', '02:4d:1a:fb:21:32'], 'sample_destinations': ['02:23:6a:85:d8:62', '02:75:8c:48:91:85', '02:e2:26:a7:72:a8', '02:ad:e1:9f:8a:30', '02:8b:ed:91:4c:b5', '02:6e:15:05:33:f7', '02:62:68:38:f1:3b', '02:4f:3c:eb:e6:ea', '02:98:29:ab:e6:26', '02:4d:1a:fb:21:32']}
!!!!!!!!!!!!!!!!!!!!!!!!!!!!!!!!!!!!!!!!!!!!!!!!!!!!!!!!!!!!!!!!!!!!!!!!!!!!!!!!


!!!!!!!!!!!!!!!!!!!!!!!!!!!!!!!!!!!!!!!!!!!!!!!!!!!!!!!!!!!!!!!!!!!!!!!!!!!!!!!!
[ALERT] ALERT-000002 | RTS_CTS_FLOOD_GLOBAL
severity: CRITICAL
time: 2026-05-16T16:10:51.671076
message: Wykryto możliwy RTS/CTS Flood: 359 ramek RTS oraz 168 ramek CTS w oknie 5s.
evidence: {'rts_count': 359, 'cts_count': 168, 'combined_count': 527, 'window_seconds': 5, 'rts_count_threshold': 100, 'cts_count_threshold': 100, 'combined_count_threshold': 150, 'triggered_reasons': ['high_rts_rate', 'high_cts_rate', 'high_combined_rts_cts_rate'], 'unique_source_count': 180, 'unique_destination_count': 169, 'sample_sources': ['02:f0:cc:b8:99:18', '02:c0:9d:e3:c3:87', '02:15:22:d6:97:25', '02:e6:ca:4a:2c:9f', '02:29:9c:f2:57:ba', '02:9f:83:be:95:97', '02:08:f9:1b:a7:cb', '02:e8:66:67:6a:4c', '02:54:31:a8:11:89', '02:35:d7:98:47:07'], 'sample_destinations': ['02:f0:cc:b8:99:18', '02:c0:9d:e3:c3:87', '02:15:22:d6:97:25', '02:e6:ca:4a:2c:9f', '02:29:9c:f2:57:ba', '02:9f:83:be:95:97', '02:08:f9:1b:a7:cb', '02:54:31:a8:11:89', '02:35:d7:98:47:07', '02:76:75:f3:1a:4a']}
!!!!!!!!!!!!!!!!!!!!!!!!!!!!!!!!!!!!!!!!!!!!!!!!!!!!!!!!!!!!!!!!!!!!!!!!!!!!!!!!


================================================================================
STATISTICS after 10.0s
--------------------------------------------------------------------------------
total frames: 2738

by frame type:
  control: 1396
  management: 1159
  data: 183

by frame subtype:
  beacon: 1119
  rts: 759
  cts: 361
  ack: 266
  null_data: 99
  data: 71
  probe_response: 22
  probe_request: 15
  block_ack: 10
  qos_data: 9
  qos_null: 4
  action: 3

unique SSIDs: 1
unique BSSIDs: 7
================================================================================

!!!!!!!!!!!!!!!!!!!!!!!!!!!!!!!!!!!!!!!!!!!!!!!!!!!!!!!!!!!!!!!!!!!!!!!!!!!!!!!!
[ALERT] ALERT-000003 | RTS_CTS_FLOOD_GLOBAL
severity: CRITICAL
time: 2026-05-16T16:10:56.707208
message: Wykryto możliwy RTS/CTS Flood: 354 ramek RTS oraz 167 ramek CTS w oknie 5s.
evidence: {'rts_count': 354, 'cts_count': 167, 'combined_count': 521, 'window_seconds': 5, 'rts_count_threshold': 100, 'cts_count_threshold': 100, 'combined_count_threshold': 150, 'triggered_reasons': ['high_rts_rate', 'high_cts_rate', 'high_combined_rts_cts_rate'], 'unique_source_count': 178, 'unique_destination_count': 168, 'sample_sources': ['02:f2:24:10:5a:88', '02:5f:2b:da:35:f3', '02:7f:f3:be:fe:a7', '02:1b:3b:83:26:38', '02:9a:a4:a1:93:7b', '02:e1:43:82:59:6f', '02:9b:58:c6:21:c0', '02:b0:fb:d2:8d:86', '02:30:e4:60:85:b4', '02:48:83:6d:2b:d7'], 'sample_destinations': ['02:f2:24:10:5a:88', '02:7f:f3:be:fe:a7', '02:1b:3b:83:26:38', '02:9a:a4:a1:93:7b', '02:e1:43:82:59:6f', '02:9b:58:c6:21:c0', '02:b0:fb:d2:8d:86', '02:30:e4:60:85:b4', '02:48:83:6d:2b:d7', '02:86:a9:42:77:a6']}
!!!!!!!!!!!!!!!!!!!!!!!!!!!!!!!!!!!!!!!!!!!!!!!!!!!!!!!!!!!!!!!!!!!!!!!!!!!!!!!!


!!!!!!!!!!!!!!!!!!!!!!!!!!!!!!!!!!!!!!!!!!!!!!!!!!!!!!!!!!!!!!!!!!!!!!!!!!!!!!!!
[ALERT] ALERT-000004 | RTS_CTS_FLOOD_GLOBAL
severity: CRITICAL
time: 2026-05-16T16:11:01.723187
message: Wykryto możliwy RTS/CTS Flood: 359 ramek RTS oraz 177 ramek CTS w oknie 5s.
evidence: {'rts_count': 359, 'cts_count': 177, 'combined_count': 536, 'window_seconds': 5, 'rts_count_threshold': 100, 'cts_count_threshold': 100, 'combined_count_threshold': 150, 'triggered_reasons': ['high_rts_rate', 'high_cts_rate', 'high_combined_rts_cts_rate'], 'unique_source_count': 178, 'unique_destination_count': 171, 'sample_sources': ['02:7d:e3:1e:ee:55', '02:af:fe:e1:b3:5d', '02:86:4d:f6:e5:42', '02:14:03:36:02:c3', '02:5e:07:e4:af:ff', '02:84:3b:aa:7e:99', '02:96:42:3e:73:cd', '02:c4:d6:cc:14:88', '02:96:c5:29:c3:8b', '02:5c:be:25:db:99'], 'sample_destinations': ['02:7d:e3:1e:ee:55', '02:af:fe:e1:b3:5d', '02:86:4d:f6:e5:42', '02:14:03:36:02:c3', '02:5e:07:e4:af:ff', '02:84:3b:aa:7e:99', '02:96:42:3e:73:cd', '02:c4:d6:cc:14:88', '02:96:c5:29:c3:8b', '02:5c:be:25:db:99']}
!!!!!!!!!!!!!!!!!!!!!!!!!!!!!!!!!!!!!!!!!!!!!!!!!!!!!!!!!!!!!!!!!!!!!!!!!!!!!!!!


!!!!!!!!!!!!!!!!!!!!!!!!!!!!!!!!!!!!!!!!!!!!!!!!!!!!!!!!!!!!!!!!!!!!!!!!!!!!!!!!
[ALERT] ALERT-000005 | RTS_CTS_FLOOD_GLOBAL
severity: CRITICAL
time: 2026-05-16T16:11:06.731221
message: Wykryto możliwy RTS/CTS Flood: 353 ramek RTS oraz 172 ramek CTS w oknie 5s.
evidence: {'rts_count': 353, 'cts_count': 172, 'combined_count': 525, 'window_seconds': 5, 'rts_count_threshold': 100, 'cts_count_threshold': 100, 'combined_count_threshold': 150, 'triggered_reasons': ['high_rts_rate', 'high_cts_rate', 'high_combined_rts_cts_rate'], 'unique_source_count': 177, 'unique_destination_count': 173, 'sample_sources': ['02:1e:c4:33:70:1c', '02:b2:90:73:22:33', '02:2f:58:d8:cb:c2', '02:26:b1:04:01:bf', '02:90:4f:da:6e:da', '02:c4:89:2e:be:d2', '02:50:99:75:40:f6', '02:d5:26:a0:61:70', '02:30:44:b3:e1:a3', '02:39:21:03:49:b2'], 'sample_destinations': ['02:1e:c4:33:70:1c', '02:b2:90:73:22:33', '02:26:b1:04:01:bf', '02:90:4f:da:6e:da', '02:c4:89:2e:be:d2', '02:50:99:75:40:f6', '02:d5:26:a0:61:70', '02:30:44:b3:e1:a3', '02:39:21:03:49:b2', '02:1c:ee:29:24:48']}
!!!!!!!!!!!!!!!!!!!!!!!!!!!!!!!!!!!!!!!!!!!!!!!!!!!!!!!!!!!!!!!!!!!!!!!!!!!!!!!!


!!!!!!!!!!!!!!!!!!!!!!!!!!!!!!!!!!!!!!!!!!!!!!!!!!!!!!!!!!!!!!!!!!!!!!!!!!!!!!!!
[ALERT] ALERT-000006 | RTS_CTS_FLOOD_GLOBAL
severity: CRITICAL
time: 2026-05-16T16:11:11.739218
message: Wykryto możliwy RTS/CTS Flood: 353 ramek RTS oraz 171 ramek CTS w oknie 5s.
evidence: {'rts_count': 353, 'cts_count': 171, 'combined_count': 524, 'window_seconds': 5, 'rts_count_threshold': 100, 'cts_count_threshold': 100, 'combined_count_threshold': 150, 'triggered_reasons': ['high_rts_rate', 'high_cts_rate', 'high_combined_rts_cts_rate'], 'unique_source_count': 177, 'unique_destination_count': 172, 'sample_sources': ['02:bb:dd:f9:3e:06', '02:33:39:4e:99:5e', '02:1e:fd:b9:29:85', '02:20:a7:d2:9e:f1', '02:27:9b:f5:80:55', '02:09:6d:a0:44:05', '02:6e:60:6a:31:e1', '02:9a:55:f4:82:7b', '02:08:5f:ac:62:c1', '02:05:d7:8a:f8:5d'], 'sample_destinations': ['02:bb:dd:f9:3e:06', '02:33:39:4e:99:5e', '02:1e:fd:b9:29:85', '02:20:a7:d2:9e:f1', '02:27:9b:f5:80:55', '02:09:6d:a0:44:05', '02:6e:60:6a:31:e1', '02:9a:55:f4:82:7b', '02:08:5f:ac:62:c1', '02:05:d7:8a:f8:5d']}
!!!!!!!!!!!!!!!!!!!!!!!!!!!!!!!!!!!!!!!!!!!!!!!!!!!!!!!!!!!!!!!!!!!!!!!!!!!!!!!!


!!!!!!!!!!!!!!!!!!!!!!!!!!!!!!!!!!!!!!!!!!!!!!!!!!!!!!!!!!!!!!!!!!!!!!!!!!!!!!!!
[ALERT] ALERT-000007 | RTS_CTS_FLOOD_GLOBAL
severity: CRITICAL
time: 2026-05-16T16:11:16.739225
message: Wykryto możliwy RTS/CTS Flood: 350 ramek RTS oraz 165 ramek CTS w oknie 5s.
evidence: {'rts_count': 350, 'cts_count': 165, 'combined_count': 515, 'window_seconds': 5, 'rts_count_threshold': 100, 'cts_count_threshold': 100, 'combined_count_threshold': 150, 'triggered_reasons': ['high_rts_rate', 'high_cts_rate', 'high_combined_rts_cts_rate'], 'unique_source_count': 177, 'unique_destination_count': 165, 'sample_sources': ['02:b9:9f:35:43:64', '02:00:fb:44:7d:6a', '02:fd:92:1b:51:2f', '02:f5:60:55:0d:1b', '02:a5:c1:03:bb:38', '02:cd:d1:c5:c4:a1', '02:04:3b:b6:56:c3', '02:e8:7b:74:18:a2', '02:54:ec:5c:8a:dc', '02:b7:36:02:ca:ad'], 'sample_destinations': ['02:b9:9f:35:43:64', '02:00:fb:44:7d:6a', '02:fd:92:1b:51:2f', '02:f5:60:55:0d:1b', '02:a5:c1:03:bb:38', '02:cd:d1:c5:c4:a1', '02:04:3b:b6:56:c3', '02:e8:7b:74:18:a2', '02:54:ec:5c:8a:dc', '02:b7:36:02:ca:ad']}
!!!!!!!!!!!!!!!!!!!!!!!!!!!!!!!!!!!!!!!!!!!!!!!!!!!!!!!!!!!!!!!!!!!!!!!!!!!!!!!!


!!!!!!!!!!!!!!!!!!!!!!!!!!!!!!!!!!!!!!!!!!!!!!!!!!!!!!!!!!!!!!!!!!!!!!!!!!!!!!!!
[ALERT] ALERT-000008 | RTS_CTS_FLOOD_GLOBAL
severity: CRITICAL
time: 2026-05-16T16:11:21.747091
message: Wykryto możliwy RTS/CTS Flood: 356 ramek RTS oraz 167 ramek CTS w oknie 5s.
evidence: {'rts_count': 356, 'cts_count': 167, 'combined_count': 523, 'window_seconds': 5, 'rts_count_threshold': 100, 'cts_count_threshold': 100, 'combined_count_threshold': 150, 'triggered_reasons': ['high_rts_rate', 'high_cts_rate', 'high_combined_rts_cts_rate'], 'unique_source_count': 179, 'unique_destination_count': 167, 'sample_sources': ['02:4b:c8:f1:f3:80', '02:4c:c5:ee:93:ef', '02:f5:6d:c1:eb:7c', '02:21:d0:da:cb:e6', '02:96:5a:d8:12:05', '02:ee:d4:c8:85:67', '02:6d:0b:c3:bd:90', '02:ec:c8:0a:02:1d', '02:54:53:80:36:d2', '02:4a:0f:70:8b:0d'], 'sample_destinations': ['02:4b:c8:f1:f3:80', '02:f5:6d:c1:eb:7c', '02:21:d0:da:cb:e6', '02:96:5a:d8:12:05', '02:ee:d4:c8:85:67', '02:6d:0b:c3:bd:90', '02:ec:c8:0a:02:1d', '02:54:53:80:36:d2', '02:4a:0f:70:8b:0d', '02:9a:bc:88:8b:84']}
!!!!!!!!!!!!!!!!!!!!!!!!!!!!!!!!!!!!!!!!!!!!!!!!!!!!!!!!!!!!!!!!!!!!!!!!!!!!!!!!


!!!!!!!!!!!!!!!!!!!!!!!!!!!!!!!!!!!!!!!!!!!!!!!!!!!!!!!!!!!!!!!!!!!!!!!!!!!!!!!!
[ALERT] ALERT-000009 | RTS_CTS_FLOOD_GLOBAL
severity: CRITICAL
time: 2026-05-16T16:11:26.783146
message: Wykryto możliwy RTS/CTS Flood: 361 ramek RTS oraz 162 ramek CTS w oknie 5s.
evidence: {'rts_count': 361, 'cts_count': 162, 'combined_count': 523, 'window_seconds': 5, 'rts_count_threshold': 100, 'cts_count_threshold': 100, 'combined_count_threshold': 150, 'triggered_reasons': ['high_rts_rate', 'high_cts_rate', 'high_combined_rts_cts_rate'], 'unique_source_count': 181, 'unique_destination_count': 163, 'sample_sources': ['02:4b:e9:7c:9a:02', '02:46:84:22:61:64', '02:16:c5:47:47:ad', '02:35:89:b8:77:69', '02:f8:a0:d3:a7:20', '02:b1:81:17:bd:b4', '02:b4:a4:63:45:54', '02:73:40:3c:1b:7f', '02:96:24:b4:75:fe', '02:b4:e0:42:9f:94'], 'sample_destinations': ['02:4b:e9:7c:9a:02', '02:46:84:22:61:64', '02:16:c5:47:47:ad', '02:35:89:b8:77:69', '02:f8:a0:d3:a7:20', '02:b1:81:17:bd:b4', '02:73:40:3c:1b:7f', '02:96:24:b4:75:fe', '02:b4:e0:42:9f:94', '02:47:78:a0:b2:7f']}
!!!!!!!!!!!!!!!!!!!!!!!!!!!!!!!!!!!!!!!!!!!!!!!!!!!!!!!!!!!!!!!!!!!!!!!!!!!!!!!!


!!!!!!!!!!!!!!!!!!!!!!!!!!!!!!!!!!!!!!!!!!!!!!!!!!!!!!!!!!!!!!!!!!!!!!!!!!!!!!!!
[ALERT] ALERT-000010 | RTS_CTS_FLOOD_GLOBAL
severity: CRITICAL
time: 2026-05-16T16:11:31.783733
message: Wykryto możliwy RTS/CTS Flood: 351 ramek RTS oraz 160 ramek CTS w oknie 5s.
evidence: {'rts_count': 351, 'cts_count': 160, 'combined_count': 511, 'window_seconds': 5, 'rts_count_threshold': 100, 'cts_count_threshold': 100, 'combined_count_threshold': 150, 'triggered_reasons': ['high_rts_rate', 'high_cts_rate', 'high_combined_rts_cts_rate'], 'unique_source_count': 176, 'unique_destination_count': 161, 'sample_sources': ['02:47:98:e2:44:42', '02:41:f7:7c:4d:97', '02:b7:7d:f0:50:86', '02:8c:78:a8:73:a3', '02:73:01:45:88:da', '02:1c:c4:c2:44:e5', '02:5d:e9:ce:bd:0f', '02:c3:91:ce:dc:ca', '02:91:71:99:1f:e2', '02:64:73:3b:07:92'], 'sample_destinations': ['02:47:98:e2:44:42', '02:b7:7d:f0:50:86', '02:8c:78:a8:73:a3', '02:5d:e9:ce:bd:0f', '02:91:71:99:1f:e2', '02:64:73:3b:07:92', '02:c0:01:15:9a:1c', '02:a3:e1:dc:f9:d1', '02:38:d4:2d:bd:92', '02:3c:e7:14:03:4d']}
!!!!!!!!!!!!!!!!!!!!!!!!!!!!!!!!!!!!!!!!!!!!!!!!!!!!!!!!!!!!!!!!!!!!!!!!!!!!!!!!


================================================================================
STATISTICS after 20.0s
--------------------------------------------------------------------------------
total frames: 7379

by frame type:
  control: 5487
  management: 1528
  data: 364

by frame subtype:
  rts: 3412
  cts: 1618
  beacon: 1445
  ack: 436
  null_data: 171
  data: 165
  probe_response: 55
  qos_data: 24
  probe_request: 23
  block_ack: 21
  action: 5
  qos_null: 4

unique SSIDs: 1
unique BSSIDs: 9
================================================================================

================================================================================
STATISTICS after 30.0s
--------------------------------------------------------------------------------
total frames: 7804

by frame type:
  control: 5873
  management: 1558
  data: 373

by frame subtype:
  rts: 3671
  cts: 1738
  beacon: 1475
  ack: 443
  null_data: 179
  data: 165
  probe_response: 55
  qos_data: 24
  probe_request: 23
  block_ack: 21
  action: 5
  qos_null: 5

unique SSIDs: 1
unique BSSIDs: 9
================================================================================

!!!!!!!!!!!!!!!!!!!!!!!!!!!!!!!!!!!!!!!!!!!!!!!!!!!!!!!!!!!!!!!!!!!!!!!!!!!!!!!!
[ALERT] ALERT-000011 | RTS_CTS_FLOOD_GLOBAL
severity: CRITICAL
time: 2026-05-16T16:11:36.791105
message: Wykryto możliwy RTS/CTS Flood: 361 ramek RTS oraz 168 ramek CTS w oknie 5s.
evidence: {'rts_count': 361, 'cts_count': 168, 'combined_count': 529, 'window_seconds': 5, 'rts_count_threshold': 100, 'cts_count_threshold': 100, 'combined_count_threshold': 150, 'triggered_reasons': ['high_rts_rate', 'high_cts_rate', 'high_combined_rts_cts_rate'], 'unique_source_count': 181, 'unique_destination_count': 169, 'sample_sources': ['02:6e:84:c1:d8:85', '02:f0:dc:b1:d6:af', '02:91:a5:b5:8e:c3', '02:77:0d:c3:1b:80', '02:8b:0f:73:98:4a', '02:ce:2b:72:ad:db', '02:ef:97:6b:a2:06', '02:c2:62:80:58:5f', '02:d7:e0:63:b7:36', '02:4b:e4:28:f3:b2'], 'sample_destinations': ['02:6e:84:c1:d8:85', '02:f0:dc:b1:d6:af', '02:91:a5:b5:8e:c3', '02:77:0d:c3:1b:80', '02:ce:2b:72:ad:db', '02:ef:97:6b:a2:06', '02:c2:62:80:58:5f', '02:d7:e0:63:b7:36', '02:4b:e4:28:f3:b2', '02:6e:2f:ec:94:6a']}
!!!!!!!!!!!!!!!!!!!!!!!!!!!!!!!!!!!!!!!!!!!!!!!!!!!!!!!!!!!!!!!!!!!!!!!!!!!!!!!!


!!!!!!!!!!!!!!!!!!!!!!!!!!!!!!!!!!!!!!!!!!!!!!!!!!!!!!!!!!!!!!!!!!!!!!!!!!!!!!!!
[ALERT] ALERT-000012 | RTS_CTS_FLOOD_GLOBAL
severity: CRITICAL
time: 2026-05-16T16:11:41.811293
message: Wykryto możliwy RTS/CTS Flood: 358 ramek RTS oraz 164 ramek CTS w oknie 5s.
evidence: {'rts_count': 358, 'cts_count': 164, 'combined_count': 522, 'window_seconds': 5, 'rts_count_threshold': 100, 'cts_count_threshold': 100, 'combined_count_threshold': 150, 'triggered_reasons': ['high_rts_rate', 'high_cts_rate', 'high_combined_rts_cts_rate'], 'unique_source_count': 180, 'unique_destination_count': 165, 'sample_sources': ['02:eb:7d:42:2c:d7', '02:2c:2b:a8:46:53', '02:67:1e:75:5c:8e', '02:1e:d4:1d:a5:7a', '02:a8:dc:9c:8c:17', '02:f6:dc:ff:4c:52', '02:00:35:48:50:d1', '02:db:2c:ef:0c:89', '02:db:4f:52:5e:bf', '02:48:1d:47:6d:9f'], 'sample_destinations': ['02:eb:7d:42:2c:d7', '02:2c:2b:a8:46:53', '02:67:1e:75:5c:8e', '02:1e:d4:1d:a5:7a', '02:a8:dc:9c:8c:17', '02:f6:dc:ff:4c:52', '02:00:35:48:50:d1', '02:db:2c:ef:0c:89', '02:db:4f:52:5e:bf', '02:48:1d:47:6d:9f']}
!!!!!!!!!!!!!!!!!!!!!!!!!!!!!!!!!!!!!!!!!!!!!!!!!!!!!!!!!!!!!!!!!!!!!!!!!!!!!!!!


================================================================================
STATISTICS after 40.0s
--------------------------------------------------------------------------------
total frames: 10137

by frame type:
  control: 6804
  management: 2724
  data: 609

by frame subtype:
  rts: 4058
  beacon: 2588
  cts: 1922
  ack: 795
  null_data: 302
  data: 262
  probe_response: 93
  probe_request: 36
  qos_data: 36
  block_ack: 29
  qos_null: 9
  action: 7

unique SSIDs: 2
unique BSSIDs: 11
================================================================================

================================================================================
DETECTION SUMMARY
--------------------------------------------------------------------------------
total alerts: 12

by attack type:
  RTS_CTS_FLOOD_GLOBAL: 12

by severity:
  CRITICAL: 11
  MEDIUM: 1
================================================================================
