
================================================================================
STATISTICS after 10.1s
--------------------------------------------------------------------------------
total frames: 657

by frame type:
  management: 445
  control: 119
  data: 93

by frame subtype:
  beacon: 431
  ack: 106
  null_data: 65
  data: 16
  qos_data: 10
  probe_response: 9
  cts: 6
  rts: 4
  probe_request: 4
  block_ack: 3
  qos_null: 2
  action: 1

unique SSIDs: 1
unique BSSIDs: 6
================================================================================

!!!!!!!!!!!!!!!!!!!!!!!!!!!!!!!!!!!!!!!!!!!!!!!!!!!!!!!!!!!!!!!!!!!!!!!!!!!!!!!!
[ALERT] ALERT-000001 | RTS_CTS_FLOOD_GLOBAL
severity: MEDIUM
time: 2026-05-16T16:16:02.675644
message: Wykryto możliwy RTS/CTS Flood: 62 ramek RTS oraz 88 ramek CTS w oknie 5s.
evidence: {'rts_count': 62, 'cts_count': 88, 'combined_count': 150, 'window_seconds': 5, 'rts_count_threshold': 100, 'cts_count_threshold': 100, 'combined_count_threshold': 150, 'triggered_reasons': ['high_combined_rts_cts_rate'], 'unique_source_count': 31, 'unique_destination_count': 29, 'sample_sources': ['02:d1:6f:8f:36:d3', '02:b9:47:79:fc:60', '02:4a:bf:bc:89:13', '02:7a:54:47:a8:60', '02:11:4a:21:32:55', '02:6e:f0:b2:55:49', '02:79:c2:4c:40:93', '02:4f:85:e0:15:06', '02:81:d6:61:fe:33', '02:82:5f:80:97:3a'], 'sample_destinations': ['02:d1:6f:8f:36:d3', '02:b9:47:79:fc:60', '02:4a:bf:bc:89:13', '02:7a:54:47:a8:60', '02:11:4a:21:32:55', '02:6e:f0:b2:55:49', '02:79:c2:4c:40:93', '02:4f:85:e0:15:06', '02:81:d6:61:fe:33', '02:5e:a2:f7:8f:6e']}
!!!!!!!!!!!!!!!!!!!!!!!!!!!!!!!!!!!!!!!!!!!!!!!!!!!!!!!!!!!!!!!!!!!!!!!!!!!!!!!!


!!!!!!!!!!!!!!!!!!!!!!!!!!!!!!!!!!!!!!!!!!!!!!!!!!!!!!!!!!!!!!!!!!!!!!!!!!!!!!!!
[ALERT] ALERT-000002 | RTS_CTS_FLOOD_GLOBAL
severity: CRITICAL
time: 2026-05-16T16:16:07.687550
message: Wykryto możliwy RTS/CTS Flood: 290 ramek RTS oraz 419 ramek CTS w oknie 5s.
evidence: {'rts_count': 290, 'cts_count': 419, 'combined_count': 709, 'window_seconds': 5, 'rts_count_threshold': 100, 'cts_count_threshold': 100, 'combined_count_threshold': 150, 'triggered_reasons': ['high_rts_rate', 'high_cts_rate', 'high_combined_rts_cts_rate'], 'unique_source_count': 145, 'unique_destination_count': 129, 'sample_sources': ['02:d6:3b:4b:13:64', '02:9e:a0:a1:3a:a2', '02:b2:c7:16:e4:d4', '02:42:26:dd:c5:3c', '02:bc:8e:32:de:dd', '02:18:0a:16:60:a1', '02:76:22:9a:0d:7f', '02:b2:58:f3:f0:45', '02:45:dd:f6:aa:11', '02:d5:e7:35:79:47'], 'sample_destinations': ['02:d6:3b:4b:13:64', '02:9e:a0:a1:3a:a2', '02:42:26:dd:c5:3c', '02:bc:8e:32:de:dd', '02:18:0a:16:60:a1', '02:b2:58:f3:f0:45', '02:45:dd:f6:aa:11', '02:d5:e7:35:79:47', '02:0a:57:88:6e:04', '02:b3:8d:2e:04:73']}
!!!!!!!!!!!!!!!!!!!!!!!!!!!!!!!!!!!!!!!!!!!!!!!!!!!!!!!!!!!!!!!!!!!!!!!!!!!!!!!!


================================================================================
STATISTICS after 20.1s
--------------------------------------------------------------------------------
total frames: 3258

by frame type:
  control: 1847
  management: 1160
  data: 251

by frame subtype:
  beacon: 1120
  cts: 891
  rts: 615
  ack: 331
  null_data: 142
  data: 88
  probe_response: 25
  qos_data: 17
  probe_request: 13
  block_ack: 10
  qos_null: 4
  action: 2

unique SSIDs: 2
unique BSSIDs: 9
================================================================================

!!!!!!!!!!!!!!!!!!!!!!!!!!!!!!!!!!!!!!!!!!!!!!!!!!!!!!!!!!!!!!!!!!!!!!!!!!!!!!!!
[ALERT] ALERT-000003 | RTS_CTS_FLOOD_GLOBAL
severity: CRITICAL
time: 2026-05-16T16:16:12.707184
message: Wykryto możliwy RTS/CTS Flood: 286 ramek RTS oraz 418 ramek CTS w oknie 5s.
evidence: {'rts_count': 286, 'cts_count': 418, 'combined_count': 704, 'window_seconds': 5, 'rts_count_threshold': 100, 'cts_count_threshold': 100, 'combined_count_threshold': 150, 'triggered_reasons': ['high_rts_rate', 'high_cts_rate', 'high_combined_rts_cts_rate'], 'unique_source_count': 144, 'unique_destination_count': 133, 'sample_sources': ['02:6f:7d:a3:87:47', '02:c6:21:ef:10:c8', '02:f3:a6:fc:b2:cd', '02:b7:2e:b9:05:61', '02:1f:89:09:98:69', '02:a0:b1:76:26:1b', '02:af:1f:0b:36:56', '02:6c:3d:16:fc:9c', '02:f8:bf:95:15:86', '02:a2:e7:aa:06:d1'], 'sample_destinations': ['02:6f:7d:a3:87:47', '02:c6:21:ef:10:c8', '02:f3:a6:fc:b2:cd', '02:b7:2e:b9:05:61', '02:a0:b1:76:26:1b', '02:af:1f:0b:36:56', '02:6c:3d:16:fc:9c', '02:f8:bf:95:15:86', '02:a2:e7:aa:06:d1', '02:85:6c:6e:8f:88']}
!!!!!!!!!!!!!!!!!!!!!!!!!!!!!!!!!!!!!!!!!!!!!!!!!!!!!!!!!!!!!!!!!!!!!!!!!!!!!!!!


!!!!!!!!!!!!!!!!!!!!!!!!!!!!!!!!!!!!!!!!!!!!!!!!!!!!!!!!!!!!!!!!!!!!!!!!!!!!!!!!
[ALERT] ALERT-000004 | RTS_CTS_FLOOD_GLOBAL
severity: CRITICAL
time: 2026-05-16T16:16:17.708051
message: Wykryto możliwy RTS/CTS Flood: 288 ramek RTS oraz 430 ramek CTS w oknie 5s.
evidence: {'rts_count': 288, 'cts_count': 430, 'combined_count': 718, 'window_seconds': 5, 'rts_count_threshold': 100, 'cts_count_threshold': 100, 'combined_count_threshold': 150, 'triggered_reasons': ['high_rts_rate', 'high_cts_rate', 'high_combined_rts_cts_rate'], 'unique_source_count': 145, 'unique_destination_count': 142, 'sample_sources': ['02:bd:bd:29:50:b7', '02:33:fb:d7:d3:a7', '02:db:29:be:40:ca', '02:60:4d:a4:a0:36', '02:28:8e:4a:48:37', '02:38:54:9b:a4:79', '02:c8:ab:5f:ba:87', '02:15:d0:5a:84:4b', '02:62:01:c4:df:d5', '02:09:5b:fa:d4:c5'], 'sample_destinations': ['02:bd:bd:29:50:b7', '02:33:fb:d7:d3:a7', '02:db:29:be:40:ca', '02:60:4d:a4:a0:36', '02:28:8e:4a:48:37', '02:38:54:9b:a4:79', '02:c8:ab:5f:ba:87', '02:15:d0:5a:84:4b', '02:62:01:c4:df:d5', '02:09:5b:fa:d4:c5']}
!!!!!!!!!!!!!!!!!!!!!!!!!!!!!!!!!!!!!!!!!!!!!!!!!!!!!!!!!!!!!!!!!!!!!!!!!!!!!!!!


!!!!!!!!!!!!!!!!!!!!!!!!!!!!!!!!!!!!!!!!!!!!!!!!!!!!!!!!!!!!!!!!!!!!!!!!!!!!!!!!
[ALERT] ALERT-000005 | RTS_CTS_FLOOD_GLOBAL
severity: CRITICAL
time: 2026-05-16T16:16:22.731689
message: Wykryto możliwy RTS/CTS Flood: 287 ramek RTS oraz 426 ramek CTS w oknie 5s.
evidence: {'rts_count': 287, 'cts_count': 426, 'combined_count': 713, 'window_seconds': 5, 'rts_count_threshold': 100, 'cts_count_threshold': 100, 'combined_count_threshold': 150, 'triggered_reasons': ['high_rts_rate', 'high_cts_rate', 'high_combined_rts_cts_rate'], 'unique_source_count': 144, 'unique_destination_count': 139, 'sample_sources': ['02:12:93:29:eb:27', '02:2a:69:36:52:fe', '02:bc:90:09:ba:a6', '02:05:c8:15:e1:d6', '02:71:a8:45:58:7d', '02:12:e9:04:2a:8b', '02:ad:37:c3:2e:03', '02:7a:60:08:7c:ed', '02:37:92:0c:ab:11', '02:12:1c:17:21:74'], 'sample_destinations': ['02:12:93:29:eb:27', '02:bc:90:09:ba:a6', '02:05:c8:15:e1:d6', '02:71:a8:45:58:7d', '02:12:e9:04:2a:8b', '02:ad:37:c3:2e:03', '02:7a:60:08:7c:ed', '02:37:92:0c:ab:11', '02:12:1c:17:21:74', '02:03:f1:c7:41:ba']}
!!!!!!!!!!!!!!!!!!!!!!!!!!!!!!!!!!!!!!!!!!!!!!!!!!!!!!!!!!!!!!!!!!!!!!!!!!!!!!!!


!!!!!!!!!!!!!!!!!!!!!!!!!!!!!!!!!!!!!!!!!!!!!!!!!!!!!!!!!!!!!!!!!!!!!!!!!!!!!!!!
[ALERT] ALERT-000006 | RTS_CTS_FLOOD_GLOBAL
severity: CRITICAL
time: 2026-05-16T16:16:27.743120
message: Wykryto możliwy RTS/CTS Flood: 283 ramek RTS oraz 418 ramek CTS w oknie 5s.
evidence: {'rts_count': 283, 'cts_count': 418, 'combined_count': 701, 'window_seconds': 5, 'rts_count_threshold': 100, 'cts_count_threshold': 100, 'combined_count_threshold': 150, 'triggered_reasons': ['high_rts_rate', 'high_cts_rate', 'high_combined_rts_cts_rate'], 'unique_source_count': 142, 'unique_destination_count': 136, 'sample_sources': ['02:e3:b3:46:f5:2e', '02:e8:43:08:d4:37', '02:f8:23:d9:ec:de', '02:32:1a:1f:10:60', '02:88:f9:19:50:ff', '02:b3:e2:42:79:10', '02:a1:a7:65:c3:10', '02:d9:b9:82:29:f4', '02:32:d0:59:7e:ec', '02:a9:65:5e:c6:e7'], 'sample_destinations': ['02:e3:b3:46:f5:2e', '02:e8:43:08:d4:37', '02:f8:23:d9:ec:de', '02:32:1a:1f:10:60', '02:88:f9:19:50:ff', '02:b3:e2:42:79:10', '02:a1:a7:65:c3:10', '02:d9:b9:82:29:f4', '02:32:d0:59:7e:ec', '02:a9:65:5e:c6:e7']}
!!!!!!!!!!!!!!!!!!!!!!!!!!!!!!!!!!!!!!!!!!!!!!!!!!!!!!!!!!!!!!!!!!!!!!!!!!!!!!!!


!!!!!!!!!!!!!!!!!!!!!!!!!!!!!!!!!!!!!!!!!!!!!!!!!!!!!!!!!!!!!!!!!!!!!!!!!!!!!!!!
[ALERT] ALERT-000007 | RTS_CTS_FLOOD_GLOBAL
severity: CRITICAL
time: 2026-05-16T16:16:32.755685
message: Wykryto możliwy RTS/CTS Flood: 286 ramek RTS oraz 426 ramek CTS w oknie 5s.
evidence: {'rts_count': 286, 'cts_count': 426, 'combined_count': 712, 'window_seconds': 5, 'rts_count_threshold': 100, 'cts_count_threshold': 100, 'combined_count_threshold': 150, 'triggered_reasons': ['high_rts_rate', 'high_cts_rate', 'high_combined_rts_cts_rate'], 'unique_source_count': 143, 'unique_destination_count': 140, 'sample_sources': ['02:68:be:90:0a:e4', '02:08:27:36:ba:20', '02:9c:90:09:39:0e', '02:34:4d:04:fc:49', '02:6e:4e:05:0f:97', '02:2b:db:7c:ed:45', '02:7c:8e:cc:0a:df', '02:54:ae:75:c9:a2', '02:a3:35:8d:a8:63', '02:d4:41:9a:9b:58'], 'sample_destinations': ['02:68:be:90:0a:e4', '02:08:27:36:ba:20', '02:9c:90:09:39:0e', '02:34:4d:04:fc:49', '02:6e:4e:05:0f:97', '02:7c:8e:cc:0a:df', '02:54:ae:75:c9:a2', '02:a3:35:8d:a8:63', '02:d4:41:9a:9b:58', '02:dd:36:ca:96:7d']}
!!!!!!!!!!!!!!!!!!!!!!!!!!!!!!!!!!!!!!!!!!!!!!!!!!!!!!!!!!!!!!!!!!!!!!!!!!!!!!!!


!!!!!!!!!!!!!!!!!!!!!!!!!!!!!!!!!!!!!!!!!!!!!!!!!!!!!!!!!!!!!!!!!!!!!!!!!!!!!!!!
[ALERT] ALERT-000008 | RTS_CTS_FLOOD_GLOBAL
severity: CRITICAL
time: 2026-05-16T16:16:37.767094
message: Wykryto możliwy RTS/CTS Flood: 283 ramek RTS oraz 414 ramek CTS w oknie 5s.
evidence: {'rts_count': 283, 'cts_count': 414, 'combined_count': 697, 'window_seconds': 5, 'rts_count_threshold': 100, 'cts_count_threshold': 100, 'combined_count_threshold': 150, 'triggered_reasons': ['high_rts_rate', 'high_cts_rate', 'high_combined_rts_cts_rate'], 'unique_source_count': 142, 'unique_destination_count': 133, 'sample_sources': ['02:99:fc:97:3e:9b', '02:06:22:c9:a4:7f', '02:3e:36:0b:8f:db', '02:7d:b8:d5:20:fe', '02:c2:90:98:5a:2f', '02:5a:21:6c:22:60', '02:27:fe:74:68:17', '02:de:07:f1:83:5e', '02:7d:4a:9e:b9:72', '02:00:c2:47:e1:f3'], 'sample_destinations': ['02:99:fc:97:3e:9b', '02:3e:36:0b:8f:db', '02:7d:b8:d5:20:fe', '02:5a:21:6c:22:60', '02:27:fe:74:68:17', '02:de:07:f1:83:5e', '02:7d:4a:9e:b9:72', '02:00:c2:47:e1:f3', '02:1a:01:4a:0f:39', '02:a7:88:c7:15:ac']}
!!!!!!!!!!!!!!!!!!!!!!!!!!!!!!!!!!!!!!!!!!!!!!!!!!!!!!!!!!!!!!!!!!!!!!!!!!!!!!!!


!!!!!!!!!!!!!!!!!!!!!!!!!!!!!!!!!!!!!!!!!!!!!!!!!!!!!!!!!!!!!!!!!!!!!!!!!!!!!!!!
[ALERT] ALERT-000009 | RTS_CTS_FLOOD_GLOBAL
severity: CRITICAL
time: 2026-05-16T16:16:42.775609
message: Wykryto możliwy RTS/CTS Flood: 284 ramek RTS oraz 413 ramek CTS w oknie 5s.
evidence: {'rts_count': 284, 'cts_count': 413, 'combined_count': 697, 'window_seconds': 5, 'rts_count_threshold': 100, 'cts_count_threshold': 100, 'combined_count_threshold': 150, 'triggered_reasons': ['high_rts_rate', 'high_cts_rate', 'high_combined_rts_cts_rate'], 'unique_source_count': 142, 'unique_destination_count': 129, 'sample_sources': ['02:9e:1a:6d:3f:df', '02:1d:5f:02:94:3a', '02:86:3b:51:cf:2f', '02:4f:68:6f:64:e1', '02:db:65:e9:9c:08', '02:bd:50:6c:e9:f9', '02:f9:4b:fa:f5:51', '02:c7:cd:f2:ef:0a', '02:de:d9:d7:c0:63', '02:d3:c4:a6:39:5b'], 'sample_destinations': ['02:9e:1a:6d:3f:df', '02:1d:5f:02:94:3a', '02:86:3b:51:cf:2f', '02:4f:68:6f:64:e1', '02:db:65:e9:9c:08', '02:bd:50:6c:e9:f9', '02:f9:4b:fa:f5:51', '02:c7:cd:f2:ef:0a', '02:de:d9:d7:c0:63', '02:d3:c4:a6:39:5b']}
!!!!!!!!!!!!!!!!!!!!!!!!!!!!!!!!!!!!!!!!!!!!!!!!!!!!!!!!!!!!!!!!!!!!!!!!!!!!!!!!


================================================================================
STATISTICS after 30.1s
--------------------------------------------------------------------------------
total frames: 8565

by frame type:
  control: 6757
  management: 1469
  data: 339

by frame subtype:
  cts: 3761
  rts: 2565
  beacon: 1422
  ack: 419
  null_data: 207
  data: 107
  probe_response: 29
  qos_data: 19
  probe_request: 14
  block_ack: 12
  qos_null: 6
  action: 4

unique SSIDs: 2
unique BSSIDs: 9
================================================================================

!!!!!!!!!!!!!!!!!!!!!!!!!!!!!!!!!!!!!!!!!!!!!!!!!!!!!!!!!!!!!!!!!!!!!!!!!!!!!!!!
[ALERT] ALERT-000010 | RTS_CTS_FLOOD_GLOBAL
severity: CRITICAL
time: 2026-05-16T16:16:47.775736
message: Wykryto możliwy RTS/CTS Flood: 286 ramek RTS oraz 422 ramek CTS w oknie 5s.
evidence: {'rts_count': 286, 'cts_count': 422, 'combined_count': 708, 'window_seconds': 5, 'rts_count_threshold': 100, 'cts_count_threshold': 100, 'combined_count_threshold': 150, 'triggered_reasons': ['high_rts_rate', 'high_cts_rate', 'high_combined_rts_cts_rate'], 'unique_source_count': 143, 'unique_destination_count': 136, 'sample_sources': ['02:9a:c1:8d:cd:de', '02:5c:52:07:42:23', '02:9b:b9:64:e1:37', '02:5a:21:7b:0f:5c', '02:45:23:15:d3:67', '02:cc:cc:e0:8a:bf', '02:b0:11:91:57:38', '02:56:fc:10:8e:db', '02:8d:10:6f:92:7a', '02:8e:0c:e7:7a:02'], 'sample_destinations': ['02:9a:c1:8d:cd:de', '02:5c:52:07:42:23', '02:9b:b9:64:e1:37', '02:5a:21:7b:0f:5c', '02:45:23:15:d3:67', '02:cc:cc:e0:8a:bf', '02:b0:11:91:57:38', '02:56:fc:10:8e:db', '02:8d:10:6f:92:7a', '02:8e:0c:e7:7a:02']}
!!!!!!!!!!!!!!!!!!!!!!!!!!!!!!!!!!!!!!!!!!!!!!!!!!!!!!!!!!!!!!!!!!!!!!!!!!!!!!!!


!!!!!!!!!!!!!!!!!!!!!!!!!!!!!!!!!!!!!!!!!!!!!!!!!!!!!!!!!!!!!!!!!!!!!!!!!!!!!!!!
[ALERT] ALERT-000011 | RTS_CTS_FLOOD_GLOBAL
severity: CRITICAL
time: 2026-05-16T16:16:52.775745
message: Wykryto możliwy RTS/CTS Flood: 282 ramek RTS oraz 415 ramek CTS w oknie 5s.
evidence: {'rts_count': 282, 'cts_count': 415, 'combined_count': 697, 'window_seconds': 5, 'rts_count_threshold': 100, 'cts_count_threshold': 100, 'combined_count_threshold': 150, 'triggered_reasons': ['high_rts_rate', 'high_cts_rate', 'high_combined_rts_cts_rate'], 'unique_source_count': 141, 'unique_destination_count': 134, 'sample_sources': ['02:94:b0:95:85:7e', '02:5f:a2:1e:14:fd', '02:7f:f6:d8:d8:f6', '02:fe:c6:a7:c6:0a', '02:dd:df:9c:da:2c', '02:a7:2f:21:72:28', '02:33:0a:87:a2:5d', '02:fe:e8:b5:02:53', '02:99:5b:e4:7b:d5', '02:58:f1:bd:cc:31'], 'sample_destinations': ['02:5f:a2:1e:14:fd', '02:7f:f6:d8:d8:f6', '02:fe:c6:a7:c6:0a', '02:dd:df:9c:da:2c', '02:a7:2f:21:72:28', '02:33:0a:87:a2:5d', '02:fe:e8:b5:02:53', '02:99:5b:e4:7b:d5', '02:58:f1:bd:cc:31', '02:b0:1f:0f:64:ae']}
!!!!!!!!!!!!!!!!!!!!!!!!!!!!!!!!!!!!!!!!!!!!!!!!!!!!!!!!!!!!!!!!!!!!!!!!!!!!!!!!


!!!!!!!!!!!!!!!!!!!!!!!!!!!!!!!!!!!!!!!!!!!!!!!!!!!!!!!!!!!!!!!!!!!!!!!!!!!!!!!!
[ALERT] ALERT-000012 | RTS_CTS_FLOOD_GLOBAL
severity: CRITICAL
time: 2026-05-16T16:16:57.787067
message: Wykryto możliwy RTS/CTS Flood: 289 ramek RTS oraz 419 ramek CTS w oknie 5s.
evidence: {'rts_count': 289, 'cts_count': 419, 'combined_count': 708, 'window_seconds': 5, 'rts_count_threshold': 100, 'cts_count_threshold': 100, 'combined_count_threshold': 150, 'triggered_reasons': ['high_rts_rate', 'high_cts_rate', 'high_combined_rts_cts_rate'], 'unique_source_count': 145, 'unique_destination_count': 133, 'sample_sources': ['02:1f:b7:29:29:f6', '02:17:72:55:6b:de', '02:95:ac:8c:87:20', '02:2a:34:ae:f5:2e', '02:4f:0f:51:9a:2b', '02:01:61:ff:ca:4b', '02:4e:b4:d0:e3:d6', '02:e7:76:2e:94:66', '02:ae:4a:ff:6b:bb', '02:d4:c3:62:24:e1'], 'sample_destinations': ['02:1f:b7:29:29:f6', '02:17:72:55:6b:de', '02:95:ac:8c:87:20', '02:2a:34:ae:f5:2e', '02:4f:0f:51:9a:2b', '02:01:61:ff:ca:4b', '02:4e:b4:d0:e3:d6', '02:e7:76:2e:94:66', '02:ae:4a:ff:6b:bb', '02:58:d8:4f:73:14']}
!!!!!!!!!!!!!!!!!!!!!!!!!!!!!!!!!!!!!!!!!!!!!!!!!!!!!!!!!!!!!!!!!!!!!!!!!!!!!!!!


================================================================================
STATISTICS after 40.2s
--------------------------------------------------------------------------------
total frames: 11604

by frame type:
  control: 9014
  management: 2085
  data: 505

by frame subtype:
  cts: 4996
  rts: 3410
  beacon: 2026
  ack: 589
  null_data: 321
  data: 150
  probe_response: 38
  qos_data: 27
  block_ack: 19
  probe_request: 16
  qos_null: 7
  action: 5

unique SSIDs: 2
unique BSSIDs: 11
================================================================================

================================================================================
STATISTICS after 50.3s
--------------------------------------------------------------------------------
total frames: 11947

by frame type:
  control: 9139
  management: 2207
  data: 601

by frame subtype:
  cts: 5015
  rts: 3429
  beacon: 2148
  ack: 656
  null_data: 341
  data: 175
  qos_data: 78
  block_ack: 39
  probe_response: 38
  probe_request: 16
  qos_null: 7
  action: 5

unique SSIDs: 2
unique BSSIDs: 11
================================================================================

================================================================================
STATISTICS after 59.6s
--------------------------------------------------------------------------------
total frames: 12668

by frame type:
  control: 9277
  management: 2680
  data: 711

by frame subtype:
  cts: 5021
  rts: 3433
  beacon: 2604
  ack: 780
  null_data: 412
  data: 204
  qos_data: 87
  probe_response: 48
  block_ack: 43
  probe_request: 21
  qos_null: 8
  action: 7

unique SSIDs: 2
unique BSSIDs: 11
================================================================================

================================================================================
DETECTION SUMMARY
--------------------------------------------------------------------------------
total alerts: 12

by attack type:
  RTS_CTS_FLOOD_GLOBAL: 12

by severity:
  CRITICAL: 11
  MEDIUM: 1
================================================================================
