
!!!!!!!!!!!!!!!!!!!!!!!!!!!!!!!!!!!!!!!!!!!!!!!!!!!!!!!!!!!!!!!!!!!!!!!!!!!!!!!!
[ALERT] ALERT-000001 | RTS_FLOOD_SOURCE
severity: MEDIUM
time: 2026-05-16T16:04:18.175199
message: Wykryto możliwy RTS Flood z pojedynczego źródła: 50 ramek RTS z adresu ce:d0:54:70:b1:b3 w oknie 5s.
evidence: {'source_mac': 'ce:d0:54:70:b1:b3', 'rts_count': 50, 'unique_destination_count': 1, 'rts_per_source_threshold': 50, 'window_seconds': 5, 'sample_destinations': ['ac:84:c6:41:71:22']}
!!!!!!!!!!!!!!!!!!!!!!!!!!!!!!!!!!!!!!!!!!!!!!!!!!!!!!!!!!!!!!!!!!!!!!!!!!!!!!!!


!!!!!!!!!!!!!!!!!!!!!!!!!!!!!!!!!!!!!!!!!!!!!!!!!!!!!!!!!!!!!!!!!!!!!!!!!!!!!!!!
[ALERT] ALERT-000002 | RTS_FLOOD_SOURCE
severity: MEDIUM
time: 2026-05-16T16:05:06.623931
message: Wykryto możliwy RTS Flood z pojedynczego źródła: 50 ramek RTS z adresu ce:d0:54:70:b1:b3 w oknie 5s.
evidence: {'source_mac': 'ce:d0:54:70:b1:b3', 'rts_count': 50, 'unique_destination_count': 1, 'rts_per_source_threshold': 50, 'window_seconds': 5, 'sample_destinations': ['ac:84:c6:41:71:22']}
!!!!!!!!!!!!!!!!!!!!!!!!!!!!!!!!!!!!!!!!!!!!!!!!!!!!!!!!!!!!!!!!!!!!!!!!!!!!!!!!


!!!!!!!!!!!!!!!!!!!!!!!!!!!!!!!!!!!!!!!!!!!!!!!!!!!!!!!!!!!!!!!!!!!!!!!!!!!!!!!!
[ALERT] ALERT-000003 | RTS_CTS_FLOOD_GLOBAL
severity: MEDIUM
time: 2026-05-16T16:05:27.612059
message: Wykryto możliwy RTS/CTS Flood: 75 ramek RTS oraz 75 ramek CTS w oknie 5s.
evidence: {'rts_count': 75, 'cts_count': 75, 'combined_count': 150, 'window_seconds': 5, 'rts_count_threshold': 100, 'cts_count_threshold': 100, 'combined_count_threshold': 150, 'triggered_reasons': ['high_combined_rts_cts_rate'], 'unique_source_count': 27, 'unique_destination_count': 27, 'sample_sources': ['02:35:3c:4e:83:5a', '02:bb:21:a9:a0:ee', 'ce:d0:54:70:b1:b3', '02:b7:23:33:67:b2', '02:a7:1e:1f:39:84', '02:68:8d:68:43:a2', '02:c5:be:fe:7a:08', '02:02:d6:b3:ee:3a', '02:15:60:24:87:ef', '02:81:31:95:5d:8f'], 'sample_destinations': ['02:35:3c:4e:83:5a', '02:bb:21:a9:a0:ee', '02:b7:23:33:67:b2', '02:a7:1e:1f:39:84', '02:68:8d:68:43:a2', '02:c5:be:fe:7a:08', '02:02:d6:b3:ee:3a', '02:15:60:24:87:ef', '02:81:31:95:5d:8f', '02:ff:7d:81:3a:5d']}
!!!!!!!!!!!!!!!!!!!!!!!!!!!!!!!!!!!!!!!!!!!!!!!!!!!!!!!!!!!!!!!!!!!!!!!!!!!!!!!!


================================================================================
STATISTICS after 10.0s
--------------------------------------------------------------------------------
total frames: 2885

by frame type:
  control: 1181
  management: 1047
  data: 657

by frame subtype:
  beacon: 1019
  rts: 462
  ack: 381
  qos_null: 343
  cts: 310
  null_data: 184
  data: 74
  qos_data: 56
  block_ack: 27
  probe_response: 14
  probe_request: 8
  action: 6
  cf_end: 1

unique SSIDs: 2
unique BSSIDs: 8
================================================================================

!!!!!!!!!!!!!!!!!!!!!!!!!!!!!!!!!!!!!!!!!!!!!!!!!!!!!!!!!!!!!!!!!!!!!!!!!!!!!!!!
[ALERT] ALERT-000004 | RTS_CTS_FLOOD_GLOBAL
severity: CRITICAL
time: 2026-05-16T16:05:32.619194
message: Wykryto możliwy RTS/CTS Flood: 224 ramek RTS oraz 321 ramek CTS w oknie 5s.
evidence: {'rts_count': 224, 'cts_count': 321, 'combined_count': 545, 'window_seconds': 5, 'rts_count_threshold': 100, 'cts_count_threshold': 100, 'combined_count_threshold': 150, 'triggered_reasons': ['high_rts_rate', 'high_cts_rate', 'high_combined_rts_cts_rate'], 'unique_source_count': 110, 'unique_destination_count': 105, 'sample_sources': ['02:28:5d:d0:09:9f', '02:fa:56:67:8f:1f', '02:d4:ff:5f:3e:c4', '02:b0:a9:c7:48:3e', '02:ee:10:55:4b:14', '02:27:c2:0f:f7:bc', '02:97:6e:f4:ff:42', '02:39:56:20:a0:b6', '02:76:30:78:6d:12', '02:0b:47:5c:c3:93'], 'sample_destinations': ['02:28:5d:d0:09:9f', '02:fa:56:67:8f:1f', '02:d4:ff:5f:3e:c4', '02:b0:a9:c7:48:3e', '02:ee:10:55:4b:14', '02:27:c2:0f:f7:bc', '02:97:6e:f4:ff:42', '02:39:56:20:a0:b6', '02:76:30:78:6d:12', '02:0b:47:5c:c3:93']}
!!!!!!!!!!!!!!!!!!!!!!!!!!!!!!!!!!!!!!!!!!!!!!!!!!!!!!!!!!!!!!!!!!!!!!!!!!!!!!!!


!!!!!!!!!!!!!!!!!!!!!!!!!!!!!!!!!!!!!!!!!!!!!!!!!!!!!!!!!!!!!!!!!!!!!!!!!!!!!!!!
[ALERT] ALERT-000005 | RTS_CTS_FLOOD_GLOBAL
severity: CRITICAL
time: 2026-05-16T16:05:37.629493
message: Wykryto możliwy RTS/CTS Flood: 232 ramek RTS oraz 333 ramek CTS w oknie 5s.
evidence: {'rts_count': 232, 'cts_count': 333, 'combined_count': 565, 'window_seconds': 5, 'rts_count_threshold': 100, 'cts_count_threshold': 100, 'combined_count_threshold': 150, 'triggered_reasons': ['high_rts_rate', 'high_cts_rate', 'high_combined_rts_cts_rate'], 'unique_source_count': 114, 'unique_destination_count': 109, 'sample_sources': ['02:bf:be:93:a8:aa', '02:a3:6d:5c:e1:6e', '02:ce:87:f7:7b:70', '02:f7:e9:df:33:8f', '02:01:be:cc:94:1c', '02:fe:46:3e:4b:6d', '02:ae:d2:21:d7:00', '02:af:45:c0:35:95', '02:0c:74:18:62:21', '02:71:e5:93:61:02'], 'sample_destinations': ['02:bf:be:93:a8:aa', '02:a3:6d:5c:e1:6e', '02:ce:87:f7:7b:70', '02:f7:e9:df:33:8f', '02:01:be:cc:94:1c', '02:fe:46:3e:4b:6d', '02:ae:d2:21:d7:00', '02:af:45:c0:35:95', '02:0c:74:18:62:21', '02:71:e5:93:61:02']}
!!!!!!!!!!!!!!!!!!!!!!!!!!!!!!!!!!!!!!!!!!!!!!!!!!!!!!!!!!!!!!!!!!!!!!!!!!!!!!!!


!!!!!!!!!!!!!!!!!!!!!!!!!!!!!!!!!!!!!!!!!!!!!!!!!!!!!!!!!!!!!!!!!!!!!!!!!!!!!!!!
[ALERT] ALERT-000006 | RTS_CTS_FLOOD_GLOBAL
severity: CRITICAL
time: 2026-05-16T16:05:42.635212
message: Wykryto możliwy RTS/CTS Flood: 219 ramek RTS oraz 306 ramek CTS w oknie 5s.
evidence: {'rts_count': 219, 'cts_count': 306, 'combined_count': 525, 'window_seconds': 5, 'rts_count_threshold': 100, 'cts_count_threshold': 100, 'combined_count_threshold': 150, 'triggered_reasons': ['high_rts_rate', 'high_cts_rate', 'high_combined_rts_cts_rate'], 'unique_source_count': 106, 'unique_destination_count': 99, 'sample_sources': ['02:2a:11:06:04:9b', '02:f3:c9:ff:bf:1c', '02:a1:97:79:73:86', '02:ba:ca:42:cc:1c', '02:79:3a:32:bf:4a', '02:e9:7d:5b:cc:c5', '02:e9:51:12:31:5e', '02:ea:63:78:c4:ea', '02:91:9d:c4:5c:19', '02:72:6d:e3:fd:60'], 'sample_destinations': ['02:2a:11:06:04:9b', '02:a1:97:79:73:86', '02:ba:ca:42:cc:1c', '02:79:3a:32:bf:4a', '02:e9:7d:5b:cc:c5', '02:e9:51:12:31:5e', '02:ea:63:78:c4:ea', '02:91:9d:c4:5c:19', '02:72:6d:e3:fd:60', '02:77:47:57:80:54']}
!!!!!!!!!!!!!!!!!!!!!!!!!!!!!!!!!!!!!!!!!!!!!!!!!!!!!!!!!!!!!!!!!!!!!!!!!!!!!!!!


!!!!!!!!!!!!!!!!!!!!!!!!!!!!!!!!!!!!!!!!!!!!!!!!!!!!!!!!!!!!!!!!!!!!!!!!!!!!!!!!
[ALERT] ALERT-000007 | RTS_CTS_FLOOD_GLOBAL
severity: CRITICAL
time: 2026-05-16T16:05:47.655303
message: Wykryto możliwy RTS/CTS Flood: 230 ramek RTS oraz 305 ramek CTS w oknie 5s.
evidence: {'rts_count': 230, 'cts_count': 305, 'combined_count': 535, 'window_seconds': 5, 'rts_count_threshold': 100, 'cts_count_threshold': 100, 'combined_count_threshold': 150, 'triggered_reasons': ['high_rts_rate', 'high_cts_rate', 'high_combined_rts_cts_rate'], 'unique_source_count': 107, 'unique_destination_count': 96, 'sample_sources': ['02:75:d7:38:6a:ba', '02:8e:f7:ef:b6:e4', '02:b8:fb:75:93:79', '02:34:e7:36:6d:92', '02:ff:14:6f:09:21', '02:35:8f:7b:c1:98', '02:5f:7b:03:e1:73', '02:0d:c2:92:fa:56', '02:f2:f9:25:2e:ad', '02:6d:ba:d1:f1:be'], 'sample_destinations': ['02:75:d7:38:6a:ba', '02:8e:f7:ef:b6:e4', '02:b8:fb:75:93:79', '02:34:e7:36:6d:92', '02:ff:14:6f:09:21', '02:35:8f:7b:c1:98', '02:5f:7b:03:e1:73', '02:f2:f9:25:2e:ad', '02:f0:51:ba:2d:00', '02:d7:64:4d:ed:85']}
!!!!!!!!!!!!!!!!!!!!!!!!!!!!!!!!!!!!!!!!!!!!!!!!!!!!!!!!!!!!!!!!!!!!!!!!!!!!!!!!


!!!!!!!!!!!!!!!!!!!!!!!!!!!!!!!!!!!!!!!!!!!!!!!!!!!!!!!!!!!!!!!!!!!!!!!!!!!!!!!!
[ALERT] ALERT-000008 | RTS_CTS_FLOOD_GLOBAL
severity: CRITICAL
time: 2026-05-16T16:05:52.667536
message: Wykryto możliwy RTS/CTS Flood: 229 ramek RTS oraz 331 ramek CTS w oknie 5s.
evidence: {'rts_count': 229, 'cts_count': 331, 'combined_count': 560, 'window_seconds': 5, 'rts_count_threshold': 100, 'cts_count_threshold': 100, 'combined_count_threshold': 150, 'triggered_reasons': ['high_rts_rate', 'high_cts_rate', 'high_combined_rts_cts_rate'], 'unique_source_count': 113, 'unique_destination_count': 111, 'sample_sources': ['02:05:c4:21:fe:7c', '02:ae:c2:7b:00:93', '02:ac:d3:5a:8c:4b', '02:21:bb:c8:4a:12', '02:97:3b:da:60:04', '02:ad:cd:7f:45:92', '02:dc:2f:65:ec:15', '02:84:e7:aa:b3:69', '02:d0:8d:d5:c2:50', '02:87:ec:1a:58:02'], 'sample_destinations': ['02:05:c4:21:fe:7c', '02:ae:c2:7b:00:93', '02:21:bb:c8:4a:12', '02:97:3b:da:60:04', '02:ad:cd:7f:45:92', '02:dc:2f:65:ec:15', '02:84:e7:aa:b3:69', '02:d0:8d:d5:c2:50', '02:87:ec:1a:58:02', '02:7c:b4:ad:ca:df']}
!!!!!!!!!!!!!!!!!!!!!!!!!!!!!!!!!!!!!!!!!!!!!!!!!!!!!!!!!!!!!!!!!!!!!!!!!!!!!!!!


!!!!!!!!!!!!!!!!!!!!!!!!!!!!!!!!!!!!!!!!!!!!!!!!!!!!!!!!!!!!!!!!!!!!!!!!!!!!!!!!
[ALERT] ALERT-000009 | RTS_CTS_FLOOD_GLOBAL
severity: CRITICAL
time: 2026-05-16T16:05:57.679202
message: Wykryto możliwy RTS/CTS Flood: 228 ramek RTS oraz 321 ramek CTS w oknie 5s.
evidence: {'rts_count': 228, 'cts_count': 321, 'combined_count': 549, 'window_seconds': 5, 'rts_count_threshold': 100, 'cts_count_threshold': 100, 'combined_count_threshold': 150, 'triggered_reasons': ['high_rts_rate', 'high_cts_rate', 'high_combined_rts_cts_rate'], 'unique_source_count': 110, 'unique_destination_count': 104, 'sample_sources': ['02:40:b2:b8:9a:3e', '02:d9:df:74:ab:b4', '02:9a:4a:2b:91:07', '02:6b:26:4e:c9:06', '02:02:63:08:af:75', '02:09:a0:e2:d8:d9', '02:14:a4:1a:da:4e', '02:c9:f9:d5:dc:a3', '02:e9:fc:a2:c8:f9', '02:0b:ea:35:64:c0'], 'sample_destinations': ['02:40:b2:b8:9a:3e', '02:d9:df:74:ab:b4', '02:9a:4a:2b:91:07', '02:6b:26:4e:c9:06', '02:02:63:08:af:75', '02:09:a0:e2:d8:d9', '02:14:a4:1a:da:4e', '02:c9:f9:d5:dc:a3', '02:e9:fc:a2:c8:f9', '02:0b:ea:35:64:c0']}
!!!!!!!!!!!!!!!!!!!!!!!!!!!!!!!!!!!!!!!!!!!!!!!!!!!!!!!!!!!!!!!!!!!!!!!!!!!!!!!!


!!!!!!!!!!!!!!!!!!!!!!!!!!!!!!!!!!!!!!!!!!!!!!!!!!!!!!!!!!!!!!!!!!!!!!!!!!!!!!!!
[ALERT] ALERT-000010 | RTS_CTS_FLOOD_GLOBAL
severity: CRITICAL
time: 2026-05-16T16:06:02.691251
message: Wykryto możliwy RTS/CTS Flood: 222 ramek RTS oraz 324 ramek CTS w oknie 5s.
evidence: {'rts_count': 222, 'cts_count': 324, 'combined_count': 546, 'window_seconds': 5, 'rts_count_threshold': 100, 'cts_count_threshold': 100, 'combined_count_threshold': 150, 'triggered_reasons': ['high_rts_rate', 'high_cts_rate', 'high_combined_rts_cts_rate'], 'unique_source_count': 111, 'unique_destination_count': 104, 'sample_sources': ['02:ca:20:3d:7c:1f', '02:e3:d1:e2:67:b6', '02:56:76:8a:0c:d7', '02:7f:05:a0:9d:5c', '02:ac:ba:e9:cf:af', '02:b5:3a:b9:93:28', '02:70:4a:2e:b0:94', '02:bb:b6:91:56:3e', '02:9d:4a:b8:79:e0', '02:f2:26:b0:83:87'], 'sample_destinations': ['02:ca:20:3d:7c:1f', '02:e3:d1:e2:67:b6', '02:56:76:8a:0c:d7', '02:7f:05:a0:9d:5c', '02:b5:3a:b9:93:28', '02:70:4a:2e:b0:94', '02:bb:b6:91:56:3e', '02:9d:4a:b8:79:e0', '02:f2:26:b0:83:87', '02:95:76:d0:29:41']}
!!!!!!!!!!!!!!!!!!!!!!!!!!!!!!!!!!!!!!!!!!!!!!!!!!!!!!!!!!!!!!!!!!!!!!!!!!!!!!!!


!!!!!!!!!!!!!!!!!!!!!!!!!!!!!!!!!!!!!!!!!!!!!!!!!!!!!!!!!!!!!!!!!!!!!!!!!!!!!!!!
[ALERT] ALERT-000011 | RTS_CTS_FLOOD_GLOBAL
severity: CRITICAL
time: 2026-05-16T16:06:07.707099
message: Wykryto możliwy RTS/CTS Flood: 204 ramek RTS oraz 298 ramek CTS w oknie 5s.
evidence: {'rts_count': 204, 'cts_count': 298, 'combined_count': 502, 'window_seconds': 5, 'rts_count_threshold': 100, 'cts_count_threshold': 100, 'combined_count_threshold': 150, 'triggered_reasons': ['high_rts_rate', 'high_cts_rate', 'high_combined_rts_cts_rate'], 'unique_source_count': 102, 'unique_destination_count': 100, 'sample_sources': ['02:62:1e:32:4d:5b', '02:a9:3d:9d:7a:0f', '02:64:50:28:ab:17', '02:99:85:a2:32:8a', '02:a3:c4:ca:c9:a3', '02:10:48:53:c0:78', '02:04:ce:13:8e:da', '02:63:b4:7e:20:8e', '02:df:c5:56:36:be', '02:ac:9b:a4:2b:5d'], 'sample_destinations': ['02:62:1e:32:4d:5b', '02:a9:3d:9d:7a:0f', '02:64:50:28:ab:17', '02:99:85:a2:32:8a', '02:a3:c4:ca:c9:a3', '02:10:48:53:c0:78', '02:04:ce:13:8e:da', '02:63:b4:7e:20:8e', '02:df:c5:56:36:be', '02:ac:9b:a4:2b:5d']}
!!!!!!!!!!!!!!!!!!!!!!!!!!!!!!!!!!!!!!!!!!!!!!!!!!!!!!!!!!!!!!!!!!!!!!!!!!!!!!!!


!!!!!!!!!!!!!!!!!!!!!!!!!!!!!!!!!!!!!!!!!!!!!!!!!!!!!!!!!!!!!!!!!!!!!!!!!!!!!!!!
[ALERT] ALERT-000012 | RTS_CTS_FLOOD_GLOBAL
severity: CRITICAL
time: 2026-05-16T16:06:12.727153
message: Wykryto możliwy RTS/CTS Flood: 224 ramek RTS oraz 326 ramek CTS w oknie 5s.
evidence: {'rts_count': 224, 'cts_count': 326, 'combined_count': 550, 'window_seconds': 5, 'rts_count_threshold': 100, 'cts_count_threshold': 100, 'combined_count_threshold': 150, 'triggered_reasons': ['high_rts_rate', 'high_cts_rate', 'high_combined_rts_cts_rate'], 'unique_source_count': 112, 'unique_destination_count': 108, 'sample_sources': ['02:57:22:80:74:4e', '02:6e:8f:af:b2:3f', '02:5d:dc:c5:5e:e4', '02:23:f5:76:a3:8a', '02:7b:b7:b4:e4:9a', '02:9f:2c:21:1b:9f', '02:bc:cd:45:b1:26', '02:24:8d:0f:89:95', '02:53:9d:46:73:d8', '02:af:7e:46:74:d1'], 'sample_destinations': ['02:57:22:80:74:4e', '02:6e:8f:af:b2:3f', '02:5d:dc:c5:5e:e4', '02:23:f5:76:a3:8a', '02:7b:b7:b4:e4:9a', '02:9f:2c:21:1b:9f', '02:bc:cd:45:b1:26', '02:24:8d:0f:89:95', '02:53:9d:46:73:d8', '02:af:7e:46:74:d1']}
!!!!!!!!!!!!!!!!!!!!!!!!!!!!!!!!!!!!!!!!!!!!!!!!!!!!!!!!!!!!!!!!!!!!!!!!!!!!!!!!


================================================================================
STATISTICS after 20.0s
--------------------------------------------------------------------------------
total frames: 8110

by frame type:
  control: 5835
  management: 1418
  data: 857

by frame subtype:
  cts: 2997
  rts: 2350
  beacon: 1384
  qos_null: 514
  ack: 459
  null_data: 192
  data: 93
  qos_data: 58
  block_ack: 28
  probe_response: 19
  probe_request: 9
  action: 6
  cf_end: 1

unique SSIDs: 2
unique BSSIDs: 8
================================================================================

!!!!!!!!!!!!!!!!!!!!!!!!!!!!!!!!!!!!!!!!!!!!!!!!!!!!!!!!!!!!!!!!!!!!!!!!!!!!!!!!
[ALERT] ALERT-000013 | RTS_CTS_FLOOD_GLOBAL
severity: CRITICAL
time: 2026-05-16T16:06:17.727206
message: Wykryto możliwy RTS/CTS Flood: 235 ramek RTS oraz 322 ramek CTS w oknie 5s.
evidence: {'rts_count': 235, 'cts_count': 322, 'combined_count': 557, 'window_seconds': 5, 'rts_count_threshold': 100, 'cts_count_threshold': 100, 'combined_count_threshold': 150, 'triggered_reasons': ['high_rts_rate', 'high_cts_rate', 'high_combined_rts_cts_rate'], 'unique_source_count': 111, 'unique_destination_count': 107, 'sample_sources': ['02:fd:fe:fe:98:c0', '02:83:64:e1:ce:8b', '02:b5:86:a0:b9:bf', '02:d9:81:96:dc:fc', '02:71:aa:cd:19:79', '02:e9:7e:91:25:3c', '02:a1:27:0a:74:92', '02:48:23:27:f8:14', '02:e4:8c:0f:2d:a6', '02:c2:7c:b4:ea:1f'], 'sample_destinations': ['02:fd:fe:fe:98:c0', '02:83:64:e1:ce:8b', '02:b5:86:a0:b9:bf', '02:d9:81:96:dc:fc', '02:71:aa:cd:19:79', '02:e9:7e:91:25:3c', '02:a1:27:0a:74:92', '02:48:23:27:f8:14', '02:e4:8c:0f:2d:a6', '02:c2:7c:b4:ea:1f']}
!!!!!!!!!!!!!!!!!!!!!!!!!!!!!!!!!!!!!!!!!!!!!!!!!!!!!!!!!!!!!!!!!!!!!!!!!!!!!!!!


!!!!!!!!!!!!!!!!!!!!!!!!!!!!!!!!!!!!!!!!!!!!!!!!!!!!!!!!!!!!!!!!!!!!!!!!!!!!!!!!
[ALERT] ALERT-000014 | RTS_CTS_FLOOD_GLOBAL
severity: CRITICAL
time: 2026-05-16T16:06:22.731192
message: Wykryto możliwy RTS/CTS Flood: 220 ramek RTS oraz 320 ramek CTS w oknie 5s.
evidence: {'rts_count': 220, 'cts_count': 320, 'combined_count': 540, 'window_seconds': 5, 'rts_count_threshold': 100, 'cts_count_threshold': 100, 'combined_count_threshold': 150, 'triggered_reasons': ['high_rts_rate', 'high_cts_rate', 'high_combined_rts_cts_rate'], 'unique_source_count': 110, 'unique_destination_count': 102, 'sample_sources': ['02:f5:c8:9a:84:ea', '02:26:ef:34:25:83', '02:53:db:be:0f:11', '02:22:fe:85:28:9b', '02:31:d5:f4:83:61', '02:c9:2f:89:45:c7', '02:09:73:8f:d1:54', '02:7d:a0:2a:28:6b', '02:f8:35:4e:1b:a0', '02:54:3f:57:5e:43'], 'sample_destinations': ['02:f5:c8:9a:84:ea', '02:26:ef:34:25:83', '02:53:db:be:0f:11', '02:22:fe:85:28:9b', '02:31:d5:f4:83:61', '02:c9:2f:89:45:c7', '02:09:73:8f:d1:54', '02:7d:a0:2a:28:6b', '02:f8:35:4e:1b:a0', '02:54:3f:57:5e:43']}
!!!!!!!!!!!!!!!!!!!!!!!!!!!!!!!!!!!!!!!!!!!!!!!!!!!!!!!!!!!!!!!!!!!!!!!!!!!!!!!!


================================================================================
STATISTICS after 30.0s
--------------------------------------------------------------------------------
total frames: 10439

by frame type:
  control: 7303
  management: 1923
  data: 1213

by frame subtype:
  cts: 3709
  rts: 2958
  beacon: 1837
  qos_null: 800
  ack: 602
  null_data: 200
  data: 151
  qos_data: 62
  probe_response: 54
  block_ack: 32
  probe_request: 25
  action: 7
  cf_end: 2

unique SSIDs: 2
unique BSSIDs: 8
================================================================================

!!!!!!!!!!!!!!!!!!!!!!!!!!!!!!!!!!!!!!!!!!!!!!!!!!!!!!!!!!!!!!!!!!!!!!!!!!!!!!!!
[ALERT] ALERT-000015 | RTS_FLOOD_SOURCE
severity: MEDIUM
time: 2026-05-16T16:07:05.715329
message: Wykryto możliwy RTS Flood z pojedynczego źródła: 50 ramek RTS z adresu ce:d0:54:70:b1:b3 w oknie 5s.
evidence: {'source_mac': 'ce:d0:54:70:b1:b3', 'rts_count': 50, 'unique_destination_count': 1, 'rts_per_source_threshold': 50, 'window_seconds': 5, 'sample_destinations': ['ac:84:c6:41:71:22']}
!!!!!!!!!!!!!!!!!!!!!!!!!!!!!!!!!!!!!!!!!!!!!!!!!!!!!!!!!!!!!!!!!!!!!!!!!!!!!!!!


!!!!!!!!!!!!!!!!!!!!!!!!!!!!!!!!!!!!!!!!!!!!!!!!!!!!!!!!!!!!!!!!!!!!!!!!!!!!!!!!
[ALERT] ALERT-000016 | RTS_CTS_FLOOD_GLOBAL
severity: MEDIUM
time: 2026-05-16T16:07:06.480841
message: Wykryto możliwy RTS/CTS Flood: 100 ramek RTS oraz 0 ramek CTS w oknie 5s.
evidence: {'rts_count': 100, 'cts_count': 0, 'combined_count': 100, 'window_seconds': 5, 'rts_count_threshold': 100, 'cts_count_threshold': 100, 'combined_count_threshold': 150, 'triggered_reasons': ['high_rts_rate'], 'unique_source_count': 1, 'unique_destination_count': 1, 'sample_sources': ['ce:d0:54:70:b1:b3'], 'sample_destinations': ['ac:84:c6:41:71:22']}
!!!!!!!!!!!!!!!!!!!!!!!!!!!!!!!!!!!!!!!!!!!!!!!!!!!!!!!!!!!!!!!!!!!!!!!!!!!!!!!!


!!!!!!!!!!!!!!!!!!!!!!!!!!!!!!!!!!!!!!!!!!!!!!!!!!!!!!!!!!!!!!!!!!!!!!!!!!!!!!!!
[ALERT] ALERT-000017 | RTS_FLOOD_SOURCE
severity: HIGH
time: 2026-05-16T16:07:10.722027
message: Wykryto możliwy RTS Flood z pojedynczego źródła: 123 ramek RTS z adresu ce:d0:54:70:b1:b3 w oknie 5s.
evidence: {'source_mac': 'ce:d0:54:70:b1:b3', 'rts_count': 123, 'unique_destination_count': 1, 'rts_per_source_threshold': 50, 'window_seconds': 5, 'sample_destinations': ['ac:84:c6:41:71:22']}
!!!!!!!!!!!!!!!!!!!!!!!!!!!!!!!!!!!!!!!!!!!!!!!!!!!!!!!!!!!!!!!!!!!!!!!!!!!!!!!!


================================================================================
STATISTICS after 40.0s
--------------------------------------------------------------------------------
total frames: 10822

by frame type:
  control: 7511
  management: 2030
  data: 1281

by frame subtype:
  cts: 3712
  rts: 3127
  beacon: 1941
  qos_null: 861
  ack: 635
  null_data: 202
  data: 154
  qos_data: 64
  probe_response: 55
  block_ack: 35
  probe_request: 27
  action: 7
  cf_end: 2

unique SSIDs: 2
unique BSSIDs: 8
================================================================================

================================================================================
STATISTICS after 50.0s
--------------------------------------------------------------------------------
total frames: 12183

by frame type:
  control: 7841
  management: 2695
  data: 1647

by frame subtype:
  cts: 3737
  rts: 3240
  beacon: 2547
  qos_null: 1172
  ack: 783
  null_data: 223
  data: 177
  probe_response: 96
  qos_data: 75
  probe_request: 44
  block_ack: 40
  block_ack_request: 36
  action: 8
  cf_end: 5

unique SSIDs: 3
unique BSSIDs: 9
================================================================================

================================================================================
DETECTION SUMMARY
--------------------------------------------------------------------------------
total alerts: 17

by attack type:
  RTS_CTS_FLOOD_GLOBAL: 13
  RTS_FLOOD_SOURCE: 4

by severity:
  CRITICAL: 11
  MEDIUM: 5
  HIGH: 1
================================================================================
