
================================================================================
STATISTICS after 10.0s
--------------------------------------------------------------------------------
total frames: 4492

by frame type:
  management: 2724
  control: 929
  data: 839

by frame subtype:
  beacon: 2545
  ack: 805
  null_data: 585
  data: 181
  probe_response: 105
  qos_data: 66
  probe_request: 63
  rts: 45
  cts: 43
  block_ack: 36
  action: 11
  qos_null: 7

unique SSIDs: 5
unique BSSIDs: 9
================================================================================

================================================================================
STATISTICS after 10.5s
--------------------------------------------------------------------------------
total frames: 4688

by frame type:
  management: 2853
  control: 963
  data: 872

by frame subtype:
  beacon: 2668
  ack: 838
  null_data: 613
  data: 186
  probe_response: 109
  qos_data: 66
  probe_request: 65
  rts: 45
  cts: 44
  block_ack: 36
  action: 11
  qos_null: 7

unique SSIDs: 5
unique BSSIDs: 9
================================================================================

================================================================================
DETECTION SUMMARY
--------------------------------------------------------------------------------
total alerts: 0

by attack type:
  none

by severity:
  none
================================================================================
