
!!!!!!!!!!!!!!!!!!!!!!!!!!!!!!!!!!!!!!!!!!!!!!!!!!!!!!!!!!!!!!!!!!!!!!!!!!!!!!!!
[ALERT] ALERT-000001 | BEACON_FLOOD
severity: MEDIUM
time: 2026-05-16T14:58:25.388657
message: Wykryto możliwy atak Beacon Flood: 100 ramek beacon, 2 unikalnych BSSID, 2 unikalnych SSID w oknie 10s.
evidence: {'beacon_count': 100, 'unique_bssid_count': 2, 'unique_ssid_count': 2, 'window_seconds': 10, 'beacon_count_threshold': 100, 'unique_bssid_threshold': 30, 'unique_ssid_threshold': 20, 'triggered_reasons': ['high_beacon_rate'], 'sample_ssids': ['TP-LINK_7122', 'FunBox2-8124'], 'sample_bssids': ['d8:d7:75:45:81:24', 'ac:84:c6:41:71:22']}
!!!!!!!!!!!!!!!!!!!!!!!!!!!!!!!!!!!!!!!!!!!!!!!!!!!!!!!!!!!!!!!!!!!!!!!!!!!!!!!!


!!!!!!!!!!!!!!!!!!!!!!!!!!!!!!!!!!!!!!!!!!!!!!!!!!!!!!!!!!!!!!!!!!!!!!!!!!!!!!!!
[ALERT] ALERT-000002 | BEACON_FLOOD
severity: MEDIUM
time: 2026-05-16T14:58:35.417757
message: Wykryto możliwy atak Beacon Flood: 101 ramek beacon, 2 unikalnych BSSID, 2 unikalnych SSID w oknie 10s.
evidence: {'beacon_count': 101, 'unique_bssid_count': 2, 'unique_ssid_count': 2, 'window_seconds': 10, 'beacon_count_threshold': 100, 'unique_bssid_threshold': 30, 'unique_ssid_threshold': 20, 'triggered_reasons': ['high_beacon_rate'], 'sample_ssids': ['TP-LINK_7122', 'FunBox2-8124'], 'sample_bssids': ['d8:d7:75:45:81:24', 'ac:84:c6:41:71:22']}
!!!!!!!!!!!!!!!!!!!!!!!!!!!!!!!!!!!!!!!!!!!!!!!!!!!!!!!!!!!!!!!!!!!!!!!!!!!!!!!!


!!!!!!!!!!!!!!!!!!!!!!!!!!!!!!!!!!!!!!!!!!!!!!!!!!!!!!!!!!!!!!!!!!!!!!!!!!!!!!!!
[ALERT] ALERT-000003 | BEACON_FLOOD
severity: MEDIUM
time: 2026-05-16T14:58:45.446851
message: Wykryto możliwy atak Beacon Flood: 103 ramek beacon, 2 unikalnych BSSID, 2 unikalnych SSID w oknie 10s.
evidence: {'beacon_count': 103, 'unique_bssid_count': 2, 'unique_ssid_count': 2, 'window_seconds': 10, 'beacon_count_threshold': 100, 'unique_bssid_threshold': 30, 'unique_ssid_threshold': 20, 'triggered_reasons': ['high_beacon_rate'], 'sample_ssids': ['TP-LINK_7122', 'FunBox2-8124'], 'sample_bssids': ['d8:d7:75:45:81:24', 'ac:84:c6:41:71:22']}
!!!!!!!!!!!!!!!!!!!!!!!!!!!!!!!!!!!!!!!!!!!!!!!!!!!!!!!!!!!!!!!!!!!!!!!!!!!!!!!!


================================================================================
STATISTICS after 10.0s
--------------------------------------------------------------------------------
total frames: 3814

by frame type:
  management: 2172
  data: 985
  control: 657

by frame subtype:
  beacon: 2073
  null_data: 648
  ack: 584
  qos_null: 160
  data: 139
  probe_response: 51
  qos_data: 38
  probe_request: 37
  rts: 28
  cts: 19
  block_ack: 14
  block_ack_request: 12
  action: 11

unique SSIDs: 3
unique BSSIDs: 11
================================================================================

!!!!!!!!!!!!!!!!!!!!!!!!!!!!!!!!!!!!!!!!!!!!!!!!!!!!!!!!!!!!!!!!!!!!!!!!!!!!!!!!
[ALERT] ALERT-000004 | BEACON_FLOOD
severity: MEDIUM
time: 2026-05-16T15:01:55.078476
message: Wykryto możliwy atak Beacon Flood: 100 ramek beacon, 2 unikalnych BSSID, 2 unikalnych SSID w oknie 10s.
evidence: {'beacon_count': 100, 'unique_bssid_count': 2, 'unique_ssid_count': 2, 'window_seconds': 10, 'beacon_count_threshold': 100, 'unique_bssid_threshold': 30, 'unique_ssid_threshold': 20, 'triggered_reasons': ['high_beacon_rate'], 'sample_ssids': ['TP-LINK_7122', 'FunBox2-8124'], 'sample_bssids': ['d8:d7:75:45:81:24', 'ac:84:c6:41:71:22']}
!!!!!!!!!!!!!!!!!!!!!!!!!!!!!!!!!!!!!!!!!!!!!!!!!!!!!!!!!!!!!!!!!!!!!!!!!!!!!!!!


!!!!!!!!!!!!!!!!!!!!!!!!!!!!!!!!!!!!!!!!!!!!!!!!!!!!!!!!!!!!!!!!!!!!!!!!!!!!!!!!
[ALERT] ALERT-000005 | BEACON_FLOOD
severity: MEDIUM
time: 2026-05-16T15:02:05.088042
message: Wykryto możliwy atak Beacon Flood: 109 ramek beacon, 2 unikalnych BSSID, 2 unikalnych SSID w oknie 10s.
evidence: {'beacon_count': 109, 'unique_bssid_count': 2, 'unique_ssid_count': 2, 'window_seconds': 10, 'beacon_count_threshold': 100, 'unique_bssid_threshold': 30, 'unique_ssid_threshold': 20, 'triggered_reasons': ['high_beacon_rate'], 'sample_ssids': ['TP-LINK_7122', 'FunBox2-8124'], 'sample_bssids': ['d8:d7:75:45:81:24', 'ac:84:c6:41:71:22']}
!!!!!!!!!!!!!!!!!!!!!!!!!!!!!!!!!!!!!!!!!!!!!!!!!!!!!!!!!!!!!!!!!!!!!!!!!!!!!!!!


!!!!!!!!!!!!!!!!!!!!!!!!!!!!!!!!!!!!!!!!!!!!!!!!!!!!!!!!!!!!!!!!!!!!!!!!!!!!!!!!
[ALERT] ALERT-000006 | BEACON_FLOOD
severity: MEDIUM
time: 2026-05-16T15:02:15.123656
message: Wykryto możliwy atak Beacon Flood: 106 ramek beacon, 2 unikalnych BSSID, 2 unikalnych SSID w oknie 10s.
evidence: {'beacon_count': 106, 'unique_bssid_count': 2, 'unique_ssid_count': 2, 'window_seconds': 10, 'beacon_count_threshold': 100, 'unique_bssid_threshold': 30, 'unique_ssid_threshold': 20, 'triggered_reasons': ['high_beacon_rate'], 'sample_ssids': ['TP-LINK_7122', 'FunBox2-8124'], 'sample_bssids': ['d8:d7:75:45:81:24', 'ac:84:c6:41:71:22']}
!!!!!!!!!!!!!!!!!!!!!!!!!!!!!!!!!!!!!!!!!!!!!!!!!!!!!!!!!!!!!!!!!!!!!!!!!!!!!!!!


!!!!!!!!!!!!!!!!!!!!!!!!!!!!!!!!!!!!!!!!!!!!!!!!!!!!!!!!!!!!!!!!!!!!!!!!!!!!!!!!
[ALERT] ALERT-000007 | BEACON_FLOOD
severity: MEDIUM
time: 2026-05-16T15:02:25.159214
message: Wykryto możliwy atak Beacon Flood: 112 ramek beacon, 2 unikalnych BSSID, 2 unikalnych SSID w oknie 10s.
evidence: {'beacon_count': 112, 'unique_bssid_count': 2, 'unique_ssid_count': 2, 'window_seconds': 10, 'beacon_count_threshold': 100, 'unique_bssid_threshold': 30, 'unique_ssid_threshold': 20, 'triggered_reasons': ['high_beacon_rate'], 'sample_ssids': ['TP-LINK_7122', 'FunBox2-8124'], 'sample_bssids': ['d8:d7:75:45:81:24', 'ac:84:c6:41:71:22']}
!!!!!!!!!!!!!!!!!!!!!!!!!!!!!!!!!!!!!!!!!!!!!!!!!!!!!!!!!!!!!!!!!!!!!!!!!!!!!!!!


================================================================================
STATISTICS after 16.3s
--------------------------------------------------------------------------------
total frames: 5085

by frame type:
  management: 2826
  data: 1415
  control: 844

by frame subtype:
  beacon: 2682
  null_data: 943
  ack: 757
  data: 175
  qos_null: 162
  qos_data: 135
  probe_response: 78
  probe_request: 52
  rts: 33
  cts: 24
  block_ack: 18
  action: 14
  block_ack_request: 12

unique SSIDs: 4
unique BSSIDs: 11
================================================================================

================================================================================
DETECTION SUMMARY
--------------------------------------------------------------------------------
total alerts: 7

by attack type:
  BEACON_FLOOD: 7

by severity:
  MEDIUM: 7
================================================================================
